Archive member included to satisfy reference by file (symbol)

app/libapp.a(main.c.obj)      (--whole-archive)
app/libapp.a(io.c.obj)        (--whole-archive)
app/libapp.a(flash_map_extended.c.obj)
                              (--whole-archive)
app/libapp.a(os.c.obj)        (--whole-archive)
app/libapp.a(keys.c.obj)      (--whole-archive)
app/libapp.a(image_validate.c.obj)
                              (--whole-archive)
app/libapp.a(tlv.c.obj)       (--whole-archive)
app/libapp.a(encrypted.c.obj)
                              (--whole-archive)
app/libapp.a(image_rsa.c.obj)
                              (--whole-archive)
app/libapp.a(image_ecdsa.c.obj)
                              (--whole-archive)
app/libapp.a(image_ed25519.c.obj)
                              (--whole-archive)
app/libapp.a(bootutil_misc.c.obj)
                              (--whole-archive)
app/libapp.a(fault_injection_hardening.c.obj)
                              (--whole-archive)
app/libapp.a(loader.c.obj)    (--whole-archive)
app/libapp.a(swap_misc.c.obj)
                              (--whole-archive)
app/libapp.a(swap_scratch.c.obj)
                              (--whole-archive)
app/libapp.a(swap_move.c.obj)
                              (--whole-archive)
app/libapp.a(caps.c.obj)      (--whole-archive)
app/libapp.a(autogen-pubkey.c.obj)
                              (--whole-archive)
app/libapp.a(arm_cleanup.c.obj)
                              (--whole-archive)
app/libapp.a(nrf_cleanup.c.obj)
                              (--whole-archive)
zephyr/libzephyr.a(heap.c.obj)
                              (--whole-archive)
zephyr/libzephyr.a(cbprintf_packaged.c.obj)
                              (--whole-archive)
zephyr/libzephyr.a(printk.c.obj)
                              (--whole-archive)
zephyr/libzephyr.a(sem.c.obj)
                              (--whole-archive)
zephyr/libzephyr.a(thread_entry.c.obj)
                              (--whole-archive)
zephyr/libzephyr.a(cbprintf_nano.c.obj)
                              (--whole-archive)
zephyr/libzephyr.a(cbprintf.c.obj)
                              (--whole-archive)
zephyr/libzephyr.a(assert.c.obj)
                              (--whole-archive)
zephyr/libzephyr.a(dec.c.obj)
                              (--whole-archive)
zephyr/libzephyr.a(hex.c.obj)
                              (--whole-archive)
zephyr/libzephyr.a(rb.c.obj)  (--whole-archive)
zephyr/libzephyr.a(timeutil.c.obj)
                              (--whole-archive)
zephyr/libzephyr.a(bitarray.c.obj)
                              (--whole-archive)
zephyr/libzephyr.a(onoff.c.obj)
                              (--whole-archive)
zephyr/libzephyr.a(notify.c.obj)
                              (--whole-archive)
zephyr/libzephyr.a(configs.c.obj)
                              (--whole-archive)
zephyr/libzephyr.a(log_minimal.c.obj)
                              (--whole-archive)
zephyr/libzephyr.a(mem_attr.c.obj)
                              (--whole-archive)
zephyr/libzephyr.a(flash_map.c.obj)
                              (--whole-archive)
zephyr/libzephyr.a(flash_map_layout.c.obj)
                              (--whole-archive)
zephyr/libzephyr.a(tracing_none.c.obj)
                              (--whole-archive)
zephyr/libzephyr.a(flash_util.c.obj)
                              (--whole-archive)
zephyr/libzephyr.a(banner.c.obj)
                              (--whole-archive)
zephyr/libzephyr.a(flash_map_partition_manager.c.obj)
                              (--whole-archive)
zephyr/arch/common/libarch__common.a(sw_isr_common.c.obj)
                              (--whole-archive)
zephyr/arch/arch/arm/core/libarch__arm__core.a(fatal.c.obj)
                              (--whole-archive)
zephyr/arch/arch/arm/core/libarch__arm__core.a(nmi.c.obj)
                              (--whole-archive)
zephyr/arch/arch/arm/core/libarch__arm__core.a(nmi_on_reset.S.obj)
                              (--whole-archive)
zephyr/arch/arch/arm/core/cortex_m/libarch__arm__core__cortex_m.a(exc_exit.c.obj)
                              (--whole-archive)
zephyr/arch/arch/arm/core/cortex_m/libarch__arm__core__cortex_m.a(fault.c.obj)
                              (--whole-archive)
zephyr/arch/arch/arm/core/cortex_m/libarch__arm__core__cortex_m.a(fault_s.S.obj)
                              (--whole-archive)
zephyr/arch/arch/arm/core/cortex_m/libarch__arm__core__cortex_m.a(fpu.c.obj)
                              (--whole-archive)
zephyr/arch/arch/arm/core/cortex_m/libarch__arm__core__cortex_m.a(reset.S.obj)
                              (--whole-archive)
zephyr/arch/arch/arm/core/cortex_m/libarch__arm__core__cortex_m.a(scb.c.obj)
                              (--whole-archive)
zephyr/arch/arch/arm/core/cortex_m/libarch__arm__core__cortex_m.a(thread_abort.c.obj)
                              (--whole-archive)
zephyr/arch/arch/arm/core/cortex_m/libarch__arm__core__cortex_m.a(vector_table.S.obj)
                              (--whole-archive)
[...]
Memory Configuration

Name             Origin             Length             Attributes
FLASH            0x0000000000000000 0x000000000000c000 xr
RAM              0x0000000020000000 0x0000000000020000 xw
IDT_LIST         0x00000000ffff7fff 0x0000000000008000 xw
*default*        0x0000000000000000 0xffffffffffffffff

Linker script and memory map

LOAD zephyr/CMakeFiles/zephyr_final.dir/misc/empty_file.c.obj
LOAD zephyr/CMakeFiles/zephyr_final.dir/isr_tables.c.obj
LOAD zephyr/CMakeFiles/offsets.dir/./arch/arm/core/offsets/offsets.c.obj
LOAD app/libapp.a
LOAD zephyr/libzephyr.a
LOAD zephyr/arch/common/libarch__common.a
LOAD zephyr/arch/arch/arm/core/libarch__arm__core.a
LOAD zephyr/arch/arch/arm/core/cortex_m/libarch__arm__core__cortex_m.a
LOAD zephyr/arch/arch/arm/core/mpu/libarch__arm__core__mpu.a
LOAD zephyr/lib/libc/minimal/liblib__libc__minimal.a
LOAD zephyr/lib/libc/common/liblib__libc__common.a
LOAD zephyr/soc/soc/nrf52833/libsoc__nordic.a
LOAD zephyr/drivers/clock_control/libdrivers__clock_control.a
LOAD zephyr/drivers/console/libdrivers__console.a
LOAD zephyr/drivers/flash/libdrivers__flash.a
LOAD zephyr/drivers/gpio/libdrivers__gpio.a
LOAD zephyr/drivers/pinctrl/libdrivers__pinctrl.a
LOAD zephyr/drivers/serial/libdrivers__serial.a
LOAD zephyr/drivers/spi/libdrivers__spi.a
LOAD zephyr/drivers/timer/libdrivers__timer.a
LOAD modules/nrf/lib/fprotect/lib..__nrf__lib__fprotect.a
LOAD modules/mcuboot/boot/bootutil/zephyr/libmcuboot_util.a
LOAD modules/mbedtls/libmbedTLSBase.a
LOAD modules/mbedtls/libmbedTLSCrypto.a
LOAD modules/mbedtls/libmbedTLSX509.a
LOAD modules/mbedtls/libmodules__mbedtls.a
LOAD modules/hal_nordic/nrfx/libmodules__hal_nordic__nrfx.a
LOAD modules/segger/libmodules__segger.a
LOAD zephyr/kernel/libkernel.a
LOAD zephyr/arch/common/libisr_tables.a
LOAD modules/mbedtls/libmbedTLSBase.a
LOAD modules/mbedtls/libmbedTLSCrypto.a
LOAD modules/mbedtls/libmbedTLSX509.a
LOAD c:/ncs/toolchains/b620d30767/opt/zephyr-sdk/arm-zephyr-eabi/bin/../lib/gcc/arm-zephyr-eabi/12.2.0/../../../../arm-zephyr-eabi/lib/thumb/v7e-m/nofp\libc.a
LOAD c:/ncs/toolchains/b620d30767/opt/zephyr-sdk/arm-zephyr-eabi/bin/../lib/gcc/arm-zephyr-eabi/12.2.0/thumb/v7e-m/nofp\libgcc.a
                0x0000000000000020                _region_min_align = 0x20

.rel.plt        0x0000000000000000        0x0
 *(SORT_BY_ALIGNMENT(.rel.plt))
                [!provide]                        PROVIDE (__rel_iplt_start = .)
 *(SORT_BY_ALIGNMENT(.rel.iplt))
 .rel.iplt      0x0000000000000000        0x0 zephyr/CMakeFiles/zephyr_final.dir/isr_tables.c.obj
                [!provide]                        PROVIDE (__rel_iplt_end = .)

.rela.plt       0x0000000000000000        0x0
 *(SORT_BY_ALIGNMENT(.rela.plt))
                [!provide]                        PROVIDE (__rela_iplt_start = .)
 *(SORT_BY_ALIGNMENT(.rela.iplt))
                [!provide]                        PROVIDE (__rela_iplt_end = .)

.rel.dyn
 *(SORT_BY_ALIGNMENT(.rel.*))

.rela.dyn
 *(SORT_BY_ALIGNMENT(.rela.*))

/DISCARD/
 *(SORT_BY_ALIGNMENT(.plt))

/DISCARD/
 *(SORT_BY_ALIGNMENT(.iplt))
                0x0000000000000000                __rom_region_start = 0x0

rom_start       0x0000000000000000      0x100
                0x0000000000000000                __rom_start_address = .
 FILL mask 0x00
                0x0000000000000000                . = (. + (0x0 - (. - __rom_start_address)))
                0x0000000000000000                . = ALIGN (0x4)
                0x0000000000000000                . = ALIGN (0x80)
                0x0000000000000000                . = ALIGN (0x100)
                0x0000000000000000                _vector_start = .
 *(SORT_BY_ALIGNMENT(.exc_vector_table))
 *(SORT_BY_ALIGNMENT(.exc_vector_table.*))
 .exc_vector_table._vector_table_section
                0x0000000000000000       0x40 zephyr/arch/arch/arm/core/cortex_m/libarch__arm__core__cortex_m.a(vector_table.S.obj)
                0x0000000000000000                _vector_table
 *(SORT_BY_ALIGNMENT(.vectors))
                0x0000000000000100                _vector_end = .
                0x0000000000000040                . = ALIGN (0x4)
 *(SORT_BY_ALIGNMENT(.gnu.linkonce.irq_vector_table*))
 .gnu.linkonce.irq_vector_table
                0x0000000000000040       0xc0 zephyr/CMakeFiles/zephyr_final.dir/isr_tables.c.obj
                0x0000000000000040                _irq_vector_table
                0x0000000000000100                _vector_end = .

text            0x0000000000000100     0x9c20
                0x0000000000000100                __text_region_start = .
 *(SORT_BY_ALIGNMENT(.text))
 .text          0x0000000000000100       0x30 c:/ncs/toolchains/b620d30767/opt/zephyr-sdk/arm-zephyr-eabi/bin/../lib/gcc/arm-zephyr-eabi/12.2.0/thumb/v7e-m/nofp\libgcc.a(_aeabi_uldivmod.o)
                0x0000000000000100                __aeabi_uldivmod
 .text          0x0000000000000130        0x4 c:/ncs/toolchains/b620d30767/opt/zephyr-sdk/arm-zephyr-eabi/bin/../lib/gcc/arm-zephyr-eabi/12.2.0/thumb/v7e-m/nofp\libgcc.a(_dvmd_tls.o)
                0x0000000000000130                __aeabi_idiv0
                0x0000000000000130                __aeabi_ldiv0
 .text          0x0000000000000134      0x2a0 c:/ncs/toolchains/b620d30767/opt/zephyr-sdk/arm-zephyr-eabi/bin/../lib/gcc/arm-zephyr-eabi/12.2.0/thumb/v7e-m/nofp\libgcc.a(_udivmoddi4.o)
                0x0000000000000134                __udivmoddi4
 *(SORT_BY_ALIGNMENT(.text.*))
 .text.main     0x00000000000003d4       0xe4 app/libapp.a(main.c.obj)
                0x00000000000003d4                main
 .text.io_led_init
                0x00000000000004b8       0x48 app/libapp.a(io.c.obj)
                0x00000000000004b8                io_led_init
 .text.flash_device_base
                0x0000000000000500       0x20 app/libapp.a(flash_map_extended.c.obj)
                0x0000000000000500                flash_device_base
 .text.flash_area_id_from_multi_image_slot
                0x0000000000000520       0x24 app/libapp.a(flash_map_extended.c.obj)
                0x0000000000000520                flash_area_id_from_multi_image_slot
 .text.os_heap_init
                0x0000000000000544       0x10 app/libapp.a(os.c.obj)
                0x0000000000000544                os_heap_init
 .text.bootutil_img_validate
                0x0000000000000554      0x218 app/libapp.a(image_validate.c.obj)
                0x0000000000000554                bootutil_img_validate
 .text.bootutil_verify_sig
                0x000000000000076c      0x1f8 app/libapp.a(image_rsa.c.obj)
                0x000000000000076c                bootutil_verify_sig
 .text.boot_status_entries
                0x0000000000000964       0x2c app/libapp.a(bootutil_misc.c.obj)
                0x0000000000000964                boot_status_entries
 .text.boot_find_status
                0x0000000000000990       0x48 app/libapp.a(bootutil_misc.c.obj)
                0x0000000000000990                boot_find_status
 .text.bootutil_max_image_size
                0x00000000000009d8       0x2c app/libapp.a(bootutil_misc.c.obj)
                0x00000000000009d8                bootutil_max_image_size
 .text.boot_validate_slot.isra.0
                0x0000000000000a04      0x108 app/libapp.a(loader.c.obj)
 .text.boot_swap_image.isra.0
                0x0000000000000b0c       0x88 app/libapp.a(loader.c.obj)
 .text.boot_copy_region
                0x0000000000000b94       0x84 app/libapp.a(loader.c.obj)
                0x0000000000000b94                boot_copy_region
 .text.context_boot_go
                0x0000000000000c18      0x290 app/libapp.a(loader.c.obj)
                0x0000000000000c18                context_boot_go
 .text.boot_go  0x0000000000000ea8       0x20 app/libapp.a(loader.c.obj)
                0x0000000000000ea8                boot_go
 .text.swap_set_copy_done
                0x0000000000000ec8       0x2c app/libapp.a(swap_misc.c.obj)
                0x0000000000000ec8                swap_set_copy_done
 .text.swap_set_image_ok
                0x0000000000000ef4       0x44 app/libapp.a(swap_misc.c.obj)
                0x0000000000000ef4                swap_set_image_ok
 .text.boot_read_image_header
                0x0000000000000f38       0xcc app/libapp.a(swap_move.c.obj)
                0x0000000000000f38                boot_read_image_header
 .text.swap_read_status_bytes
                0x0000000000001004       0xcc app/libapp.a(swap_move.c.obj)
                0x0000000000001004                swap_read_status_bytes
 .text.boot_slots_compatible
                0x00000000000010d0       0x78 app/libapp.a(swap_move.c.obj)
                0x00000000000010d0                boot_slots_compatible
 .text.swap_status_source
                0x0000000000001148       0xcc app/libapp.a(swap_move.c.obj)
                0x0000000000001148                swap_status_source
 .text.fixup_revert
                0x0000000000001214       0x98 app/libapp.a(swap_move.c.obj)
                0x0000000000001214                fixup_revert
 .text.swap_run
                0x00000000000012ac      0x1f0 app/libapp.a(swap_move.c.obj)
                0x00000000000012ac                swap_run
 .text.cleanup_arm_nvic
                0x000000000000149c       0x54 app/libapp.a(arm_cleanup.c.obj)
                0x000000000000149c                cleanup_arm_nvic
 .text.nrf_cleanup_peripheral
                0x00000000000014f0       0xa4 app/libapp.a(nrf_cleanup.c.obj)
                0x00000000000014f0                nrf_cleanup_peripheral
 .text.char_out
                0x0000000000001594        0xc zephyr/libzephyr.a(printk.c.obj)
 .text.__printk_hook_install
                0x00000000000015a0        0xc zephyr/libzephyr.a(printk.c.obj)
                0x00000000000015a0                __printk_hook_install
 .text.vprintk  0x00000000000015ac       0x1c zephyr/libzephyr.a(printk.c.obj)
                0x00000000000015ac                vprintk
 .text.z_cbvprintf_impl
                0x00000000000015c8      0x444 zephyr/libzephyr.a(cbprintf_nano.c.obj)
                0x00000000000015c8                z_cbvprintf_impl
 .text.process_event
                0x0000000000001a0c      0x21c zephyr/libzephyr.a(onoff.c.obj)
 .text.mem_attr_get_regions
                0x0000000000001c28        0xc zephyr/libzephyr.a(mem_attr.c.obj)
                0x0000000000001c28                mem_attr_get_regions
 .text.flash_area_open
                0x0000000000001c34       0x50 zephyr/libzephyr.a(flash_map.c.obj)
                0x0000000000001c34                flash_area_open
 .text.flash_area_get_sectors
                0x0000000000001c84       0x60 zephyr/libzephyr.a(flash_map_layout.c.obj)
                0x0000000000001c84                flash_area_get_sectors
 .text.boot_banner
                0x0000000000001ce4       0x24 zephyr/libzephyr.a(banner.c.obj)
                0x0000000000001ce4                boot_banner
 .text.z_arm_fatal_error
                0x0000000000001d08       0x70 zephyr/arch/arch/arm/core/libarch__arm__core.a(fatal.c.obj)
                0x0000000000001d08                z_arm_fatal_error
 .text.z_SysNmiOnReset
                0x0000000000001d78        0x8 zephyr/arch/arch/arm/core/libarch__arm__core.a(nmi_on_reset.S.obj)
                0x0000000000001d78                z_SysNmiOnReset
 .text._HandlerModeExit
                0x0000000000001d80       0x28 zephyr/arch/arch/arm/core/cortex_m/libarch__arm__core__cortex_m.a(exc_exit.c.obj)
                0x0000000000001d80                z_arm_int_exit
                0x0000000000001d80                z_arm_exc_exit
 .text.mem_manage_fault
                0x0000000000001da8      0x100 zephyr/arch/arch/arm/core/cortex_m/libarch__arm__core__cortex_m.a(fault.c.obj)
 .text.usage_fault.constprop.0
                0x0000000000001ea8       0xa4 zephyr/arch/arch/arm/core/cortex_m/libarch__arm__core__cortex_m.a(fault.c.obj)
 .text.bus_fault.constprop.0
                0x0000000000001f4c       0xc8 zephyr/arch/arch/arm/core/cortex_m/libarch__arm__core__cortex_m.a(fault.c.obj)
 .text.z_arm_fault
                0x0000000000002014      0x1a8 zephyr/arch/arch/arm/core/cortex_m/libarch__arm__core__cortex_m.a(fault.c.obj)
                0x0000000000002014                z_arm_fault
 .text.z_arm_fault_init
                0x00000000000021bc       0x18 zephyr/arch/arch/arm/core/cortex_m/libarch__arm__core__cortex_m.a(fault.c.obj)
                0x00000000000021bc                z_arm_fault_init
 .text.__fault  0x00000000000021d4       0x14 zephyr/arch/arch/arm/core/cortex_m/libarch__arm__core__cortex_m.a(fault_s.S.obj)
                0x00000000000021d4                z_arm_usage_fault
                0x00000000000021d4                z_arm_mpu_fault
                0x00000000000021d4                z_arm_exc_spurious
                0x00000000000021d4                z_arm_debug_monitor
                0x00000000000021d4                z_arm_hard_fault
                0x00000000000021d4                z_arm_bus_fault
 .text._reset_section
                0x00000000000021e8       0x54 zephyr/arch/arch/arm/core/cortex_m/libarch__arm__core__cortex_m.a(reset.S.obj)
                0x00000000000021e8                __start
                0x00000000000021e8                z_arm_reset
 .text.z_arm_clear_arm_mpu_config
                0x000000000000223c       0x24 zephyr/arch/arch/arm/core/cortex_m/libarch__arm__core__cortex_m.a(scb.c.obj)
                0x000000000000223c                z_arm_clear_arm_mpu_config
 .text.z_arm_init_arch_hw_at_boot
                0x0000000000002260       0x64 zephyr/arch/arch/arm/core/cortex_m/libarch__arm__core__cortex_m.a(scb.c.obj)
                0x0000000000002260                z_arm_init_arch_hw_at_boot
 .text.z_impl_k_thread_abort
                0x00000000000022c4       0x2c zephyr/arch/arch/arm/core/cortex_m/libarch__arm__core__cortex_m.a(thread_abort.c.obj)
                0x00000000000022c4                z_impl_k_thread_abort
 .text.arch_swap
                0x00000000000022f0       0x30 zephyr/arch/arch/arm/core/cortex_m/libarch__arm__core__cortex_m.a(swap.c.obj)
                0x00000000000022f0                arch_swap
 .text.z_arm_pendsv_c
                0x0000000000002320       0x40 zephyr/arch/arch/arm/core/cortex_m/libarch__arm__core__cortex_m.a(swap.c.obj)
                0x0000000000002320                z_arm_pendsv_c
 .text.z_arm_pendsv
                0x0000000000002360       0x34 zephyr/arch/arch/arm/core/cortex_m/libarch__arm__core__cortex_m.a(swap_helper.S.obj)
                0x0000000000002360                z_arm_pendsv
 .text.z_arm_svc
                0x0000000000002394       0x20 zephyr/arch/arch/arm/core/cortex_m/libarch__arm__core__cortex_m.a(swap_helper.S.obj)
                0x0000000000002394                z_arm_svc
 .text.arch_irq_enable
                0x00000000000023b4       0x1c zephyr/arch/arch/arm/core/cortex_m/libarch__arm__core__cortex_m.a(irq_manage.c.obj)
                0x00000000000023b4                arch_irq_enable
 .text.arch_irq_disable
                0x00000000000023d0       0x28 zephyr/arch/arch/arm/core/cortex_m/libarch__arm__core__cortex_m.a(irq_manage.c.obj)
                0x00000000000023d0                arch_irq_disable
 .text.arch_irq_is_enabled
                0x00000000000023f8       0x1c zephyr/arch/arch/arm/core/cortex_m/libarch__arm__core__cortex_m.a(irq_manage.c.obj)
                0x00000000000023f8                arch_irq_is_enabled
 .text.z_arm_irq_priority_set
                0x0000000000002414       0x30 zephyr/arch/arch/arm/core/cortex_m/libarch__arm__core__cortex_m.a(irq_manage.c.obj)
                0x0000000000002414                z_arm_irq_priority_set
 .text.z_prep_c
                0x0000000000002444       0x38 zephyr/arch/arch/arm/core/cortex_m/libarch__arm__core__cortex_m.a(prep_c.c.obj)
                0x0000000000002444                z_prep_c
 .text.arch_new_thread
                0x000000000000247c       0x38 zephyr/arch/arch/arm/core/cortex_m/libarch__arm__core__cortex_m.a(thread.c.obj)
                0x000000000000247c                arch_new_thread
 .text.z_check_thread_stack_fail
                0x00000000000024b4       0x2c zephyr/arch/arch/arm/core/cortex_m/libarch__arm__core__cortex_m.a(thread.c.obj)
                0x00000000000024b4                z_check_thread_stack_fail
 .text.arch_switch_to_main_thread
                0x00000000000024e0       0x3c zephyr/arch/arch/arm/core/cortex_m/libarch__arm__core__cortex_m.a(thread.c.obj)
                0x00000000000024e0                arch_switch_to_main_thread
 .text.z_arm_cpu_idle_init
                0x000000000000251c        0xc zephyr/arch/arch/arm/core/cortex_m/libarch__arm__core__cortex_m.a(cpu_idle.c.obj)
                0x000000000000251c                z_arm_cpu_idle_init
 .text.z_arm_interrupt_init
                0x0000000000002528       0x18 zephyr/arch/arch/arm/core/cortex_m/libarch__arm__core__cortex_m.a(irq_init.c.obj)
                0x0000000000002528                z_arm_interrupt_init
 .text._isr_wrapper
                0x0000000000002540       0x24 zephyr/arch/arch/arm/core/cortex_m/libarch__arm__core__cortex_m.a(isr_wrapper.c.obj)
                0x0000000000002540                _isr_wrapper
 .text.z_arm_configure_static_mpu_regions
                0x0000000000002564       0x18 zephyr/arch/arch/arm/core/mpu/libarch__arm__core__mpu.a(arm_core_mpu.c.obj)
                0x0000000000002564                z_arm_configure_static_mpu_regions
 .text.z_arm_configure_dynamic_mpu_regions
                0x000000000000257c       0x20 zephyr/arch/arch/arm/core/mpu/libarch__arm__core__mpu.a(arm_core_mpu.c.obj)
                0x000000000000257c                z_arm_configure_dynamic_mpu_regions
 .text.region_init
                0x000000000000259c       0x40 zephyr/arch/arch/arm/core/mpu/libarch__arm__core__mpu.a(arm_mpu.c.obj)
 .text.region_allocate_and_init
                0x00000000000025dc       0x48 zephyr/arch/arch/arm/core/mpu/libarch__arm__core__mpu.a(arm_mpu.c.obj)
 .text.mpu_configure_regions
                0x0000000000002624       0x80 zephyr/arch/arch/arm/core/mpu/libarch__arm__core__mpu.a(arm_mpu.c.obj)
 .text.arm_core_mpu_enable
                0x00000000000026a4       0x18 zephyr/arch/arch/arm/core/mpu/libarch__arm__core__mpu.a(arm_mpu.c.obj)
                0x00000000000026a4                arm_core_mpu_enable
 .text.arm_core_mpu_disable
                0x00000000000026bc       0x14 zephyr/arch/arch/arm/core/mpu/libarch__arm__core__mpu.a(arm_mpu.c.obj)
                0x00000000000026bc                arm_core_mpu_disable
 .text.arm_core_mpu_configure_static_mpu_regions
                0x00000000000026d0       0x14 zephyr/arch/arch/arm/core/mpu/libarch__arm__core__mpu.a(arm_mpu.c.obj)
                0x00000000000026d0                arm_core_mpu_configure_static_mpu_regions
 .text.arm_core_mpu_configure_dynamic_mpu_regions
                0x00000000000026e4       0x38 zephyr/arch/arch/arm/core/mpu/libarch__arm__core__mpu.a(arm_mpu.c.obj)
                0x00000000000026e4                arm_core_mpu_configure_dynamic_mpu_regions
 .text.z_arm_mpu_init
                0x000000000000271c      0x174 zephyr/arch/arch/arm/core/mpu/libarch__arm__core__mpu.a(arm_mpu.c.obj)
                0x000000000000271c                z_arm_mpu_init
 .text.__stdout_hook_install
                0x0000000000002890        0xc zephyr/lib/libc/minimal/liblib__libc__minimal.a(stdout_console.c.obj)
                0x0000000000002890                __stdout_hook_install
 .text.nordicsemi_nrf52_init
                0x000000000000289c       0x10 zephyr/soc/soc/nrf52833/libsoc__nordic.a(soc.c.obj)
 .text.arch_busy_wait
                0x00000000000028ac       0x14 zephyr/soc/soc/nrf52833/libsoc__nordic.a(soc.c.obj)
                0x00000000000028ac                arch_busy_wait
 .text.onoff_stop
                0x00000000000028c0       0x30 zephyr/drivers/clock_control/libdrivers__clock_control.a(clock_control_nrf.c.obj)
 .text.onoff_start
                0x00000000000028f0       0x44 zephyr/drivers/clock_control/libdrivers__clock_control.a(clock_control_nrf.c.obj)
 .text.generic_hfclk_stop
                0x0000000000002934       0x34 zephyr/drivers/clock_control/libdrivers__clock_control.a(clock_control_nrf.c.obj)
 .text.clk_init
                0x0000000000002968       0x58 zephyr/drivers/clock_control/libdrivers__clock_control.a(clock_control_nrf.c.obj)
 .text.api_blocking_start
                0x00000000000029c0       0x34 zephyr/drivers/clock_control/libdrivers__clock_control.a(clock_control_nrf.c.obj)
 .text.clkstarted_handle.constprop.0
                0x00000000000029f4       0x68 zephyr/drivers/clock_control/libdrivers__clock_control.a(clock_control_nrf.c.obj)
 .text.clock_event_handler
                0x0000000000002a5c       0x1c zephyr/drivers/clock_control/libdrivers__clock_control.a(clock_control_nrf.c.obj)
 .text.generic_hfclk_start
                0x0000000000002a78       0x78 zephyr/drivers/clock_control/libdrivers__clock_control.a(clock_control_nrf.c.obj)
 .text.z_nrf_clock_control_lf_on
                0x0000000000002af0       0xfc zephyr/drivers/clock_control/libdrivers__clock_control.a(clock_control_nrf.c.obj)
                0x0000000000002af0                z_nrf_clock_control_lf_on
 .text.uart_console_init
                0x0000000000002bec       0x28 zephyr/drivers/console/libdrivers__console.a(uart_console.c.obj)
 .text.console_out
                0x0000000000002c14       0x28 zephyr/drivers/console/libdrivers__console.a(uart_console.c.obj)
 .text.flash_nor_get_parameters
                0x0000000000002c3c        0x8 zephyr/drivers/flash/libdrivers__flash.a(spi_nor.c.obj)
 .text.spi_nor_erase
                0x0000000000002c44      0x128 zephyr/drivers/flash/libdrivers__flash.a(spi_nor.c.obj)
 .text.spi_nor_init
                0x0000000000002d6c      0x4c0 zephyr/drivers/flash/libdrivers__flash.a(spi_nor.c.obj)
 .text.flash_nrf_pages_layout
                0x000000000000322c       0x10 zephyr/drivers/flash/libdrivers__flash.a(soc_flash_nrf.c.obj)
 .text.flash_nrf_get_parameters
                0x000000000000323c        0x8 zephyr/drivers/flash/libdrivers__flash.a(soc_flash_nrf.c.obj)
 .text.flash_nrf_read
                0x0000000000003244       0x38 zephyr/drivers/flash/libdrivers__flash.a(soc_flash_nrf.c.obj)
 .text.nrf_flash_init
                0x000000000000327c       0x28 zephyr/drivers/flash/libdrivers__flash.a(soc_flash_nrf.c.obj)
 .text.flash_nrf_erase
                0x00000000000032a4       0x84 zephyr/drivers/flash/libdrivers__flash.a(soc_flash_nrf.c.obj)
 .text.flash_nrf_write
                0x0000000000003328       0x84 zephyr/drivers/flash/libdrivers__flash.a(soc_flash_nrf.c.obj)
 .text.jesd216_bfp_decode_dw16
                0x00000000000033ac       0x40 zephyr/drivers/flash/libdrivers__flash.a(jesd216.c.obj)
                0x00000000000033ac                jesd216_bfp_decode_dw16
 .text.gpio_nrfx_pin_interrupt_configure
                0x00000000000033ec      0x100 zephyr/drivers/gpio/libdrivers__gpio.a(gpio_nrfx.c.obj)
 .text.gpio_nrfx_init
                0x00000000000034ec       0x48 zephyr/drivers/gpio/libdrivers__gpio.a(gpio_nrfx.c.obj)
 .text.nrfx_gpio_handler
                0x0000000000003534       0x4c zephyr/drivers/gpio/libdrivers__gpio.a(gpio_nrfx.c.obj)
 .text.gpio_nrfx_pin_configure
                0x0000000000003580      0x18c zephyr/drivers/gpio/libdrivers__gpio.a(gpio_nrfx.c.obj)
 .text.nrf_gpio_pin_port_decode
                0x000000000000370c       0x20 zephyr/drivers/pinctrl/libdrivers__pinctrl.a(pinctrl_nrf.c.obj)
 .text.pinctrl_configure_pins
                0x000000000000372c      0x170 zephyr/drivers/pinctrl/libdrivers__pinctrl.a(pinctrl_nrf.c.obj)
                0x000000000000372c                pinctrl_configure_pins
 .text.uarte_nrfx_poll_out
                0x000000000000389c       0xb4 zephyr/drivers/serial/libdrivers__serial.a(uart_nrfx_uarte.c.obj)
 .text.uarte_0_init
                0x0000000000003950      0x118 zephyr/drivers/serial/libdrivers__serial.a(uart_nrfx_uarte.c.obj)
 .text.spi_nrfx_init
                0x0000000000003a68       0xe0 zephyr/drivers/spi/libdrivers__spi.a(spi_nrfx_spim.c.obj)
 .text.finish_transaction
                0x0000000000003b48       0x34 zephyr/drivers/spi/libdrivers__spi.a(spi_nrfx_spim.c.obj)
 .text.transfer_next_chunk
                0x0000000000003b7c       0xd0 zephyr/drivers/spi/libdrivers__spi.a(spi_nrfx_spim.c.obj)
 .text.event_handler
                0x0000000000003c4c       0xec zephyr/drivers/spi/libdrivers__spi.a(spi_nrfx_spim.c.obj)
 .text.spi_nrfx_transceive
                0x0000000000003d38      0x3fc zephyr/drivers/spi/libdrivers__spi.a(spi_nrfx_spim.c.obj)
 .text.nrf_gpio_cfg_input
                0x0000000000004134       0x40 zephyr/drivers/spi/libdrivers__spi.a(spi_nrfx_common.c.obj)
 .text.spi_nrfx_wake_init
                0x0000000000004174       0x60 zephyr/drivers/spi/libdrivers__spi.a(spi_nrfx_common.c.obj)
                0x0000000000004174                spi_nrfx_wake_init
 .text.compare_int_lock
                0x00000000000041d4       0x48 zephyr/drivers/timer/libdrivers__timer.a(nrf_rtc_timer.c.obj)
 .text.sys_clock_timeout_handler
                0x000000000000421c       0x48 zephyr/drivers/timer/libdrivers__timer.a(nrf_rtc_timer.c.obj)
 .text.compare_int_unlock
                0x0000000000004264       0x5c zephyr/drivers/timer/libdrivers__timer.a(nrf_rtc_timer.c.obj)
 .text.z_nrf_rtc_timer_read
                0x00000000000042c0       0x44 zephyr/drivers/timer/libdrivers__timer.a(nrf_rtc_timer.c.obj)
                0x00000000000042c0                z_nrf_rtc_timer_read
 .text.compare_set
                0x0000000000004304      0x130 zephyr/drivers/timer/libdrivers__timer.a(nrf_rtc_timer.c.obj)
 .text.sys_clock_driver_init
                0x0000000000004434       0x90 zephyr/drivers/timer/libdrivers__timer.a(nrf_rtc_timer.c.obj)
 .text.rtc_nrf_isr
                0x00000000000044c4       0xd4 zephyr/drivers/timer/libdrivers__timer.a(nrf_rtc_timer.c.obj)
                0x00000000000044c4                rtc_nrf_isr
 .text.sys_clock_set_timeout
                0x0000000000004598       0x5c zephyr/drivers/timer/libdrivers__timer.a(nrf_rtc_timer.c.obj)
                0x0000000000004598                sys_clock_set_timeout
 .text.sys_clock_elapsed
                0x00000000000045f4       0x14 zephyr/drivers/timer/libdrivers__timer.a(nrf_rtc_timer.c.obj)
                0x00000000000045f4                sys_clock_elapsed
 .text.sys_clock_disable
                0x0000000000004608       0x30 zephyr/drivers/timer/libdrivers__timer.a(nrf_rtc_timer.c.obj)
                0x0000000000004608                sys_clock_disable
 .text.find_free_region
                0x0000000000004638       0x3c modules/nrf/lib/fprotect/lib..__nrf__lib__fprotect.a(fprotect_acl.c.obj)
 .text.boot_write_magic
                0x0000000000004674       0x40 modules/mcuboot/boot/bootutil/zephyr/libmcuboot_util.a(bootutil_public.c.obj)
                0x0000000000004674                boot_write_magic
 .text.boot_read_swap_state
                0x00000000000046b4       0xac modules/mcuboot/boot/bootutil/zephyr/libmcuboot_util.a(bootutil_public.c.obj)
                0x00000000000046b4                boot_read_swap_state
 .text.boot_swap_type_multi
                0x0000000000004760      0x100 modules/mcuboot/boot/bootutil/zephyr/libmcuboot_util.a(bootutil_public.c.obj)
                0x0000000000004760                boot_swap_type_multi
 .text.mbedtls_ct_bool
                0x0000000000004860       0x18 modules/mbedtls/libmbedTLSBase.a(bignum_core.c.obj)
 .text.mbedtls_mpi_core_cond_assign
                0x0000000000004878       0x30 modules/mbedtls/libmbedTLSBase.a(bignum_core.c.obj)
                0x0000000000004878                mbedtls_mpi_core_cond_assign
 .text.mbedtls_mpi_core_exp_mod_optionally_safe
                0x00000000000048a8      0x1a0 modules/mbedtls/libmbedTLSBase.a(bignum_core.c.obj)
 .text.mbedtls_ct_mpi_sign_if
                0x0000000000004a48       0x1c modules/mbedtls/libmbedTLSBase.a(bignum.c.obj)
 .text.mbedtls_mpi_div_mpi
                0x0000000000004a64      0x334 modules/mbedtls/libmbedTLSBase.a(bignum.c.obj)
                0x0000000000004a64                mbedtls_mpi_div_mpi
 .text.mbedtls_ct_memcpy_if
                0x0000000000004d98       0x88 modules/mbedtls/libmbedTLSBase.a(constant_time.c.obj)
                0x0000000000004d98                mbedtls_ct_memcpy_if
 .text.mbedtls_md_info_from_type
                0x0000000000004e20       0x1c modules/mbedtls/libmbedTLSBase.a(md.c.obj)
                0x0000000000004e20                mbedtls_md_info_from_type
 .text.verify_header
                0x0000000000004e3c       0x40 modules/mbedtls/libmbedTLSBase.a(memory_buffer_alloc.c.obj)
 .text.verify_chain
                0x0000000000004e7c       0x3c modules/mbedtls/libmbedTLSBase.a(memory_buffer_alloc.c.obj)
 .text.buffer_alloc_calloc
                0x0000000000004eb8      0x114 modules/mbedtls/libmbedTLSBase.a(memory_buffer_alloc.c.obj)
 .text.buffer_alloc_free
                0x0000000000004fcc      0x124 modules/mbedtls/libmbedTLSBase.a(memory_buffer_alloc.c.obj)
 .text.mbedtls_memory_buffer_alloc_init
                0x00000000000050f0       0x68 modules/mbedtls/libmbedTLSBase.a(memory_buffer_alloc.c.obj)
                0x00000000000050f0                mbedtls_memory_buffer_alloc_init
 .text.mbedtls_platform_zeroize
                0x0000000000005158       0x18 modules/mbedtls/libmbedTLSBase.a(platform_util.c.obj)
                0x0000000000005158                mbedtls_platform_zeroize
 .text.mbedtls_calloc
                0x0000000000005170        0xc modules/mbedtls/libmbedTLSBase.a(platform.c.obj)
                0x0000000000005170                mbedtls_calloc
 .text.mbedtls_free
                0x000000000000517c        0xc modules/mbedtls/libmbedTLSBase.a(platform.c.obj)
                0x000000000000517c                mbedtls_free
 .text.mbedtls_platform_set_calloc_free
                0x0000000000005188       0x14 modules/mbedtls/libmbedTLSBase.a(platform.c.obj)
                0x0000000000005188                mbedtls_platform_set_calloc_free
 .text.rsa_check_context.constprop.0
                0x000000000000519c       0xb8 modules/mbedtls/libmbedTLSBase.a(rsa.c.obj)
 .text.mbedtls_rsa_set_padding
                0x0000000000005254       0x2c modules/mbedtls/libmbedTLSBase.a(rsa.c.obj)
                0x0000000000005254                mbedtls_rsa_set_padding
 .text.mbedtls_rsa_check_pubkey
                0x0000000000005280       0x4c modules/mbedtls/libmbedTLSBase.a(rsa.c.obj)
                0x0000000000005280                mbedtls_rsa_check_pubkey
 .text.mbedtls_rsa_public
                0x00000000000052cc       0x90 modules/mbedtls/libmbedTLSBase.a(rsa.c.obj)
                0x00000000000052cc                mbedtls_rsa_public
 .text.mbedtls_sha256_starts
                0x000000000000535c       0xc8 modules/mbedtls/libmbedTLSBase.a(sha256.c.obj)
                0x000000000000535c                mbedtls_sha256_starts
 .text.mbedtls_internal_sha256_process
                0x0000000000005424      0x130 modules/mbedtls/libmbedTLSBase.a(sha256.c.obj)
                0x0000000000005424                mbedtls_internal_sha256_process
 .text.nvmc_wait
                0x0000000000005554       0x10 modules/hal_nordic/nrfx/libmodules__hal_nordic__nrfx.a(system_nrf52833.c.obj)
                0x0000000000005554                nvmc_wait
 .text.SystemInit
                0x0000000000005564      0x14c modules/hal_nordic/nrfx/libmodules__hal_nordic__nrfx.a(system_nrf52833.c.obj)
                0x0000000000005564                SystemInit
 .text.nrfx_flag32_alloc
                0x00000000000056b0       0x48 modules/hal_nordic/nrfx/libmodules__hal_nordic__nrfx.a(nrfx_flag32_allocator.c.obj)
                0x00000000000056b0                nrfx_flag32_alloc
 .text.nrfx_flag32_free
                0x00000000000056f8       0x40 modules/hal_nordic/nrfx/libmodules__hal_nordic__nrfx.a(nrfx_flag32_allocator.c.obj)
                0x00000000000056f8                nrfx_flag32_free
 .text.nrfx_gppi_channels_enable
                0x0000000000005738        0xc modules/hal_nordic/nrfx/libmodules__hal_nordic__nrfx.a(nrfx_gppi_ppi.c.obj)
                0x0000000000005738                nrfx_gppi_channels_enable
 .text.nrfx_clock_init
                0x0000000000005744       0x20 modules/hal_nordic/nrfx/libmodules__hal_nordic__nrfx.a(nrfx_clock.c.obj)
                0x0000000000005744                nrfx_clock_init
 .text.nrfx_clock_enable
                0x0000000000005764       0x24 modules/hal_nordic/nrfx/libmodules__hal_nordic__nrfx.a(nrfx_clock.c.obj)
                0x0000000000005764                nrfx_clock_enable
 .text.nrfx_clock_start
                0x0000000000005788       0xa8 modules/hal_nordic/nrfx/libmodules__hal_nordic__nrfx.a(nrfx_clock.c.obj)
                0x0000000000005788                nrfx_clock_start
 .text.nrfx_power_clock_irq_handler
                0x0000000000005830       0x64 modules/hal_nordic/nrfx/libmodules__hal_nordic__nrfx.a(nrfx_clock.c.obj)
                0x0000000000005830                nrfx_power_clock_irq_handler
 .text.nrf_gpio_pin_port_decode
                0x0000000000005894       0x20 modules/hal_nordic/nrfx/libmodules__hal_nordic__nrfx.a(nrfx_gpiote.c.obj)
 .text.get_pin_idx
                0x00000000000058b4       0x14 modules/hal_nordic/nrfx/libmodules__hal_nordic__nrfx.a(nrfx_gpiote.c.obj)
 .text.call_handler.constprop.0
                0x00000000000058c8       0x40 modules/hal_nordic/nrfx/libmodules__hal_nordic__nrfx.a(nrfx_gpiote.c.obj)
 .text.pin_te_get.constprop.0
                0x0000000000005908       0x18 modules/hal_nordic/nrfx/libmodules__hal_nordic__nrfx.a(nrfx_gpiote.c.obj)
 .text.pin_is_output.constprop.0
                0x0000000000005920       0x18 modules/hal_nordic/nrfx/libmodules__hal_nordic__nrfx.a(nrfx_gpiote.c.obj)
 .text.pin_in_use_by_te.constprop.0
                0x0000000000005938       0x18 modules/hal_nordic/nrfx/libmodules__hal_nordic__nrfx.a(nrfx_gpiote.c.obj)
 .text.latch_pending_read_and_check
                0x0000000000005950       0x40 modules/hal_nordic/nrfx/libmodules__hal_nordic__nrfx.a(nrfx_gpiote.c.obj)
 .text.release_handler.isra.0
                0x0000000000005990       0x58 modules/hal_nordic/nrfx/libmodules__hal_nordic__nrfx.a(nrfx_gpiote.c.obj)
 .text.__nrfy_internal_gpiote_events_process.constprop.0
                0x00000000000059e8       0x5c modules/hal_nordic/nrfx/libmodules__hal_nordic__nrfx.a(nrfx_gpiote.c.obj)
 .text.pin_uninit
                0x0000000000005a44       0x80 modules/hal_nordic/nrfx/libmodules__hal_nordic__nrfx.a(nrfx_gpiote.c.obj)
 .text.nrfx_gpiote_input_configure
                0x0000000000005ac4      0x174 modules/hal_nordic/nrfx/libmodules__hal_nordic__nrfx.a(nrfx_gpiote.c.obj)
                0x0000000000005ac4                nrfx_gpiote_input_configure
 .text.nrfx_gpiote_output_configure
                0x0000000000005c38       0xfc modules/hal_nordic/nrfx/libmodules__hal_nordic__nrfx.a(nrfx_gpiote.c.obj)
                0x0000000000005c38                nrfx_gpiote_output_configure
 .text.nrfx_gpiote_global_callback_set
                0x0000000000005d34        0xc modules/hal_nordic/nrfx/libmodules__hal_nordic__nrfx.a(nrfx_gpiote.c.obj)
                0x0000000000005d34                nrfx_gpiote_global_callback_set
 .text.nrfx_gpiote_channel_get
                0x0000000000005d40       0x34 modules/hal_nordic/nrfx/libmodules__hal_nordic__nrfx.a(nrfx_gpiote.c.obj)
                0x0000000000005d40                nrfx_gpiote_channel_get
 .text.nrfx_gpiote_init
                0x0000000000005d74       0x68 modules/hal_nordic/nrfx/libmodules__hal_nordic__nrfx.a(nrfx_gpiote.c.obj)
                0x0000000000005d74                nrfx_gpiote_init
 .text.nrfx_gpiote_init_check
                0x0000000000005ddc       0x14 modules/hal_nordic/nrfx/libmodules__hal_nordic__nrfx.a(nrfx_gpiote.c.obj)
                0x0000000000005ddc                nrfx_gpiote_init_check
 .text.nrfx_gpiote_channel_free
                0x0000000000005df0        0xc modules/hal_nordic/nrfx/libmodules__hal_nordic__nrfx.a(nrfx_gpiote.c.obj)
                0x0000000000005df0                nrfx_gpiote_channel_free
 .text.nrfx_gpiote_channel_alloc
                0x0000000000005dfc        0xc modules/hal_nordic/nrfx/libmodules__hal_nordic__nrfx.a(nrfx_gpiote.c.obj)
                0x0000000000005dfc                nrfx_gpiote_channel_alloc
 .text.nrfx_gpiote_trigger_enable
                0x0000000000005e08       0xb0 modules/hal_nordic/nrfx/libmodules__hal_nordic__nrfx.a(nrfx_gpiote.c.obj)
                0x0000000000005e08                nrfx_gpiote_trigger_enable
 .text.nrfx_gpiote_0_irq_handler
                0x0000000000005eb8      0x1bc modules/hal_nordic/nrfx/libmodules__hal_nordic__nrfx.a(nrfx_gpiote.c.obj)
                0x0000000000005eb8                nrfx_gpiote_0_irq_handler
 .text.nvmc_word_write
                0x0000000000006074       0x18 modules/hal_nordic/nrfx/libmodules__hal_nordic__nrfx.a(nrfx_nvmc.c.obj)
 .text.nrfx_nvmc_page_erase
                0x000000000000608c       0x40 modules/hal_nordic/nrfx/libmodules__hal_nordic__nrfx.a(nrfx_nvmc.c.obj)
                0x000000000000608c                nrfx_nvmc_page_erase
 .text.nrfx_nvmc_word_write
                0x00000000000060cc       0x1c modules/hal_nordic/nrfx/libmodules__hal_nordic__nrfx.a(nrfx_nvmc.c.obj)
                0x00000000000060cc                nrfx_nvmc_word_write
 .text.nrfx_ppi_channel_alloc
                0x00000000000060e8        0xc modules/hal_nordic/nrfx/libmodules__hal_nordic__nrfx.a(nrfx_ppi.c.obj)
                0x00000000000060e8                nrfx_ppi_channel_alloc
 .text.nrf_gpio_pin_port_decode
                0x00000000000060f4       0x20 modules/hal_nordic/nrfx/libmodules__hal_nordic__nrfx.a(nrfx_spim.c.obj)
 .text.pin_init
                0x0000000000006114       0x50 modules/hal_nordic/nrfx/libmodules__hal_nordic__nrfx.a(nrfx_spim.c.obj)
 .text.spim_configuration_verify
                0x0000000000006164       0x94 modules/hal_nordic/nrfx/libmodules__hal_nordic__nrfx.a(nrfx_spim.c.obj)
 .text.spim_configure
                0x00000000000061f8      0x248 modules/hal_nordic/nrfx/libmodules__hal_nordic__nrfx.a(nrfx_spim.c.obj)
 .text.spim_pin_uninit
                0x0000000000006440       0x30 modules/hal_nordic/nrfx/libmodules__hal_nordic__nrfx.a(nrfx_spim.c.obj)
 .text.nrfx_spim_init
                0x0000000000006470       0x68 modules/hal_nordic/nrfx/libmodules__hal_nordic__nrfx.a(nrfx_spim.c.obj)
                0x0000000000006470                nrfx_spim_init
 .text.nrfx_spim_uninit
                0x00000000000064d8       0x90 modules/hal_nordic/nrfx/libmodules__hal_nordic__nrfx.a(nrfx_spim.c.obj)
                0x00000000000064d8                nrfx_spim_uninit
 .text.nrfx_spim_xfer
                0x0000000000006568      0x16c modules/hal_nordic/nrfx/libmodules__hal_nordic__nrfx.a(nrfx_spim.c.obj)
                0x0000000000006568                nrfx_spim_xfer
 .text.nrfx_spim_1_irq_handler
                0x00000000000066d4       0x10 modules/hal_nordic/nrfx/libmodules__hal_nordic__nrfx.a(nrfx_spim.c.obj)
                0x00000000000066d4                nrfx_spim_1_irq_handler
 .text.nrfx_spim_3_irq_handler
                0x00000000000066e4       0x10 modules/hal_nordic/nrfx/libmodules__hal_nordic__nrfx.a(nrfx_spim.c.obj)
                0x00000000000066e4                nrfx_spim_3_irq_handler
 .text._DoInit  0x00000000000066f4       0x68 modules/segger/libmodules__segger.a(SEGGER_RTT.c.obj)
 .text.k_sys_fatal_error_handler
                0x000000000000675c       0x18 zephyr/kernel/libkernel.a(fatal.c.obj)
                0x000000000000675c                k_sys_fatal_error_handler
 .text.z_fatal_error
                0x0000000000006774       0x9c zephyr/kernel/libkernel.a(fatal.c.obj)
                0x0000000000006774                z_fatal_error
 .text.z_sys_init_run_level
                0x0000000000006810       0x2c zephyr/kernel/libkernel.a(init.c.obj)
 .text.bg_thread_main
                0x000000000000683c       0xc4 zephyr/kernel/libkernel.a(init.c.obj)
 .text.z_bss_zero
                0x0000000000006900       0x18 zephyr/kernel/libkernel.a(init.c.obj)
                0x0000000000006900                z_bss_zero
 .text.z_init_cpu
                0x0000000000006918       0x70 zephyr/kernel/libkernel.a(init.c.obj)
                0x0000000000006918                z_init_cpu
 .text.z_cstart
                0x0000000000006988       0xdc zephyr/kernel/libkernel.a(init.c.obj)
                0x0000000000006988                z_cstart
 .text.z_impl_k_sem_give
                0x0000000000006a64       0x48 zephyr/kernel/libkernel.a(sem.c.obj)
                0x0000000000006a64                z_impl_k_sem_give
 .text.z_impl_k_sem_take
                0x0000000000006aac       0x4c zephyr/kernel/libkernel.a(sem.c.obj)
                0x0000000000006aac                z_impl_k_sem_take
 .text.z_impl_k_sem_reset
                0x0000000000006af8       0x38 zephyr/kernel/libkernel.a(sem.c.obj)
                0x0000000000006af8                z_impl_k_sem_reset
 .text.z_setup_new_thread
                0x0000000000006b30       0xa0 zephyr/kernel/libkernel.a(thread.c.obj)
                0x0000000000006b30                z_setup_new_thread
 .text.update_cache
                0x0000000000006bd0       0x3c zephyr/kernel/libkernel.a(sched.c.obj)
 .text.unready_thread
                0x0000000000006c0c       0x30 zephyr/kernel/libkernel.a(sched.c.obj)
 .text.ready_thread
                0x0000000000006c3c       0x68 zephyr/kernel/libkernel.a(sched.c.obj)
 .text.z_thread_halt
                0x0000000000006ca4       0xdc zephyr/kernel/libkernel.a(sched.c.obj)
 .text.move_thread_to_end_of_prio_q
                0x0000000000006d80       0x74 zephyr/kernel/libkernel.a(sched.c.obj)
                0x0000000000006d80                move_thread_to_end_of_prio_q
 .text.z_pend_curr
                0x0000000000006df4       0x58 zephyr/kernel/libkernel.a(sched.c.obj)
                0x0000000000006df4                z_pend_curr
 .text.z_reschedule
                0x0000000000006e4c       0x24 zephyr/kernel/libkernel.a(sched.c.obj)
                0x0000000000006e4c                z_reschedule
 .text.z_sched_start
                0x0000000000006e70       0x3c zephyr/kernel/libkernel.a(sched.c.obj)
                0x0000000000006e70                z_sched_start
 .text.z_reschedule_irqlock
                0x0000000000006eac       0x28 zephyr/kernel/libkernel.a(sched.c.obj)
                0x0000000000006eac                z_reschedule_irqlock
 .text.k_sched_lock
                0x0000000000006ed4       0x28 zephyr/kernel/libkernel.a(sched.c.obj)
                0x0000000000006ed4                k_sched_lock
 .text.k_sched_unlock
                0x0000000000006efc       0x50 zephyr/kernel/libkernel.a(sched.c.obj)
                0x0000000000006efc                k_sched_unlock
 .text.z_sched_init
                0x0000000000006f4c       0x10 zephyr/kernel/libkernel.a(sched.c.obj)
                0x0000000000006f4c                z_sched_init
 .text.z_impl_k_yield
                0x0000000000006f5c       0x7c zephyr/kernel/libkernel.a(sched.c.obj)
                0x0000000000006f5c                z_impl_k_yield
 .text.z_tick_sleep
                0x0000000000006fd8       0x98 zephyr/kernel/libkernel.a(sched.c.obj)
 .text.z_impl_k_sleep
                0x0000000000007070       0x3c zephyr/kernel/libkernel.a(sched.c.obj)
                0x0000000000007070                z_impl_k_sleep
 .text.z_impl_k_sched_current_thread_query
                0x00000000000070ac        0xc zephyr/kernel/libkernel.a(sched.c.obj)
                0x00000000000070ac                z_impl_k_sched_current_thread_query
 .text.slice_timeout
                0x00000000000070b8       0x20 zephyr/kernel/libkernel.a(timeslicing.c.obj)
 .text.thread_is_sliceable
                0x00000000000070d8       0x3c zephyr/kernel/libkernel.a(timeslicing.c.obj)
                0x00000000000070d8                thread_is_sliceable
 .text.z_reset_time_slice
                0x0000000000007114       0x50 zephyr/kernel/libkernel.a(timeslicing.c.obj)
                0x0000000000007114                z_reset_time_slice
 .text.z_time_slice
                0x0000000000007164       0x60 zephyr/kernel/libkernel.a(timeslicing.c.obj)
                0x0000000000007164                z_time_slice
 .text.z_data_copy
                0x00000000000071c4       0x34 zephyr/kernel/libkernel.a(xip.c.obj)
                0x00000000000071c4                z_data_copy
 .text.elapsed  0x00000000000071f8       0x14 zephyr/kernel/libkernel.a(timeout.c.obj)
 .text.remove_timeout
                0x000000000000720c       0x38 zephyr/kernel/libkernel.a(timeout.c.obj)
 .text.next_timeout
                0x0000000000007244       0x40 zephyr/kernel/libkernel.a(timeout.c.obj)
 .text.z_add_timeout
                0x0000000000007284       0xf4 zephyr/kernel/libkernel.a(timeout.c.obj)
                0x0000000000007284                z_add_timeout
 .text.sys_clock_announce
                0x0000000000007378       0xd0 zephyr/kernel/libkernel.a(timeout.c.obj)
                0x0000000000007378                sys_clock_announce
 .text.sys_clock_tick_get
                0x0000000000007448       0x30 zephyr/kernel/libkernel.a(timeout.c.obj)
                0x0000000000007448                sys_clock_tick_get
 .text._OffsetAbsSyms
                0x0000000000007478        0x2 zephyr/CMakeFiles/offsets.dir/./arch/arm/core/offsets/offsets.c.obj
                0x0000000000007478                _OffsetAbsSyms
 .text.gpio_pin_set.isra.0
                0x000000000000747a       0x20 app/libapp.a(io.c.obj)
 .text.flash_area_get_device_id
                0x000000000000749a        0x4 app/libapp.a(flash_map_extended.c.obj)
                0x000000000000749a                flash_area_get_device_id
 .text.flash_area_get_sector
                0x000000000000749e       0x32 app/libapp.a(flash_map_extended.c.obj)
                0x000000000000749e                flash_area_get_sector
 .text.bootutil_tlv_iter_begin
                0x00000000000074d0       0x9c app/libapp.a(tlv.c.obj)
                0x00000000000074d0                bootutil_tlv_iter_begin
 .text.bootutil_tlv_iter_next
                0x000000000000756c       0x98 app/libapp.a(tlv.c.obj)
                0x000000000000756c                bootutil_tlv_iter_next
 .text.bootutil_tlv_iter_is_prot
                0x0000000000007604       0x1c app/libapp.a(tlv.c.obj)
                0x0000000000007604                bootutil_tlv_iter_is_prot
 .text.boot_fih_memequal
                0x0000000000007620        0x4 app/libapp.a(bootutil_misc.c.obj)
                0x0000000000007620                boot_fih_memequal
 .text.boot_trailer_sz
                0x0000000000007624        0xa app/libapp.a(bootutil_misc.c.obj)
                0x0000000000007624                boot_trailer_sz
 .text.boot_status_off
                0x000000000000762e       0x16 app/libapp.a(bootutil_misc.c.obj)
                0x000000000000762e                boot_status_off
 .text.boot_read_swap_size
                0x0000000000007644       0x1c app/libapp.a(bootutil_misc.c.obj)
                0x0000000000007644                boot_read_swap_size
 .text.boot_write_swap_size
                0x0000000000007660       0x1e app/libapp.a(bootutil_misc.c.obj)
                0x0000000000007660                boot_write_swap_size
 .text.boot_read_image_headers
                0x000000000000767e       0x2c app/libapp.a(loader.c.obj)
 .text.boot_read_image_size.constprop.0.isra.0
                0x00000000000076aa       0x82 app/libapp.a(loader.c.obj)
 .text.boot_read_sectors
                0x000000000000772c       0x44 app/libapp.a(loader.c.obj)
 .text.boot_status_reset
                0x0000000000007770       0x12 app/libapp.a(loader.c.obj)
                0x0000000000007770                boot_status_reset
 .text.boot_status_is_reset
                0x0000000000007782       0x1a app/libapp.a(loader.c.obj)
                0x0000000000007782                boot_status_is_reset
 .text.boot_write_status
                0x000000000000779c       0x64 app/libapp.a(loader.c.obj)
                0x000000000000779c                boot_write_status
 .text.boot_erase_region
                0x0000000000007800        0x4 app/libapp.a(loader.c.obj)
                0x0000000000007800                boot_erase_region
 .text.swap_erase_trailer_sectors
                0x0000000000007804       0x6c app/libapp.a(swap_misc.c.obj)
                0x0000000000007804                swap_erase_trailer_sectors
 .text.swap_status_init
                0x0000000000007870       0x3e app/libapp.a(swap_misc.c.obj)
                0x0000000000007870                swap_status_init
 .text.swap_read_status
                0x00000000000078ae       0x7a app/libapp.a(swap_misc.c.obj)
                0x00000000000078ae                swap_read_status
 .text.app_max_sectors
                0x0000000000007928       0x22 app/libapp.a(swap_move.c.obj)
 .text.find_last_idx
                0x000000000000794a       0x14 app/libapp.a(swap_move.c.obj)
                0x000000000000794a                find_last_idx
 .text.boot_status_internal_off
                0x000000000000795e       0x26 app/libapp.a(swap_move.c.obj)
                0x000000000000795e                boot_status_internal_off
 .text.arch_printk_char_out
                0x0000000000007984        0x4 zephyr/libzephyr.a(printk.c.obj)
                0x0000000000007984                arch_printk_char_out
 .text.printk   0x0000000000007988       0x1a zephyr/libzephyr.a(printk.c.obj)
                0x0000000000007988                printk
 .text.z_thread_entry
                0x00000000000079a2       0x14 zephyr/libzephyr.a(thread_entry.c.obj)
                0x00000000000079a2                z_thread_entry
 .text.process_recheck
                0x00000000000079b6       0x38 zephyr/libzephyr.a(onoff.c.obj)
 .text.validate_args
                0x00000000000079ee       0x20 zephyr/libzephyr.a(onoff.c.obj)
 .text.notify_one
                0x0000000000007a0e       0x2c zephyr/libzephyr.a(onoff.c.obj)
 .text.transition_complete
                0x0000000000007a3a       0x1a zephyr/libzephyr.a(onoff.c.obj)
 .text.onoff_manager_init
                0x0000000000007a54       0x26 zephyr/libzephyr.a(onoff.c.obj)
                0x0000000000007a54                onoff_manager_init
 .text.onoff_request
                0x0000000000007a7a       0xae zephyr/libzephyr.a(onoff.c.obj)
                0x0000000000007a7a                onoff_request
 .text.sys_notify_validate
                0x0000000000007b28       0x22 zephyr/libzephyr.a(notify.c.obj)
                0x0000000000007b28                sys_notify_validate
 .text.sys_notify_finalize
                0x0000000000007b4a       0x1a zephyr/libzephyr.a(notify.c.obj)
                0x0000000000007b4a                sys_notify_finalize
 .text._ConfigAbsSyms
                0x0000000000007b64        0x2 zephyr/libzephyr.a(configs.c.obj)
                0x0000000000007b64                _ConfigAbsSyms
 .text.z_log_minimal_printk
                0x0000000000007b66       0x1a zephyr/libzephyr.a(log_minimal.c.obj)
                0x0000000000007b66                z_log_minimal_printk
 .text.flash_area_close
                0x0000000000007b80        0x2 zephyr/libzephyr.a(flash_map.c.obj)
                0x0000000000007b80                flash_area_close
 .text.flash_area_read
                0x0000000000007b82       0x2a zephyr/libzephyr.a(flash_map.c.obj)
                0x0000000000007b82                flash_area_read
 .text.flash_area_write
                0x0000000000007bac       0x2a zephyr/libzephyr.a(flash_map.c.obj)
                0x0000000000007bac                flash_area_write
 .text.flash_area_erase
                0x0000000000007bd6       0x30 zephyr/libzephyr.a(flash_map.c.obj)
                0x0000000000007bd6                flash_area_erase
 .text.flash_area_align
                0x0000000000007c06        0xe zephyr/libzephyr.a(flash_map.c.obj)
                0x0000000000007c06                flash_area_align
 .text.flash_area_erased_val
                0x0000000000007c14        0xe zephyr/libzephyr.a(flash_map.c.obj)
                0x0000000000007c14                flash_area_erased_val
 .text.get_sectors_cb
                0x0000000000007c22       0x44 zephyr/libzephyr.a(flash_map_layout.c.obj)
 .text.z_do_kernel_oops
                0x0000000000007c66        0x8 zephyr/arch/arch/arm/core/libarch__arm__core.a(fatal.c.obj)
                0x0000000000007c66                z_do_kernel_oops
 .text.z_arm_nmi
                0x0000000000007c6e        0xe zephyr/arch/arch/arm/core/libarch__arm__core.a(nmi.c.obj)
                0x0000000000007c6e                z_arm_nmi
 .text.z_irq_spurious
                0x0000000000007c7c        0x8 zephyr/arch/arch/arm/core/cortex_m/libarch__arm__core__cortex_m.a(irq_manage.c.obj)
                0x0000000000007c7c                z_irq_spurious
 .text.arch_irq_unlock_outlined
                0x0000000000007c84        0xe zephyr/arch/arch/arm/core/cortex_m/libarch__arm__core__cortex_m.a(thread.c.obj)
                0x0000000000007c84                arch_irq_unlock_outlined
 .text.arch_cpu_idle
                0x0000000000007c92       0x1a zephyr/arch/arch/arm/core/cortex_m/libarch__arm__core__cortex_m.a(cpu_idle.c.obj)
                0x0000000000007c92                arch_cpu_idle
 .text.arch_cpu_atomic_idle
                0x0000000000007cac       0x1e zephyr/arch/arch/arm/core/cortex_m/libarch__arm__core__cortex_m.a(cpu_idle.c.obj)
                0x0000000000007cac                arch_cpu_atomic_idle
 .text.size_to_mpu_rasr_size
                0x0000000000007cca       0x20 zephyr/arch/arch/arm/core/mpu/libarch__arm__core__mpu.a(arm_mpu.c.obj)
 .text.strlen   0x0000000000007cea        0xe zephyr/lib/libc/minimal/liblib__libc__minimal.a(string.c.obj)
                0x0000000000007cea                strlen
 .text.memcmp   0x0000000000007cf8       0x20 zephyr/lib/libc/minimal/liblib__libc__minimal.a(string.c.obj)
                0x0000000000007cf8                memcmp
 .text.memcpy   0x0000000000007d18       0x16 zephyr/lib/libc/minimal/liblib__libc__minimal.a(string.c.obj)
                0x0000000000007d18                memcpy
 .text.memset   0x0000000000007d2e       0x12 zephyr/lib/libc/minimal/liblib__libc__minimal.a(string.c.obj)
                0x0000000000007d2e                memset
 .text._stdout_hook_default
                0x0000000000007d40        0x6 zephyr/lib/libc/minimal/liblib__libc__minimal.a(stdout_console.c.obj)
 .text.get_status
                0x0000000000007d46       0x12 zephyr/drivers/clock_control/libdrivers__clock_control.a(clock_control_nrf.c.obj)
 .text.stop     0x0000000000007d58       0x50 zephyr/drivers/clock_control/libdrivers__clock_control.a(clock_control_nrf.c.obj)
 .text.api_stop
                0x0000000000007da8        0x6 zephyr/drivers/clock_control/libdrivers__clock_control.a(clock_control_nrf.c.obj)
 .text.async_start
                0x0000000000007dae       0x5a zephyr/drivers/clock_control/libdrivers__clock_control.a(clock_control_nrf.c.obj)
 .text.api_start
                0x0000000000007e08        0xe zephyr/drivers/clock_control/libdrivers__clock_control.a(clock_control_nrf.c.obj)
 .text.onoff_started_callback
                0x0000000000007e16       0x12 zephyr/drivers/clock_control/libdrivers__clock_control.a(clock_control_nrf.c.obj)
 .text.lfclk_start
                0x0000000000007e28        0x6 zephyr/drivers/clock_control/libdrivers__clock_control.a(clock_control_nrf.c.obj)
 .text.lfclk_stop
                0x0000000000007e2e        0x6 zephyr/drivers/clock_control/libdrivers__clock_control.a(clock_control_nrf.c.obj)
 .text.blocking_start_callback
                0x0000000000007e34        0x6 zephyr/drivers/clock_control/libdrivers__clock_control.a(clock_control_nrf.c.obj)
 .text.spi_nor_pages_layout
                0x0000000000007e3a        0xc zephyr/drivers/flash/libdrivers__flash.a(spi_nor.c.obj)
 .text.release_device.isra.0
                0x0000000000007e46        0x4 zephyr/drivers/flash/libdrivers__flash.a(spi_nor.c.obj)
 .text.acquire_device.isra.0
                0x0000000000007e4a        0xc zephyr/drivers/flash/libdrivers__flash.a(spi_nor.c.obj)
 .text.spi_nor_access
                0x0000000000007e56       0x96 zephyr/drivers/flash/libdrivers__flash.a(spi_nor.c.obj)
 .text.spi_nor_write_protection_set
                0x0000000000007eec       0x3a zephyr/drivers/flash/libdrivers__flash.a(spi_nor.c.obj)
 .text.spi_nor_rdsr
                0x0000000000007f26       0x22 zephyr/drivers/flash/libdrivers__flash.a(spi_nor.c.obj)
 .text.spi_nor_wait_until_ready
                0x0000000000007f48       0x3a zephyr/drivers/flash/libdrivers__flash.a(spi_nor.c.obj)
 .text.spi_nor_write
                0x0000000000007f82       0xba zephyr/drivers/flash/libdrivers__flash.a(spi_nor.c.obj)
 .text.spi_nor_read
                0x000000000000803c       0x3e zephyr/drivers/flash/libdrivers__flash.a(spi_nor.c.obj)
 .text.is_regular_addr_valid
                0x000000000000807a       0x22 zephyr/drivers/flash/libdrivers__flash.a(soc_flash_nrf.c.obj)
 .text.flash_get_page_info
                0x000000000000809c       0x62 zephyr/drivers/flash/libdrivers__flash.a(flash_page_layout.c.obj)
 .text.z_impl_flash_get_page_info_by_offs
                0x00000000000080fe        0x8 zephyr/drivers/flash/libdrivers__flash.a(flash_page_layout.c.obj)
                0x00000000000080fe                z_impl_flash_get_page_info_by_offs
 .text.flash_page_foreach
                0x0000000000008106       0x58 zephyr/drivers/flash/libdrivers__flash.a(flash_page_layout.c.obj)
                0x0000000000008106                flash_page_foreach
 .text.jesd216_bfp_erase
                0x000000000000815e       0x26 zephyr/drivers/flash/libdrivers__flash.a(jesd216.c.obj)
                0x000000000000815e                jesd216_bfp_erase
 .text.gpio_nrfx_port_get_raw
                0x0000000000008184        0xe zephyr/drivers/gpio/libdrivers__gpio.a(gpio_nrfx.c.obj)
 .text.gpio_nrfx_port_set_masked_raw
                0x0000000000008192       0x18 zephyr/drivers/gpio/libdrivers__gpio.a(gpio_nrfx.c.obj)
 .text.gpio_nrfx_port_set_bits_raw
                0x00000000000081aa        0xc zephyr/drivers/gpio/libdrivers__gpio.a(gpio_nrfx.c.obj)
 .text.gpio_nrfx_port_clear_bits_raw
                0x00000000000081b6        0xc zephyr/drivers/gpio/libdrivers__gpio.a(gpio_nrfx.c.obj)
 .text.gpio_nrfx_port_toggle_bits
                0x00000000000081c2       0x1a zephyr/drivers/gpio/libdrivers__gpio.a(gpio_nrfx.c.obj)
 .text.gpio_nrfx_manage_callback
                0x00000000000081dc       0x52 zephyr/drivers/gpio/libdrivers__gpio.a(gpio_nrfx.c.obj)
 .text.pinctrl_lookup_state
                0x000000000000822e       0x26 zephyr/drivers/pinctrl/libdrivers__pinctrl.a(common.c.obj)
                0x000000000000822e                pinctrl_lookup_state
 .text.uarte_nrfx_err_check
                0x0000000000008254        0xe zephyr/drivers/serial/libdrivers__serial.a(uart_nrfx_uarte.c.obj)
 .text.uarte_nrfx_poll_in
                0x0000000000008262       0x26 zephyr/drivers/serial/libdrivers__serial.a(uart_nrfx_uarte.c.obj)
 .text.is_tx_ready.isra.0
                0x0000000000008288       0x20 zephyr/drivers/serial/libdrivers__serial.a(uart_nrfx_uarte.c.obj)
 .text.uarte_nrfx_isr_int
                0x00000000000082a8       0x42 zephyr/drivers/serial/libdrivers__serial.a(uart_nrfx_uarte.c.obj)
 .text.irq_connect1
                0x00000000000082ea        0xa zephyr/drivers/spi/libdrivers__spi.a(spi_nrfx_spim.c.obj)
 .text.irq_connect3
                0x00000000000082f4        0xa zephyr/drivers/spi/libdrivers__spi.a(spi_nrfx_spim.c.obj)
 .text.spi_context_get_next_buf.constprop.0
                0x00000000000082fe       0x26 zephyr/drivers/spi/libdrivers__spi.a(spi_nrfx_spim.c.obj)
 .text.pinctrl_apply_state
                0x0000000000008324       0x1e zephyr/drivers/spi/libdrivers__spi.a(spi_nrfx_spim.c.obj)
 .text.gpio_pin_set_dt.isra.0
                0x0000000000008342       0x28 zephyr/drivers/spi/libdrivers__spi.a(spi_nrfx_spim.c.obj)
 .text._spi_context_cs_control
                0x000000000000836a       0x40 zephyr/drivers/spi/libdrivers__spi.a(spi_nrfx_spim.c.obj)
 .text.spi_context_unlock_unconditionally
                0x00000000000083aa       0x20 zephyr/drivers/spi/libdrivers__spi.a(spi_nrfx_spim.c.obj)
 .text.spi_nrfx_release
                0x00000000000083ca       0x24 zephyr/drivers/spi/libdrivers__spi.a(spi_nrfx_spim.c.obj)
 .text.spi_nrfx_wake_request
                0x00000000000083ee       0x50 zephyr/drivers/spi/libdrivers__spi.a(spi_nrfx_common.c.obj)
                0x00000000000083ee                spi_nrfx_wake_request
 .text.event_clear
                0x000000000000843e       0x18 zephyr/drivers/timer/libdrivers__timer.a(nrf_rtc_timer.c.obj)
 .text.sys_clock_cycle_get_32
                0x0000000000008456        0x8 zephyr/drivers/timer/libdrivers__timer.a(nrf_rtc_timer.c.obj)
                0x0000000000008456                sys_clock_cycle_get_32
 .text.fprotect_set_permission
                0x000000000000845e       0x7e modules/nrf/lib/fprotect/lib..__nrf__lib__fprotect.a(fprotect_acl.c.obj)
 .text.fprotect_area
                0x00000000000084dc        0x6 modules/nrf/lib/fprotect/lib..__nrf__lib__fprotect.a(fprotect_acl.c.obj)
                0x00000000000084dc                fprotect_area
 .text.boot_swap_info_off
                0x00000000000084e2        0xc modules/mcuboot/boot/bootutil/zephyr/libmcuboot_util.a(bootutil_public.c.obj)
                0x00000000000084e2                boot_swap_info_off
 .text.boot_magic_compatible_check
                0x00000000000084ee       0x1c modules/mcuboot/boot/bootutil/zephyr/libmcuboot_util.a(bootutil_public.c.obj)
                0x00000000000084ee                boot_magic_compatible_check
 .text.bootutil_buffer_is_erased
                0x000000000000850a       0x26 modules/mcuboot/boot/bootutil/zephyr/libmcuboot_util.a(bootutil_public.c.obj)
                0x000000000000850a                bootutil_buffer_is_erased
 .text.boot_read_flag
                0x0000000000008530       0x38 modules/mcuboot/boot/bootutil/zephyr/libmcuboot_util.a(bootutil_public.c.obj)
 .text.boot_write_trailer
                0x0000000000008568       0x58 modules/mcuboot/boot/bootutil/zephyr/libmcuboot_util.a(bootutil_public.c.obj)
                0x0000000000008568                boot_write_trailer
 .text.boot_write_trailer_flag
                0x00000000000085c0       0x14 modules/mcuboot/boot/bootutil/zephyr/libmcuboot_util.a(bootutil_public.c.obj)
                0x00000000000085c0                boot_write_trailer_flag
 .text.boot_write_image_ok
                0x00000000000085d4        0xe modules/mcuboot/boot/bootutil/zephyr/libmcuboot_util.a(bootutil_public.c.obj)
                0x00000000000085d4                boot_write_image_ok
 .text.boot_read_image_ok
                0x00000000000085e2        0xc modules/mcuboot/boot/bootutil/zephyr/libmcuboot_util.a(bootutil_public.c.obj)
                0x00000000000085e2                boot_read_image_ok
 .text.boot_read_swap_state_by_id
                0x00000000000085ee       0x28 modules/mcuboot/boot/bootutil/zephyr/libmcuboot_util.a(bootutil_public.c.obj)
                0x00000000000085ee                boot_read_swap_state_by_id
 .text.boot_write_swap_info
                0x0000000000008616       0x22 modules/mcuboot/boot/bootutil/zephyr/libmcuboot_util.a(bootutil_public.c.obj)
                0x0000000000008616                boot_write_swap_info
 .text.boot_write_copy_done
                0x0000000000008638       0x10 modules/mcuboot/boot/bootutil/zephyr/libmcuboot_util.a(bootutil_public.c.obj)
                0x0000000000008638                boot_write_copy_done
 .text.mbedtls_asn1_get_len
                0x0000000000008648       0x68 modules/mbedtls/libmbedTLSBase.a(asn1parse.c.obj)
                0x0000000000008648                mbedtls_asn1_get_len
 .text.mbedtls_asn1_get_tag
                0x00000000000086b0       0x28 modules/mbedtls/libmbedTLSBase.a(asn1parse.c.obj)
                0x00000000000086b0                mbedtls_asn1_get_tag
 .text.mbedtls_asn1_get_mpi
                0x00000000000086d8       0x26 modules/mbedtls/libmbedTLSBase.a(asn1parse.c.obj)
                0x00000000000086d8                mbedtls_asn1_get_mpi
 .text.mbedtls_mpi_core_bitlen
                0x00000000000086fe       0x1e modules/mbedtls/libmbedTLSBase.a(bignum_core.c.obj)
                0x00000000000086fe                mbedtls_mpi_core_bitlen
 .text.mbedtls_mpi_core_bigendian_to_host
                0x000000000000871c       0x26 modules/mbedtls/libmbedTLSBase.a(bignum_core.c.obj)
                0x000000000000871c                mbedtls_mpi_core_bigendian_to_host
 .text.mbedtls_mpi_core_read_be
                0x0000000000008742       0x4a modules/mbedtls/libmbedTLSBase.a(bignum_core.c.obj)
                0x0000000000008742                mbedtls_mpi_core_read_be
 .text.mbedtls_mpi_core_write_be
                0x000000000000878c       0x64 modules/mbedtls/libmbedTLSBase.a(bignum_core.c.obj)
                0x000000000000878c                mbedtls_mpi_core_write_be
 .text.mbedtls_mpi_core_shift_r
                0x00000000000087f0       0x74 modules/mbedtls/libmbedTLSBase.a(bignum_core.c.obj)
                0x00000000000087f0                mbedtls_mpi_core_shift_r
 .text.mbedtls_mpi_core_shift_l
                0x0000000000008864       0x6c modules/mbedtls/libmbedTLSBase.a(bignum_core.c.obj)
                0x0000000000008864                mbedtls_mpi_core_shift_l
 .text.mbedtls_mpi_core_add
                0x00000000000088d0       0x2c modules/mbedtls/libmbedTLSBase.a(bignum_core.c.obj)
                0x00000000000088d0                mbedtls_mpi_core_add
 .text.mbedtls_mpi_core_sub
                0x00000000000088fc       0x3a modules/mbedtls/libmbedTLSBase.a(bignum_core.c.obj)
                0x00000000000088fc                mbedtls_mpi_core_sub
 .text.mbedtls_mpi_core_mla
                0x0000000000008936      0x178 modules/mbedtls/libmbedTLSBase.a(bignum_core.c.obj)
                0x0000000000008936                mbedtls_mpi_core_mla
 .text.mbedtls_mpi_core_montmul_init
                0x0000000000008aae       0x22 modules/mbedtls/libmbedTLSBase.a(bignum_core.c.obj)
                0x0000000000008aae                mbedtls_mpi_core_montmul_init
 .text.mbedtls_mpi_core_montmul
                0x0000000000008ad0       0x96 modules/mbedtls/libmbedTLSBase.a(bignum_core.c.obj)
                0x0000000000008ad0                mbedtls_mpi_core_montmul
 .text.mbedtls_mpi_core_get_mont_r2_unsafe
                0x0000000000008b66       0x34 modules/mbedtls/libmbedTLSBase.a(bignum_core.c.obj)
                0x0000000000008b66                mbedtls_mpi_core_get_mont_r2_unsafe
 .text.mbedtls_mpi_core_exp_mod_working_limbs
                0x0000000000008b9a       0x16 modules/mbedtls/libmbedTLSBase.a(bignum_core.c.obj)
                0x0000000000008b9a                mbedtls_mpi_core_exp_mod_working_limbs
 .text.mbedtls_mpi_core_exp_mod
                0x0000000000008bb0       0x20 modules/mbedtls/libmbedTLSBase.a(bignum_core.c.obj)
                0x0000000000008bb0                mbedtls_mpi_core_exp_mod
 .text.mbedtls_mpi_core_exp_mod_unsafe
                0x0000000000008bd0       0x22 modules/mbedtls/libmbedTLSBase.a(bignum_core.c.obj)
                0x0000000000008bd0                mbedtls_mpi_core_exp_mod_unsafe
 .text.mbedtls_mpi_core_sub_int
                0x0000000000008bf2       0x22 modules/mbedtls/libmbedTLSBase.a(bignum_core.c.obj)
                0x0000000000008bf2                mbedtls_mpi_core_sub_int
 .text.mbedtls_mpi_core_check_zero_ct
                0x0000000000008c14       0x18 modules/mbedtls/libmbedTLSBase.a(bignum_core.c.obj)
                0x0000000000008c14                mbedtls_mpi_core_check_zero_ct
 .text.mbedtls_mpi_core_to_mont_rep
                0x0000000000008c2c       0x18 modules/mbedtls/libmbedTLSBase.a(bignum_core.c.obj)
                0x0000000000008c2c                mbedtls_mpi_core_to_mont_rep
 .text.mbedtls_mpi_core_from_mont_rep
                0x0000000000008c44       0x20 modules/mbedtls/libmbedTLSBase.a(bignum_core.c.obj)
                0x0000000000008c44                mbedtls_mpi_core_from_mont_rep
 .text.mbedtls_mpi_init
                0x0000000000008c64        0xa modules/mbedtls/libmbedTLSBase.a(bignum.c.obj)
                0x0000000000008c64                mbedtls_mpi_init
 .text.mbedtls_mpi_free
                0x0000000000008c6e       0x1c modules/mbedtls/libmbedTLSBase.a(bignum.c.obj)
                0x0000000000008c6e                mbedtls_mpi_free
 .text.mbedtls_mpi_grow
                0x0000000000008c8a       0x48 modules/mbedtls/libmbedTLSBase.a(bignum.c.obj)
                0x0000000000008c8a                mbedtls_mpi_grow
 .text.mbedtls_mpi_resize_clear
                0x0000000000008cd2       0x36 modules/mbedtls/libmbedTLSBase.a(bignum.c.obj)
 .text.mbedtls_mpi_shrink
                0x0000000000008d08       0x62 modules/mbedtls/libmbedTLSBase.a(bignum.c.obj)
                0x0000000000008d08                mbedtls_mpi_shrink
 .text.mbedtls_mpi_copy
                0x0000000000008d6a       0x6a modules/mbedtls/libmbedTLSBase.a(bignum.c.obj)
                0x0000000000008d6a                mbedtls_mpi_copy
 .text.mbedtls_mpi_lset
                0x0000000000008dd4       0x38 modules/mbedtls/libmbedTLSBase.a(bignum.c.obj)
                0x0000000000008dd4                mbedtls_mpi_lset
 .text.mbedtls_mpi_get_bit
                0x0000000000008e0c       0x20 modules/mbedtls/libmbedTLSBase.a(bignum.c.obj)
                0x0000000000008e0c                mbedtls_mpi_get_bit
 .text.mbedtls_mpi_bitlen
                0x0000000000008e2c        0x8 modules/mbedtls/libmbedTLSBase.a(bignum.c.obj)
                0x0000000000008e2c                mbedtls_mpi_bitlen
 .text.mbedtls_mpi_size
                0x0000000000008e34        0xc modules/mbedtls/libmbedTLSBase.a(bignum.c.obj)
                0x0000000000008e34                mbedtls_mpi_size
 .text.mbedtls_mpi_read_binary
                0x0000000000008e40       0x2c modules/mbedtls/libmbedTLSBase.a(bignum.c.obj)
                0x0000000000008e40                mbedtls_mpi_read_binary
 .text.mbedtls_mpi_write_binary
                0x0000000000008e6c        0xc modules/mbedtls/libmbedTLSBase.a(bignum.c.obj)
                0x0000000000008e6c                mbedtls_mpi_write_binary
 .text.mbedtls_mpi_shift_l
                0x0000000000008e78       0x3a modules/mbedtls/libmbedTLSBase.a(bignum.c.obj)
                0x0000000000008e78                mbedtls_mpi_shift_l
 .text.mbedtls_mpi_shift_r
                0x0000000000008eb2       0x12 modules/mbedtls/libmbedTLSBase.a(bignum.c.obj)
                0x0000000000008eb2                mbedtls_mpi_shift_r
 .text.mbedtls_mpi_cmp_abs
                0x0000000000008ec4       0x5e modules/mbedtls/libmbedTLSBase.a(bignum.c.obj)
                0x0000000000008ec4                mbedtls_mpi_cmp_abs
 .text.mbedtls_mpi_cmp_mpi
                0x0000000000008f22       0x90 modules/mbedtls/libmbedTLSBase.a(bignum.c.obj)
                0x0000000000008f22                mbedtls_mpi_cmp_mpi
 .text.mbedtls_mpi_cmp_int
                0x0000000000008fb2       0x30 modules/mbedtls/libmbedTLSBase.a(bignum.c.obj)
                0x0000000000008fb2                mbedtls_mpi_cmp_int
 .text.mbedtls_mpi_add_abs
                0x0000000000008fe2       0x92 modules/mbedtls/libmbedTLSBase.a(bignum.c.obj)
                0x0000000000008fe2                mbedtls_mpi_add_abs
 .text.mbedtls_mpi_sub_abs
                0x0000000000009074       0xa2 modules/mbedtls/libmbedTLSBase.a(bignum.c.obj)
                0x0000000000009074                mbedtls_mpi_sub_abs
 .text.add_sub_mpi
                0x0000000000009116       0x62 modules/mbedtls/libmbedTLSBase.a(bignum.c.obj)
 .text.mbedtls_mpi_add_mpi
                0x0000000000009178        0x6 modules/mbedtls/libmbedTLSBase.a(bignum.c.obj)
                0x0000000000009178                mbedtls_mpi_add_mpi
 .text.mbedtls_mpi_sub_mpi
                0x000000000000917e        0x8 modules/mbedtls/libmbedTLSBase.a(bignum.c.obj)
                0x000000000000917e                mbedtls_mpi_sub_mpi
 .text.mbedtls_mpi_mul_int
                0x0000000000009186       0x62 modules/mbedtls/libmbedTLSBase.a(bignum.c.obj)
                0x0000000000009186                mbedtls_mpi_mul_int
 .text.mbedtls_mpi_mod_mpi
                0x00000000000091e8       0x64 modules/mbedtls/libmbedTLSBase.a(bignum.c.obj)
                0x00000000000091e8                mbedtls_mpi_mod_mpi
 .text.mbedtls_mpi_exp_mod_optionally_safe
                0x000000000000924c      0x1da modules/mbedtls/libmbedTLSBase.a(bignum.c.obj)
 .text.mbedtls_mpi_exp_mod_unsafe
                0x0000000000009426       0x14 modules/mbedtls/libmbedTLSBase.a(bignum.c.obj)
                0x0000000000009426                mbedtls_mpi_exp_mod_unsafe
 .text.mbedtls_zeroize_and_free
                0x000000000000943a       0x14 modules/mbedtls/libmbedTLSBase.a(platform_util.c.obj)
                0x000000000000943a                mbedtls_zeroize_and_free
 .text.platform_calloc_uninit
                0x000000000000944e        0x4 modules/mbedtls/libmbedTLSBase.a(platform.c.obj)
 .text.platform_exit_uninit
                0x0000000000009452        0x2 modules/mbedtls/libmbedTLSBase.a(platform.c.obj)
 .text.platform_free_uninit
                0x0000000000009454        0x2 modules/mbedtls/libmbedTLSBase.a(platform.c.obj)
 .text.mbedtls_rsa_import
                0x0000000000009456       0x86 modules/mbedtls/libmbedTLSBase.a(rsa.c.obj)
                0x0000000000009456                mbedtls_rsa_import
 .text.mbedtls_rsa_init
                0x00000000000094dc       0x14 modules/mbedtls/libmbedTLSBase.a(rsa.c.obj)
                0x00000000000094dc                mbedtls_rsa_init
 .text.mbedtls_rsa_get_len
                0x00000000000094f0        0x4 modules/mbedtls/libmbedTLSBase.a(rsa.c.obj)
                0x00000000000094f0                mbedtls_rsa_get_len
 .text.mbedtls_rsa_free
                0x00000000000094f4       0x72 modules/mbedtls/libmbedTLSBase.a(rsa.c.obj)
                0x00000000000094f4                mbedtls_rsa_free
 .text.mbedtls_bswap32
                0x0000000000009566        0x4 modules/mbedtls/libmbedTLSBase.a(sha256.c.obj)
 .text.mbedtls_sha256_init
                0x000000000000956a        0x8 modules/mbedtls/libmbedTLSBase.a(sha256.c.obj)
                0x000000000000956a                mbedtls_sha256_init
 .text.mbedtls_sha256_free
                0x0000000000009572        0xa modules/mbedtls/libmbedTLSBase.a(sha256.c.obj)
                0x0000000000009572                mbedtls_sha256_free
 .text.mbedtls_sha256_update
                0x000000000000957c       0x7e modules/mbedtls/libmbedTLSBase.a(sha256.c.obj)
                0x000000000000957c                mbedtls_sha256_update
 .text.mbedtls_sha256_finish
                0x00000000000095fa      0x144 modules/mbedtls/libmbedTLSBase.a(sha256.c.obj)
                0x00000000000095fa                mbedtls_sha256_finish
 .text._mbedtls_init
                0x000000000000973e        0x4 modules/mbedtls/libmbedTLSBase.a(zephyr_init.c.obj)
 .text.nrfx_isr
                0x0000000000009742        0x2 modules/hal_nordic/nrfx/libmodules__hal_nordic__nrfx.a(nrfx_glue.c.obj)
                0x0000000000009742                nrfx_isr
 .text.nrfx_busy_wait
                0x0000000000009744        0x4 modules/hal_nordic/nrfx/libmodules__hal_nordic__nrfx.a(nrfx_glue.c.obj)
                0x0000000000009744                nrfx_busy_wait
 .text.nrfx_gppi_channel_endpoints_setup
                0x0000000000009748       0x14 modules/hal_nordic/nrfx/libmodules__hal_nordic__nrfx.a(nrfx_gppi_ppi.c.obj)
                0x0000000000009748                nrfx_gppi_channel_endpoints_setup
 .text.nrfx_gppi_channel_alloc
                0x000000000000975c        0x4 modules/hal_nordic/nrfx/libmodules__hal_nordic__nrfx.a(nrfx_gppi_ppi.c.obj)
                0x000000000000975c                nrfx_gppi_channel_alloc
 .text.clock_stop
                0x0000000000009760       0xb4 modules/hal_nordic/nrfx/libmodules__hal_nordic__nrfx.a(nrfx_clock.c.obj)
 .text.nrfx_clock_stop
                0x0000000000009814        0x4 modules/hal_nordic/nrfx/libmodules__hal_nordic__nrfx.a(nrfx_clock.c.obj)
                0x0000000000009814                nrfx_clock_stop
 .text.nrf_gpio_reconfigure
                0x0000000000009818       0x92 modules/hal_nordic/nrfx/libmodules__hal_nordic__nrfx.a(nrfx_gpiote.c.obj)
 .text.nrf_gpio_cfg_sense_set
                0x00000000000098aa       0x1e modules/hal_nordic/nrfx/libmodules__hal_nordic__nrfx.a(nrfx_gpiote.c.obj)
 .text.pin_in_event_get.isra.0
                0x00000000000098c8       0x22 modules/hal_nordic/nrfx/libmodules__hal_nordic__nrfx.a(nrfx_gpiote.c.obj)
 .text.pin_trigger_disable
                0x00000000000098ea       0x48 modules/hal_nordic/nrfx/libmodules__hal_nordic__nrfx.a(nrfx_gpiote.c.obj)
 .text.nrfx_gpiote_pin_uninit
                0x0000000000009932        0x4 modules/hal_nordic/nrfx/libmodules__hal_nordic__nrfx.a(nrfx_gpiote.c.obj)
                0x0000000000009932                nrfx_gpiote_pin_uninit
 .text.nrfx_gpiote_trigger_disable
                0x0000000000009936        0x4 modules/hal_nordic/nrfx/libmodules__hal_nordic__nrfx.a(nrfx_gpiote.c.obj)
                0x0000000000009936                nrfx_gpiote_trigger_disable
 .text.nrfx_gpiote_in_event_get
                0x000000000000993a        0x6 modules/hal_nordic/nrfx/libmodules__hal_nordic__nrfx.a(nrfx_gpiote.c.obj)
                0x000000000000993a                nrfx_gpiote_in_event_get
 .text.nrfx_nvmc_flash_size_get
                0x0000000000009940        0xc modules/hal_nordic/nrfx/libmodules__hal_nordic__nrfx.a(nrfx_nvmc.c.obj)
                0x0000000000009940                nrfx_nvmc_flash_size_get
 .text.nrfx_nvmc_flash_page_size_get
                0x000000000000994c        0x8 modules/hal_nordic/nrfx/libmodules__hal_nordic__nrfx.a(nrfx_nvmc.c.obj)
                0x000000000000994c                nrfx_nvmc_flash_page_size_get
 .text.nrfx_nvmc_flash_page_count_get
                0x0000000000009954        0x8 modules/hal_nordic/nrfx/libmodules__hal_nordic__nrfx.a(nrfx_nvmc.c.obj)
                0x0000000000009954                nrfx_nvmc_flash_page_count_get
 .text.__nrfy_internal_spim_event_handle
                0x000000000000995c       0x2a modules/hal_nordic/nrfx/libmodules__hal_nordic__nrfx.a(nrfx_spim.c.obj)
 .text.__nrfy_internal_spim_events_process
                0x0000000000009986       0x7c modules/hal_nordic/nrfx/libmodules__hal_nordic__nrfx.a(nrfx_spim.c.obj)
 .text.nrf_gpio_pin_set
                0x0000000000009a02       0x1a modules/hal_nordic/nrfx/libmodules__hal_nordic__nrfx.a(nrfx_spim.c.obj)
 .text.nrf_gpio_pin_clear
                0x0000000000009a1c       0x1a modules/hal_nordic/nrfx/libmodules__hal_nordic__nrfx.a(nrfx_spim.c.obj)
 .text.spim_abort
                0x0000000000009a36       0x2c modules/hal_nordic/nrfx/libmodules__hal_nordic__nrfx.a(nrfx_spim.c.obj)
 .text.irq_handler
                0x0000000000009a62       0x48 modules/hal_nordic/nrfx/libmodules__hal_nordic__nrfx.a(nrfx_spim.c.obj)
 .text.SEGGER_RTT_Init
                0x0000000000009aaa        0x4 modules/segger/libmodules__segger.a(SEGGER_RTT.c.obj)
                0x0000000000009aaa                SEGGER_RTT_Init
 .text.rtt_init
                0x0000000000009aae        0xa modules/segger/libmodules__segger.a(SEGGER_RTT_zephyr.c.obj)
 .text.z_impl_k_busy_wait
                0x0000000000009ab8        0x8 zephyr/kernel/libkernel.a(busy_wait.c.obj)
                0x0000000000009ab8                z_impl_k_busy_wait
 .text.z_device_state_init
                0x0000000000009ac0        0x2 zephyr/kernel/libkernel.a(device.c.obj)
                0x0000000000009ac0                z_device_state_init
 .text.z_impl_device_is_ready
                0x0000000000009ac2       0x16 zephyr/kernel/libkernel.a(device.c.obj)
                0x0000000000009ac2                z_impl_device_is_ready
 .text.arch_system_halt
                0x0000000000009ad8       0x10 zephyr/kernel/libkernel.a(fatal.c.obj)
                0x0000000000009ad8                arch_system_halt
 .text.do_device_init
                0x0000000000009ae8       0x30 zephyr/kernel/libkernel.a(init.c.obj)
 .text.z_early_memset
                0x0000000000009b18        0x4 zephyr/kernel/libkernel.a(init.c.obj)
                0x0000000000009b18                z_early_memset
 .text.z_early_memcpy
                0x0000000000009b1c        0x4 zephyr/kernel/libkernel.a(init.c.obj)
                0x0000000000009b1c                z_early_memcpy
 .text.z_init_static
                0x0000000000009b20        0x2 zephyr/kernel/libkernel.a(init_static.c.obj)
                0x0000000000009b20                z_init_static
 .text.idle     0x0000000000009b22       0x16 zephyr/kernel/libkernel.a(idle.c.obj)
                0x0000000000009b22                idle
 .text.z_impl_k_sem_init
                0x0000000000009b38       0x18 zephyr/kernel/libkernel.a(sem.c.obj)
                0x0000000000009b38                z_impl_k_sem_init
 .text.k_is_in_isr
                0x0000000000009b50        0xc zephyr/kernel/libkernel.a(thread.c.obj)
                0x0000000000009b50                k_is_in_isr
 .text.k_thread_name_get
                0x0000000000009b5c        0x4 zephyr/kernel/libkernel.a(thread.c.obj)
                0x0000000000009b5c                k_thread_name_get
 .text.z_impl_k_thread_start
                0x0000000000009b60        0x4 zephyr/kernel/libkernel.a(thread.c.obj)
                0x0000000000009b60                z_impl_k_thread_start
 .text.sys_dlist_remove
                0x0000000000009b64       0x10 zephyr/kernel/libkernel.a(sched.c.obj)
 .text.unpend_thread_no_timeout
                0x0000000000009b74       0x14 zephyr/kernel/libkernel.a(sched.c.obj)
 .text.add_to_waitq_locked
                0x0000000000009b88       0x50 zephyr/kernel/libkernel.a(sched.c.obj)
 .text.z_ready_thread
                0x0000000000009bd8       0x1e zephyr/kernel/libkernel.a(sched.c.obj)
                0x0000000000009bd8                z_ready_thread
 .text.z_impl_k_thread_suspend
                0x0000000000009bf6       0x34 zephyr/kernel/libkernel.a(sched.c.obj)
                0x0000000000009bf6                z_impl_k_thread_suspend
 .text.z_sched_wake_thread
                0x0000000000009c2a       0x42 zephyr/kernel/libkernel.a(sched.c.obj)
                0x0000000000009c2a                z_sched_wake_thread
 .text.z_thread_timeout
                0x0000000000009c6c        0x8 zephyr/kernel/libkernel.a(sched.c.obj)
                0x0000000000009c6c                z_thread_timeout
 .text.z_unpend_first_thread
                0x0000000000009c74       0x36 zephyr/kernel/libkernel.a(sched.c.obj)
                0x0000000000009c74                z_unpend_first_thread
 .text.z_thread_abort
                0x0000000000009caa       0x44 zephyr/kernel/libkernel.a(sched.c.obj)
                0x0000000000009caa                z_thread_abort
 .text.z_abort_timeout
                0x0000000000009cee       0x2a zephyr/kernel/libkernel.a(timeout.c.obj)
                0x0000000000009cee                z_abort_timeout
 .text.sys_clock_tick_get_32
                0x0000000000009d18        0x8 zephyr/kernel/libkernel.a(timeout.c.obj)
                0x0000000000009d18                sys_clock_tick_get_32
 *(SORT_BY_ALIGNMENT(.TEXT.*))
 *(SORT_BY_ALIGNMENT(.gnu.linkonce.t.*))
 *(SORT_BY_ALIGNMENT(.glue_7t))
 .glue_7t       0x0000000000009d20        0x0 linker stubs
 *(SORT_BY_ALIGNMENT(.glue_7))
 .glue_7        0x0000000000009d20        0x0 linker stubs
 *(SORT_BY_ALIGNMENT(.vfp11_veneer))
 .vfp11_veneer  0x0000000000009d20        0x0 linker stubs
 *(SORT_BY_ALIGNMENT(.v4_bx))
 .v4_bx         0x0000000000009d20        0x0 linker stubs
                0x0000000000009d20                . = ALIGN (0x4)
                0x0000000000009d20                __text_region_end = .

.ARM.exidx      0x0000000000009d20        0x8
                0x0000000000009d20                __exidx_start = .
 *(SORT_BY_ALIGNMENT(.ARM.exidx*) SORT_BY_ALIGNMENT(gnu.linkonce.armexidx.*))
 .ARM.exidx     0x0000000000009d20        0x8 c:/ncs/toolchains/b620d30767/opt/zephyr-sdk/arm-zephyr-eabi/bin/../lib/gcc/arm-zephyr-eabi/12.2.0/thumb/v7e-m/nofp\libgcc.a(_udivmoddi4.o)
                0x0000000000009d28                __exidx_end = .
                0x0000000000009d28                __rodata_region_start = .

initlevel       0x0000000000009d28       0x68
                0x0000000000009d28                __init_start = .
                0x0000000000009d28                __init_EARLY_start = .
 *(SORT_BY_NAME(SORT_BY_ALIGNMENT(.z_init_EARLY?_*)))
 *(SORT_BY_NAME(SORT_BY_ALIGNMENT(.z_init_EARLY??_*)))
                0x0000000000009d28                __init_PRE_KERNEL_1_start = .
 *(SORT_BY_NAME(SORT_BY_ALIGNMENT(.z_init_PRE_KERNEL_1?_*)))
 .z_init_PRE_KERNEL_10_0_
                0x0000000000009d28        0x8 zephyr/soc/soc/nrf52833/libsoc__nordic.a(soc.c.obj)
 *(SORT_BY_NAME(SORT_BY_ALIGNMENT(.z_init_PRE_KERNEL_1??_*)))
 .z_init_PRE_KERNEL_130_00069_
                0x0000000000009d30        0x8 zephyr/drivers/clock_control/libdrivers__clock_control.a(clock_control_nrf.c.obj)
 .z_init_PRE_KERNEL_130_0_
                0x0000000000009d38        0x8 modules/segger/libmodules__segger.a(SEGGER_RTT_zephyr.c.obj)
 .z_init_PRE_KERNEL_140_00010_
                0x0000000000009d40        0x8 zephyr/drivers/gpio/libdrivers__gpio.a(gpio_nrfx.c.obj)
 .z_init_PRE_KERNEL_140_00079_
                0x0000000000009d48        0x8 zephyr/drivers/gpio/libdrivers__gpio.a(gpio_nrfx.c.obj)
 .z_init_PRE_KERNEL_150_00105_
                0x0000000000009d50        0x8 zephyr/drivers/serial/libdrivers__serial.a(uart_nrfx_uarte.c.obj)
 .z_init_PRE_KERNEL_160_0_
                0x0000000000009d58        0x8 zephyr/drivers/console/libdrivers__console.a(uart_console.c.obj)
                0x0000000000009d60                __init_PRE_KERNEL_2_start = .
 *(SORT_BY_NAME(SORT_BY_ALIGNMENT(.z_init_PRE_KERNEL_2?_*)))
 .z_init_PRE_KERNEL_20_0_
                0x0000000000009d60        0x8 zephyr/drivers/timer/libdrivers__timer.a(nrf_rtc_timer.c.obj)
 *(SORT_BY_NAME(SORT_BY_ALIGNMENT(.z_init_PRE_KERNEL_2??_*)))
                0x0000000000009d68                __init_POST_KERNEL_start = .
 *(SORT_BY_NAME(SORT_BY_ALIGNMENT(.z_init_POST_KERNEL?_*)))
 *(SORT_BY_NAME(SORT_BY_ALIGNMENT(.z_init_POST_KERNEL??_*)))
 .z_init_POST_KERNEL40_0_
                0x0000000000009d68        0x8 modules/mbedtls/libmbedTLSBase.a(zephyr_init.c.obj)
 .z_init_POST_KERNEL50_00098_
                0x0000000000009d70        0x8 zephyr/drivers/spi/libdrivers__spi.a(spi_nrfx_spim.c.obj)
 .z_init_POST_KERNEL50_00110_
                0x0000000000009d78        0x8 zephyr/drivers/flash/libdrivers__flash.a(soc_flash_nrf.c.obj)
 .z_init_POST_KERNEL50_00126_
                0x0000000000009d80        0x8 zephyr/drivers/spi/libdrivers__spi.a(spi_nrfx_spim.c.obj)
 .z_init_POST_KERNEL80_00127_
                0x0000000000009d88        0x8 zephyr/drivers/flash/libdrivers__flash.a(spi_nor.c.obj)
                0x0000000000009d90                __init_APPLICATION_start = .
 *(SORT_BY_NAME(SORT_BY_ALIGNMENT(.z_init_APPLICATION?_*)))
 *(SORT_BY_NAME(SORT_BY_ALIGNMENT(.z_init_APPLICATION??_*)))
                0x0000000000009d90                __init_SMP_start = .
 *(SORT_BY_NAME(SORT_BY_ALIGNMENT(.z_init_SMP?_*)))
 *(SORT_BY_NAME(SORT_BY_ALIGNMENT(.z_init_SMP??_*)))
                0x0000000000009d90                __init_end = .
                0x0000000000009d90                __deferred_init_list_start = .
 *(SORT_BY_ALIGNMENT(.z_deferred_init*))
                0x0000000000009d90                __deferred_init_list_end = .

device_area     0x0000000000009d90       0xa0
                0x0000000000009d90                _device_list_start = .
 *(SORT_BY_NAME(SORT_BY_ALIGNMENT(._device.static.*_?_*)))
 *(SORT_BY_NAME(SORT_BY_ALIGNMENT(._device.static.*_??_*)))
 ._device.static.1_30_
                0x0000000000009d90       0x14 zephyr/drivers/clock_control/libdrivers__clock_control.a(clock_control_nrf.c.obj)
                0x0000000000009d90                __device_dts_ord_69
 ._device.static.1_40_
                0x0000000000009da4       0x28 zephyr/drivers/gpio/libdrivers__gpio.a(gpio_nrfx.c.obj)
                0x0000000000009da4                __device_dts_ord_79
                0x0000000000009db8                __device_dts_ord_10
 ._device.static.1_50_
                0x0000000000009dcc       0x14 zephyr/drivers/serial/libdrivers__serial.a(uart_nrfx_uarte.c.obj)
                0x0000000000009dcc                __device_dts_ord_105
 ._device.static.3_50_
                0x0000000000009de0       0x14 zephyr/drivers/flash/libdrivers__flash.a(soc_flash_nrf.c.obj)
                0x0000000000009de0                __device_dts_ord_110
 ._device.static.3_50_
                0x0000000000009df4       0x28 zephyr/drivers/spi/libdrivers__spi.a(spi_nrfx_spim.c.obj)
                0x0000000000009df4                __device_dts_ord_98
                0x0000000000009e08                __device_dts_ord_126
 ._device.static.3_80_
                0x0000000000009e1c       0x14 zephyr/drivers/flash/libdrivers__flash.a(spi_nor.c.obj)
                0x0000000000009e1c                __device_dts_ord_127
                0x0000000000009e30                _device_list_end = .

sw_isr_table    0x0000000000009e30      0x180
                0x0000000000009e30                . = ALIGN (0x4)
 *(SORT_BY_ALIGNMENT(.gnu.linkonce.sw_isr_table*))
 .gnu.linkonce.sw_isr_table
                0x0000000000009e30      0x180 zephyr/CMakeFiles/zephyr_final.dir/isr_tables.c.obj
                0x0000000000009e30                _sw_isr_table

initlevel_error
                0x0000000000009d28        0x0
 *(SORT_BY_NAME(SORT_BY_ALIGNMENT(.z_init_[_A-Z0-9]*)))
                0x0000000000000001                ASSERT ((SIZEOF (initlevel_error) == 0x0), Undefined initialization levels used.)

app_shmem_regions
                0x0000000000009fb0        0x0
                0x0000000000009fb0                __app_shmem_regions_start = .
 *(SORT_BY_NAME(SORT_BY_ALIGNMENT(.app_regions.*)))
                0x0000000000009fb0                __app_shmem_regions_end = .

k_p4wq_initparam_area
                0x0000000000009fb0        0x0
                0x0000000000009fb0                _k_p4wq_initparam_list_start = .
 *(SORT_BY_NAME(SORT_BY_ALIGNMENT(._k_p4wq_initparam.static.*)))
                0x0000000000009fb0                _k_p4wq_initparam_list_end = .

_static_thread_data_area
                0x0000000000009fb0        0x0
                0x0000000000009fb0                __static_thread_data_list_start = .
 *(SORT_BY_NAME(SORT_BY_ALIGNMENT(.__static_thread_data.static.*)))
                0x0000000000009fb0                __static_thread_data_list_end = .

device_deps     0x0000000000009fb0        0x0
                0x0000000000009fb0                __device_deps_start = .
 *(SORT_BY_NAME(SORT_BY_ALIGNMENT(.__device_deps_pass2*)))
                0x0000000000009fb0                __device_deps_end = .

ztest           0x0000000000009fb0        0x0
                0x0000000000009fb0                _ztest_expected_result_entry_list_start = .
 *(SORT_BY_NAME(SORT_BY_ALIGNMENT(._ztest_expected_result_entry.static.*)))
                0x0000000000009fb0                _ztest_expected_result_entry_list_end = .
                0x0000000000009fb0                _ztest_suite_node_list_start = .
 *(SORT_BY_NAME(SORT_BY_ALIGNMENT(._ztest_suite_node.static.*)))
                0x0000000000009fb0                _ztest_suite_node_list_end = .
                0x0000000000009fb0                _ztest_unit_test_list_start = .
 *(SORT_BY_NAME(SORT_BY_ALIGNMENT(._ztest_unit_test.static.*)))
                0x0000000000009fb0                _ztest_unit_test_list_end = .
                0x0000000000009fb0                _ztest_test_rule_list_start = .
 *(SORT_BY_NAME(SORT_BY_ALIGNMENT(._ztest_test_rule.static.*)))
                0x0000000000009fb0                _ztest_test_rule_list_end = .

init_array      0x0000000000009fb0        0x0
 *(SORT_BY_NAME(SORT_BY_ALIGNMENT(.ctors*)))
 *(SORT_BY_NAME(SORT_BY_ALIGNMENT(.init_array*)))
                0x0000000000000001                ASSERT ((SIZEOF (init_array) == 0x0), GNU-style constructors required but STATIC_INIT_GNU not enabled)

bt_l2cap_fixed_chan_area
                0x0000000000009fb0        0x0
                0x0000000000009fb0                _bt_l2cap_fixed_chan_list_start = .
 *(SORT_BY_NAME(SORT_BY_ALIGNMENT(._bt_l2cap_fixed_chan.static.*)))
                0x0000000000009fb0                _bt_l2cap_fixed_chan_list_end = .

bt_gatt_service_static_area
                0x0000000000009fb0        0x0
                0x0000000000009fb0                _bt_gatt_service_static_list_start = .
 *(SORT_BY_NAME(SORT_BY_ALIGNMENT(._bt_gatt_service_static.static.*)))
                0x0000000000009fb0                _bt_gatt_service_static_list_end = .

log_strings_area
                0x0000000000009fb0        0x0
                0x0000000000009fb0                _log_strings_list_start = .
 *(SORT_BY_NAME(SORT_BY_ALIGNMENT(._log_strings.static.*)))
                0x0000000000009fb0                _log_strings_list_end = .

log_const_area  0x0000000000009fb0       0x58
                0x0000000000009fb0                _log_const_list_start = .
 *(SORT_BY_NAME(SORT_BY_ALIGNMENT(._log_const.static.*)))
 ._log_const.static.log_const_cbprintf_package_
                0x0000000000009fb0        0x8 zephyr/libzephyr.a(cbprintf_packaged.c.obj)
                0x0000000000009fb0                log_const_cbprintf_package
 ._log_const.static.log_const_clock_control_