Archive member included to satisfy reference by file (symbol)

app/libapp.a(main.c.obj)      (--whole-archive)
zephyr/libzephyr.a(crc32c_sw.c.obj)
                              (--whole-archive)
zephyr/libzephyr.a(crc32_sw.c.obj)
                              (--whole-archive)
zephyr/libzephyr.a(crc24_sw.c.obj)
                              (--whole-archive)
zephyr/libzephyr.a(crc16_sw.c.obj)
                              (--whole-archive)
zephyr/libzephyr.a(crc8_sw.c.obj)
                              (--whole-archive)
zephyr/libzephyr.a(crc7_sw.c.obj)
                              (--whole-archive)
zephyr/libzephyr.a(crc4_sw.c.obj)
                              (--whole-archive)
zephyr/libzephyr.a(heap.c.obj)
                              (--whole-archive)
zephyr/libzephyr.a(cbprintf_packaged.c.obj)
                              (--whole-archive)
zephyr/libzephyr.a(printk.c.obj)
                              (--whole-archive)
zephyr/libzephyr.a(sem.c.obj)
                              (--whole-archive)
zephyr/libzephyr.a(thread_entry.c.obj)
                              (--whole-archive)
zephyr/libzephyr.a(cbprintf_complete.c.obj)
                              (--whole-archive)
zephyr/libzephyr.a(assert.c.obj)
                              (--whole-archive)
zephyr/libzephyr.a(reboot.c.obj)
                              (--whole-archive)
zephyr/libzephyr.a(base64.c.obj)
                              (--whole-archive)
zephyr/libzephyr.a(dec.c.obj)
                              (--whole-archive)
zephyr/libzephyr.a(hex.c.obj)
                              (--whole-archive)
zephyr/libzephyr.a(rb.c.obj)  (--whole-archive)
zephyr/libzephyr.a(timeutil.c.obj)
                              (--whole-archive)
zephyr/libzephyr.a(bitarray.c.obj)
                              (--whole-archive)
zephyr/libzephyr.a(onoff.c.obj)
                              (--whole-archive)
zephyr/libzephyr.a(notify.c.obj)
                              (--whole-archive)
zephyr/libzephyr.a(configs.c.obj)
                              (--whole-archive)
zephyr/libzephyr.a(mem_attr.c.obj)
                              (--whole-archive)
zephyr/libzephyr.a(flash_map.c.obj)
                              (--whole-archive)
zephyr/libzephyr.a(flash_map_layout.c.obj)
                              (--whole-archive)
zephyr/libzephyr.a(stream_flash.c.obj)
                              (--whole-archive)
zephyr/libzephyr.a(tracing_none.c.obj)
                              (--whole-archive)
zephyr/libzephyr.a(flash_img.c.obj)
                              (--whole-archive)
zephyr/libzephyr.a(flash_util.c.obj)
                              (--whole-archive)
zephyr/libzephyr.a(banner.c.obj)
                              (--whole-archive)
zephyr/libzephyr.a(flash_map_partition_manager.c.obj)
                              (--whole-archive)
zephyr/arch/common/libarch__common.a(sw_isr_common.c.obj)
                              (--whole-archive)
zephyr/arch/arch/arm/core/libarch__arm__core.a(fatal.c.obj)
                              (--whole-archive)
zephyr/arch/arch/arm/core/libarch__arm__core.a(nmi.c.obj)
                              (--whole-archive)
zephyr/arch/arch/arm/core/libarch__arm__core.a(nmi_on_reset.S.obj)
                              (--whole-archive)
zephyr/arch/arch/arm/core/libarch__arm__core.a(tls.c.obj)
                              (--whole-archive)
zephyr/arch/arch/arm/core/cortex_m/libarch__arm__core__cortex_m.a(exc_exit.c.obj)
                              (--whole-archive)
zephyr/arch/arch/arm/core/cortex_m/libarch__arm__core__cortex_m.a(fault.c.obj)
                              (--whole-archive)
zephyr/arch/arch/arm/core/cortex_m/libarch__arm__core__cortex_m.a(fault_s.S.obj)
                              (--whole-archive)
zephyr/arch/arch/arm/core/cortex_m/libarch__arm__core__cortex_m.a(fpu.c.obj)
                              (--whole-archive)
zephyr/arch/arch/arm/core/cortex_m/libarch__arm__core__cortex_m.a(reset.S.obj)
                              (--whole-archive)
zephyr/arch/arch/arm/core/cortex_m/libarch__arm__core__cortex_m.a(scb.c.obj)
                              (--whole-archive)
zephyr/arch/arch/arm/core/cortex_m/libarch__arm__core__cortex_m.a(thread_abort.c.obj)
                              (--whole-archive)
zephyr/arch/arch/arm/core/cortex_m/libarch__arm__core__cortex_m.a(vector_table.S.obj)
                              (--whole-archive)
zephyr/arch/arch/arm/core/cortex_m/libarch__arm__core__cortex_m.a(swap.c.obj)
                              (--whole-archive)
zephyr/arch/arch/arm/core/cortex_m/libarch__arm__core__cortex_m.a(swap_helper.S.obj)
                              (--whole-archive)
zephyr/arch/arch/arm/core/cortex_m/libarch__arm__core__cortex_m.a(irq_manage.c.obj)
                              (--whole-archive)
zephyr/arch/arch/arm/core/cortex_m/libarch__arm__core__cortex_m.a(prep_c.c.obj)
                              (--whole-archive)
[...]
Memory Configuration

Name             Origin             Length             Attributes
FLASH            0x000000000000c200 0x0000000000073e00 xr
RAM              0x0000000020000000 0x0000000000020000 xw
IDT_LIST         0x00000000ffff7fff 0x0000000000008000 xw
*default*        0x0000000000000000 0xffffffffffffffff

Linker script and memory map

                0x0000000000012fc8                vfprintf = __l_vfprintf
                0x0000000000000000                vfscanf = __l_vfscanf
LOAD zephyr/CMakeFiles/zephyr_pre0.dir/misc/empty_file.c.obj
LOAD zephyr/CMakeFiles/offsets.dir/./arch/arm/core/offsets/offsets.c.obj
LOAD app/libapp.a
LOAD zephyr/libzephyr.a
LOAD zephyr/arch/common/libarch__common.a
LOAD zephyr/arch/arch/arm/core/libarch__arm__core.a
LOAD zephyr/arch/arch/arm/core/cortex_m/libarch__arm__core__cortex_m.a
LOAD zephyr/arch/arch/arm/core/mpu/libarch__arm__core__mpu.a
LOAD zephyr/lib/libc/picolibc/liblib__libc__picolibc.a
LOAD zephyr/lib/libc/common/liblib__libc__common.a
LOAD zephyr/lib/net_buf/liblib__net_buf.a
LOAD zephyr/soc/soc/nrf52833/libsoc__nordic.a
LOAD zephyr/subsys/mgmt/mcumgr/mgmt/libsubsys__mgmt__mcumgr__mgmt.a
LOAD zephyr/subsys/mgmt/mcumgr/smp/libsubsys__mgmt__mcumgr__smp.a
LOAD zephyr/subsys/mgmt/mcumgr/util/libsubsys__mgmt__mcumgr__util.a
LOAD zephyr/subsys/mgmt/mcumgr/grp/img_mgmt/libsubsys__mgmt__mcumgr__grp__img_mgmt.a
LOAD zephyr/subsys/mgmt/mcumgr/grp/os_mgmt/libsubsys__mgmt__mcumgr__grp__os_mgmt.a
LOAD zephyr/subsys/mgmt/mcumgr/transport/libsubsys__mgmt__mcumgr__transport.a
LOAD zephyr/subsys/dfu/boot/libsubsys__dfu__boot.a
LOAD zephyr/drivers/clock_control/libdrivers__clock_control.a
LOAD zephyr/drivers/console/libdrivers__console.a
LOAD zephyr/drivers/flash/libdrivers__flash.a
LOAD zephyr/drivers/gpio/libdrivers__gpio.a
LOAD zephyr/drivers/pinctrl/libdrivers__pinctrl.a
LOAD zephyr/drivers/serial/libdrivers__serial.a
LOAD zephyr/drivers/spi/libdrivers__spi.a
LOAD zephyr/drivers/timer/libdrivers__timer.a
LOAD modules/mcuboot/boot/bootutil/zephyr/libmcuboot_util.a
LOAD modules/hal_nordic/nrfx/libmodules__hal_nordic__nrfx.a
LOAD modules/segger/libmodules__segger.a
LOAD modules/zcbor/libmodules__zcbor.a
LOAD zephyr/kernel/libkernel.a
LOAD zephyr/arch/common/libisr_tables.a
LOAD c:\ncs\toolchains\b620d30767\opt\zephyr-sdk\arm-zephyr-eabi\bin\../lib/gcc/../../picolibc/arm-zephyr-eabi/lib/thumb/v7e-m/nofp\libc.a
LOAD c:/ncs/toolchains/b620d30767/opt/zephyr-sdk/arm-zephyr-eabi/bin/../lib/gcc/arm-zephyr-eabi/12.2.0/thumb/v7e-m/nofp\libgcc.a
                0x0000000000000020                _region_min_align = 0x20

.rel.plt        0x000000000000c200        0x0
 *(SORT_BY_ALIGNMENT(.rel.plt))
                [!provide]                        PROVIDE (__rel_iplt_start = .)
 *(SORT_BY_ALIGNMENT(.rel.iplt))
 .rel.iplt      0x000000000000c200        0x0 app/libapp.a(main.c.obj)
                [!provide]                        PROVIDE (__rel_iplt_end = .)

.rela.plt       0x0000000000000000        0x0
 *(SORT_BY_ALIGNMENT(.rela.plt))
                [!provide]                        PROVIDE (__rela_iplt_start = .)
 *(SORT_BY_ALIGNMENT(.rela.iplt))
                [!provide]                        PROVIDE (__rela_iplt_end = .)

.rel.dyn
 *(SORT_BY_ALIGNMENT(.rel.*))

.rela.dyn
 *(SORT_BY_ALIGNMENT(.rela.*))

/DISCARD/
 *(SORT_BY_ALIGNMENT(.plt))

/DISCARD/
 *(SORT_BY_ALIGNMENT(.iplt))
                0x000000000000c200                __rom_region_start = 0xc200

rom_start       0x000000000000c200      0x100
                0x000000000000c200                __rom_start_address = .
 FILL mask 0x00
                0x000000000000c200                . = (. + (0x0 - (. - __rom_start_address)))
                0x000000000000c200                . = ALIGN (0x4)
                0x000000000000c200                . = ALIGN (0x80)
                0x000000000000c200                . = ALIGN (0x100)
                0x000000000000c200                _vector_start = .
 *(SORT_BY_ALIGNMENT(.exc_vector_table))
 *(SORT_BY_ALIGNMENT(.exc_vector_table.*))
 .exc_vector_table._vector_table_section
                0x000000000000c200       0x40 zephyr/arch/arch/arm/core/cortex_m/libarch__arm__core__cortex_m.a(vector_table.S.obj)
                0x000000000000c200                _vector_table
 *(SORT_BY_ALIGNMENT(.vectors))
                0x000000000000c300                _vector_end = .
                0x000000000000c240                . = ALIGN (0x4)
 *(SORT_BY_ALIGNMENT(.gnu.linkonce.irq_vector_table*))
 .gnu.linkonce.irq_vector_table
                0x000000000000c240       0xc0 zephyr/arch/common/libisr_tables.a(isr_tables.c.obj)
                0x000000000000c240                _irq_vector_table
                0x000000000000c300                _vector_end = .

text            0x000000000000c300     0xa510
                0x000000000000c300                __text_region_start = .
 *(SORT_BY_ALIGNMENT(.text))
 .text          0x000000000000c300       0x30 c:/ncs/toolchains/b620d30767/opt/zephyr-sdk/arm-zephyr-eabi/bin/../lib/gcc/arm-zephyr-eabi/12.2.0/thumb/v7e-m/nofp\libgcc.a(_aeabi_uldivmod.o)
                0x000000000000c300                __aeabi_uldivmod
 .text          0x000000000000c330        0x4 c:/ncs/toolchains/b620d30767/opt/zephyr-sdk/arm-zephyr-eabi/bin/../lib/gcc/arm-zephyr-eabi/12.2.0/thumb/v7e-m/nofp\libgcc.a(_dvmd_tls.o)
                0x000000000000c330                __aeabi_idiv0
                0x000000000000c330                __aeabi_ldiv0
 .text          0x000000000000c334      0x2a0 c:/ncs/toolchains/b620d30767/opt/zephyr-sdk/arm-zephyr-eabi/bin/../lib/gcc/arm-zephyr-eabi/12.2.0/thumb/v7e-m/nofp\libgcc.a(_udivmoddi4.o)
                0x000000000000c334                __udivmoddi4
 *(SORT_BY_ALIGNMENT(.text.*))
 .text.main     0x000000000000c5d4      0x108 app/libapp.a(main.c.obj)
                0x000000000000c5d4                main
 .text.char_out
                0x000000000000c6dc        0xc zephyr/libzephyr.a(printk.c.obj)
 .text.__printk_hook_install
                0x000000000000c6e8        0xc zephyr/libzephyr.a(printk.c.obj)
                0x000000000000c6e8                __printk_hook_install
 .text.vprintk  0x000000000000c6f4       0x30 zephyr/libzephyr.a(printk.c.obj)
                0x000000000000c6f4                vprintk
 .text.z_thread_entry
                0x000000000000c724       0x34 zephyr/libzephyr.a(thread_entry.c.obj)
                0x000000000000c724                z_thread_entry
 .text.sys_reboot
                0x000000000000c758       0x2c zephyr/libzephyr.a(reboot.c.obj)
                0x000000000000c758                sys_reboot
 .text.base64_encode
                0x000000000000c784      0x100 zephyr/libzephyr.a(base64.c.obj)
                0x000000000000c784                base64_encode
 .text.base64_decode
                0x000000000000c884      0x140 zephyr/libzephyr.a(base64.c.obj)
                0x000000000000c884                base64_decode
 .text.process_event
                0x000000000000c9c4      0x21c zephyr/libzephyr.a(onoff.c.obj)
 .text.mem_attr_get_regions
                0x000000000000cbe0        0xc zephyr/libzephyr.a(mem_attr.c.obj)
                0x000000000000cbe0                mem_attr_get_regions
 .text.flash_area_open
                0x000000000000cbec       0x50 zephyr/libzephyr.a(flash_map.c.obj)
                0x000000000000cbec                flash_area_open
 .text.stream_flash_init
                0x000000000000cc3c       0x98 zephyr/libzephyr.a(stream_flash.c.obj)
                0x000000000000cc3c                stream_flash_init
 .text.boot_banner
                0x000000000000ccd4       0x1c zephyr/libzephyr.a(banner.c.obj)
                0x000000000000ccd4                boot_banner
 .text.z_SysNmiOnReset
                0x000000000000ccf0        0x8 zephyr/arch/arch/arm/core/libarch__arm__core.a(nmi_on_reset.S.obj)
                0x000000000000ccf0                z_SysNmiOnReset
 .text.arch_tls_stack_setup
                0x000000000000ccf8       0x40 zephyr/arch/arch/arm/core/libarch__arm__core.a(tls.c.obj)
                0x000000000000ccf8                arch_tls_stack_setup
 .text._HandlerModeExit
                0x000000000000cd38       0x28 zephyr/arch/arch/arm/core/cortex_m/libarch__arm__core__cortex_m.a(exc_exit.c.obj)
                0x000000000000cd38                z_arm_int_exit
                0x000000000000cd38                z_arm_exc_exit
 .text.mem_manage_fault
                0x000000000000cd60       0xa0 zephyr/arch/arch/arm/core/cortex_m/libarch__arm__core__cortex_m.a(fault.c.obj)
 .text.usage_fault.constprop.0
                0x000000000000ce00       0x54 zephyr/arch/arch/arm/core/cortex_m/libarch__arm__core__cortex_m.a(fault.c.obj)
 .text.bus_fault.constprop.0
                0x000000000000ce54       0x6c zephyr/arch/arch/arm/core/cortex_m/libarch__arm__core__cortex_m.a(fault.c.obj)
 .text.z_arm_fault
                0x000000000000cec0      0x128 zephyr/arch/arch/arm/core/cortex_m/libarch__arm__core__cortex_m.a(fault.c.obj)
                0x000000000000cec0                z_arm_fault
 .text.z_arm_fault_init
                0x000000000000cfe8       0x18 zephyr/arch/arch/arm/core/cortex_m/libarch__arm__core__cortex_m.a(fault.c.obj)
                0x000000000000cfe8                z_arm_fault_init
 .text.__fault  0x000000000000d000       0x14 zephyr/arch/arch/arm/core/cortex_m/libarch__arm__core__cortex_m.a(fault_s.S.obj)
                0x000000000000d000                z_arm_usage_fault
                0x000000000000d000                z_arm_mpu_fault
                0x000000000000d000                z_arm_exc_spurious
                0x000000000000d000                z_arm_debug_monitor
                0x000000000000d000                z_arm_hard_fault
                0x000000000000d000                z_arm_bus_fault
 .text._reset_section
                0x000000000000d014       0x54 zephyr/arch/arch/arm/core/cortex_m/libarch__arm__core__cortex_m.a(reset.S.obj)
                0x000000000000d014                __start
                0x000000000000d014                z_arm_reset
 .text.sys_arch_reboot
                0x000000000000d068       0x24 zephyr/arch/arch/arm/core/cortex_m/libarch__arm__core__cortex_m.a(scb.c.obj)
                0x000000000000d068                sys_arch_reboot
 .text.z_arm_clear_arm_mpu_config
                0x000000000000d08c       0x24 zephyr/arch/arch/arm/core/cortex_m/libarch__arm__core__cortex_m.a(scb.c.obj)
                0x000000000000d08c                z_arm_clear_arm_mpu_config
 .text.z_arm_init_arch_hw_at_boot
                0x000000000000d0b0       0x64 zephyr/arch/arch/arm/core/cortex_m/libarch__arm__core__cortex_m.a(scb.c.obj)
                0x000000000000d0b0                z_arm_init_arch_hw_at_boot
 .text.z_impl_k_thread_abort
                0x000000000000d114       0x2c zephyr/arch/arch/arm/core/cortex_m/libarch__arm__core__cortex_m.a(thread_abort.c.obj)
                0x000000000000d114                z_impl_k_thread_abort
 .text.arch_swap
                0x000000000000d140       0x30 zephyr/arch/arch/arm/core/cortex_m/libarch__arm__core__cortex_m.a(swap.c.obj)
                0x000000000000d140                arch_swap
 .text.z_arm_pendsv_c
                0x000000000000d170       0x48 zephyr/arch/arch/arm/core/cortex_m/libarch__arm__core__cortex_m.a(swap.c.obj)
                0x000000000000d170                z_arm_pendsv_c
 .text.z_arm_pendsv
                0x000000000000d1b8       0x34 zephyr/arch/arch/arm/core/cortex_m/libarch__arm__core__cortex_m.a(swap_helper.S.obj)
                0x000000000000d1b8                z_arm_pendsv
 .text.z_arm_svc
                0x000000000000d1ec       0x20 zephyr/arch/arch/arm/core/cortex_m/libarch__arm__core__cortex_m.a(swap_helper.S.obj)
                0x000000000000d1ec                z_arm_svc
 .text.arch_irq_enable
                0x000000000000d20c       0x1c zephyr/arch/arch/arm/core/cortex_m/libarch__arm__core__cortex_m.a(irq_manage.c.obj)
                0x000000000000d20c                arch_irq_enable
 .text.arch_irq_disable
                0x000000000000d228       0x28 zephyr/arch/arch/arm/core/cortex_m/libarch__arm__core__cortex_m.a(irq_manage.c.obj)
                0x000000000000d228                arch_irq_disable
 .text.arch_irq_is_enabled
                0x000000000000d250       0x1c zephyr/arch/arch/arm/core/cortex_m/libarch__arm__core__cortex_m.a(irq_manage.c.obj)
                0x000000000000d250                arch_irq_is_enabled
 .text.z_arm_irq_priority_set
                0x000000000000d26c       0x30 zephyr/arch/arch/arm/core/cortex_m/libarch__arm__core__cortex_m.a(irq_manage.c.obj)
                0x000000000000d26c                z_arm_irq_priority_set
 .text.z_prep_c
                0x000000000000d29c       0x38 zephyr/arch/arch/arm/core/cortex_m/libarch__arm__core__cortex_m.a(prep_c.c.obj)
                0x000000000000d29c                z_prep_c
 .text.arch_new_thread
                0x000000000000d2d4       0x38 zephyr/arch/arch/arm/core/cortex_m/libarch__arm__core__cortex_m.a(thread.c.obj)
                0x000000000000d2d4                arch_new_thread
 .text.z_check_thread_stack_fail
                0x000000000000d30c       0x2c zephyr/arch/arch/arm/core/cortex_m/libarch__arm__core__cortex_m.a(thread.c.obj)
                0x000000000000d30c                z_check_thread_stack_fail
 .text.arch_switch_to_main_thread
                0x000000000000d338       0x44 zephyr/arch/arch/arm/core/cortex_m/libarch__arm__core__cortex_m.a(thread.c.obj)
                0x000000000000d338                arch_switch_to_main_thread
 .text.z_arm_cpu_idle_init
                0x000000000000d37c        0xc zephyr/arch/arch/arm/core/cortex_m/libarch__arm__core__cortex_m.a(cpu_idle.c.obj)
                0x000000000000d37c                z_arm_cpu_idle_init
 .text.z_arm_interrupt_init
                0x000000000000d388       0x18 zephyr/arch/arch/arm/core/cortex_m/libarch__arm__core__cortex_m.a(irq_init.c.obj)
                0x000000000000d388                z_arm_interrupt_init
 .text._isr_wrapper
                0x000000000000d3a0       0x24 zephyr/arch/arch/arm/core/cortex_m/libarch__arm__core__cortex_m.a(isr_wrapper.c.obj)
                0x000000000000d3a0                _isr_wrapper
 .text.z_arm_configure_static_mpu_regions
                0x000000000000d3c4       0x18 zephyr/arch/arch/arm/core/mpu/libarch__arm__core__mpu.a(arm_core_mpu.c.obj)
                0x000000000000d3c4                z_arm_configure_static_mpu_regions
 .text.z_arm_configure_dynamic_mpu_regions
                0x000000000000d3dc       0x20 zephyr/arch/arch/arm/core/mpu/libarch__arm__core__mpu.a(arm_core_mpu.c.obj)
                0x000000000000d3dc                z_arm_configure_dynamic_mpu_regions
 .text.region_init
                0x000000000000d3fc       0x28 zephyr/arch/arch/arm/core/mpu/libarch__arm__core__mpu.a(arm_mpu.c.obj)
 .text.mpu_configure_regions
                0x000000000000d424       0x6c zephyr/arch/arch/arm/core/mpu/libarch__arm__core__mpu.a(arm_mpu.c.obj)
 .text.arm_core_mpu_enable
                0x000000000000d490       0x18 zephyr/arch/arch/arm/core/mpu/libarch__arm__core__mpu.a(arm_mpu.c.obj)
                0x000000000000d490                arm_core_mpu_enable
 .text.arm_core_mpu_disable
                0x000000000000d4a8       0x14 zephyr/arch/arch/arm/core/mpu/libarch__arm__core__mpu.a(arm_mpu.c.obj)
                0x000000000000d4a8                arm_core_mpu_disable
 .text.arm_core_mpu_configure_static_mpu_regions
                0x000000000000d4bc       0x14 zephyr/arch/arch/arm/core/mpu/libarch__arm__core__mpu.a(arm_mpu.c.obj)
                0x000000000000d4bc                arm_core_mpu_configure_static_mpu_regions
 .text.arm_core_mpu_configure_dynamic_mpu_regions
                0x000000000000d4d0       0x38 zephyr/arch/arch/arm/core/mpu/libarch__arm__core__mpu.a(arm_mpu.c.obj)
                0x000000000000d4d0                arm_core_mpu_configure_dynamic_mpu_regions
 .text.z_arm_mpu_init
                0x000000000000d508      0x168 zephyr/arch/arch/arm/core/mpu/libarch__arm__core__mpu.a(arm_mpu.c.obj)
                0x000000000000d508                z_arm_mpu_init
 .text.z_impl_zephyr_fputc
                0x000000000000d670       0x10 zephyr/lib/libc/picolibc/liblib__libc__picolibc.a(libc-hooks.c.obj)
                0x000000000000d670                z_impl_zephyr_fputc
 .text.__stdout_hook_install
                0x000000000000d680       0x18 zephyr/lib/libc/picolibc/liblib__libc__picolibc.a(libc-hooks.c.obj)
                0x000000000000d680                __stdout_hook_install
 .text.malloc_prepare
                0x000000000000d698       0x24 zephyr/lib/libc/common/liblib__libc__common.a(malloc.c.obj)
 .text.net_buf_destroy
                0x000000000000d6bc       0x3c zephyr/lib/net_buf/liblib__net_buf.a(buf.c.obj)
 .text.net_buf_id
                0x000000000000d6f8       0x20 zephyr/lib/net_buf/liblib__net_buf.a(buf.c.obj)
                0x000000000000d6f8                net_buf_id
 .text.fixed_data_alloc
                0x000000000000d718       0x24 zephyr/lib/net_buf/liblib__net_buf.a(buf.c.obj)
 .text.net_buf_alloc_len
                0x000000000000d73c      0x124 zephyr/lib/net_buf/liblib__net_buf.a(buf.c.obj)
                0x000000000000d73c                net_buf_alloc_len
 .text.net_buf_unref
                0x000000000000d860       0x38 zephyr/lib/net_buf/liblib__net_buf.a(buf.c.obj)
                0x000000000000d860                net_buf_unref
 .text.nordicsemi_nrf52_init
                0x000000000000d898       0x18 zephyr/soc/soc/nrf52833/libsoc__nordic.a(soc.c.obj)
 .text.arch_busy_wait
                0x000000000000d8b0       0x14 zephyr/soc/soc/nrf52833/libsoc__nordic.a(soc.c.obj)
                0x000000000000d8b0                arch_busy_wait
 .text.mcumgr_handlers_init
                0x000000000000d8c4       0x24 zephyr/subsys/mgmt/mcumgr/mgmt/libsubsys__mgmt__mcumgr__mgmt.a(mgmt.c.obj)
 .text.mgmt_find_group
                0x000000000000d8e8       0x28 zephyr/subsys/mgmt/mcumgr/mgmt/libsubsys__mgmt__mcumgr__mgmt.a(mgmt.c.obj)
                0x000000000000d8e8                mgmt_find_group
 .text.mgmt_find_error_translation_function
                0x000000000000d910       0x30 zephyr/subsys/mgmt/mcumgr/mgmt/libsubsys__mgmt__mcumgr__mgmt.a(mgmt.c.obj)
                0x000000000000d910                mgmt_find_error_translation_function
 .text.mgmt_register_group
                0x000000000000d940       0x1c zephyr/subsys/mgmt/mcumgr/mgmt/libsubsys__mgmt__mcumgr__mgmt.a(mgmt.c.obj)
                0x000000000000d940                mgmt_register_group
 .text.smp_process_request_packet
                0x000000000000d95c      0x25c zephyr/subsys/mgmt/mcumgr/smp/libsubsys__mgmt__mcumgr__smp.a(smp.c.obj)
                0x000000000000d95c                smp_process_request_packet
 .text.smp_add_cmd_err
                0x000000000000dbb8       0x80 zephyr/subsys/mgmt/mcumgr/smp/libsubsys__mgmt__mcumgr__smp.a(smp.c.obj)
                0x000000000000dbb8                smp_add_cmd_err
 .text.img_mgmt_write_image_data
                0x000000000000dc38       0x38 zephyr/subsys/mgmt/mcumgr/grp/img_mgmt/libsubsys__mgmt__mcumgr__grp__img_mgmt.a(zephyr_img_mgmt.c.obj)
                0x000000000000dc38                img_mgmt_write_image_data
 .text.img_mgmt_erase_image_data
                0x000000000000dc70       0x9c zephyr/subsys/mgmt/mcumgr/grp/img_mgmt/libsubsys__mgmt__mcumgr__grp__img_mgmt.a(zephyr_img_mgmt.c.obj)
                0x000000000000dc70                img_mgmt_erase_image_data
 .text.img_mgmt_upload_inspect
                0x000000000000dd0c      0x148 zephyr/subsys/mgmt/mcumgr/grp/img_mgmt/libsubsys__mgmt__mcumgr__grp__img_mgmt.a(zephyr_img_mgmt.c.obj)
                0x000000000000dd0c                img_mgmt_upload_inspect
 .text.img_mgmt_state_encode_slot.isra.0
                0x000000000000de54      0x168 zephyr/subsys/mgmt/mcumgr/grp/img_mgmt/libsubsys__mgmt__mcumgr__grp__img_mgmt.a(img_mgmt_state.c.obj)
 .text.img_mgmt_state_read
                0x000000000000dfbc       0xe4 zephyr/subsys/mgmt/mcumgr/grp/img_mgmt/libsubsys__mgmt__mcumgr__grp__img_mgmt.a(img_mgmt_state.c.obj)
                0x000000000000dfbc                img_mgmt_state_read
 .text.img_mgmt_set_next_boot_slot
                0x000000000000e0a0       0xd0 zephyr/subsys/mgmt/mcumgr/grp/img_mgmt/libsubsys__mgmt__mcumgr__grp__img_mgmt.a(img_mgmt_state.c.obj)
                0x000000000000e0a0                img_mgmt_set_next_boot_slot
 .text.img_mgmt_state_write
                0x000000000000e170       0xec zephyr/subsys/mgmt/mcumgr/grp/img_mgmt/libsubsys__mgmt__mcumgr__grp__img_mgmt.a(img_mgmt_state.c.obj)
                0x000000000000e170                img_mgmt_state_write
 .text.img_mgmt_ver_str
                0x000000000000e25c       0x48 zephyr/subsys/mgmt/mcumgr/grp/img_mgmt/libsubsys__mgmt__mcumgr__grp__img_mgmt.a(img_mgmt_util.c.obj)
                0x000000000000e25c                img_mgmt_ver_str
 .text.img_mgmt_translate_error_code
                0x000000000000e2a4       0x14 zephyr/subsys/mgmt/mcumgr/grp/img_mgmt/libsubsys__mgmt__mcumgr__grp__img_mgmt.a(img_mgmt.c.obj)
 .text.img_mgmt_reset_upload
                0x000000000000e2b8       0x1c zephyr/subsys/mgmt/mcumgr/grp/img_mgmt/libsubsys__mgmt__mcumgr__grp__img_mgmt.a(img_mgmt.c.obj)
 .text.img_mgmt_register_group
                0x000000000000e2d4        0xc zephyr/subsys/mgmt/mcumgr/grp/img_mgmt/libsubsys__mgmt__mcumgr__grp__img_mgmt.a(img_mgmt.c.obj)
 .text.img_mgmt_upload_good_rsp.isra.0
                0x000000000000e2e0       0x30 zephyr/subsys/mgmt/mcumgr/grp/img_mgmt/libsubsys__mgmt__mcumgr__grp__img_mgmt.a(img_mgmt.c.obj)
 .text.img_mgmt_read_info
                0x000000000000e310      0x148 zephyr/subsys/mgmt/mcumgr/grp/img_mgmt/libsubsys__mgmt__mcumgr__grp__img_mgmt.a(img_mgmt.c.obj)
                0x000000000000e310                img_mgmt_read_info
 .text.img_mgmt_erase
                0x000000000000e458       0x7c zephyr/subsys/mgmt/mcumgr/grp/img_mgmt/libsubsys__mgmt__mcumgr__grp__img_mgmt.a(img_mgmt.c.obj)
 .text.img_mgmt_upload
                0x000000000000e4d4      0x1c4 zephyr/subsys/mgmt/mcumgr/grp/img_mgmt/libsubsys__mgmt__mcumgr__grp__img_mgmt.a(img_mgmt.c.obj)
 .text.os_mgmt_register_group
                0x000000000000e698        0xc zephyr/subsys/mgmt/mcumgr/grp/os_mgmt/libsubsys__mgmt__mcumgr__grp__os_mgmt.a(os_mgmt.c.obj)
 .text.os_mgmt_reset
                0x000000000000e6a4       0x18 zephyr/subsys/mgmt/mcumgr/grp/os_mgmt/libsubsys__mgmt__mcumgr__grp__os_mgmt.a(os_mgmt.c.obj)
 .text.os_mgmt_echo
                0x000000000000e6bc       0x64 zephyr/subsys/mgmt/mcumgr/grp/os_mgmt/libsubsys__mgmt__mcumgr__grp__os_mgmt.a(os_mgmt.c.obj)
 .text.smp_init
                0x000000000000e720       0x30 zephyr/subsys/mgmt/mcumgr/transport/libsubsys__mgmt__mcumgr__transport.a(smp.c.obj)
 .text.smp_packet_alloc
                0x000000000000e750       0x10 zephyr/subsys/mgmt/mcumgr/transport/libsubsys__mgmt__mcumgr__transport.a(smp.c.obj)
                0x000000000000e750                smp_packet_alloc
 .text.smp_transport_init
                0x000000000000e760       0x24 zephyr/subsys/mgmt/mcumgr/transport/libsubsys__mgmt__mcumgr__transport.a(smp.c.obj)
                0x000000000000e760                smp_transport_init
 .text.smp_rx_req
                0x000000000000e784       0x1c zephyr/subsys/mgmt/mcumgr/transport/libsubsys__mgmt__mcumgr__transport.a(smp.c.obj)
                0x000000000000e784                smp_rx_req
 .text.smp_uart_init
                0x000000000000e7a0       0x30 zephyr/subsys/mgmt/mcumgr/transport/libsubsys__mgmt__mcumgr__transport.a(smp_uart.c.obj)
 .text.smp_uart_rx_frag
                0x000000000000e7d0       0x1c zephyr/subsys/mgmt/mcumgr/transport/libsubsys__mgmt__mcumgr__transport.a(smp_uart.c.obj)
 .text.smp_uart_process_rx_queue
                0x000000000000e7ec       0x44 zephyr/subsys/mgmt/mcumgr/transport/libsubsys__mgmt__mcumgr__transport.a(smp_uart.c.obj)
 .text.mcumgr_serial_tx_pkt
                0x000000000000e830      0x154 zephyr/subsys/mgmt/mcumgr/transport/libsubsys__mgmt__mcumgr__transport.a(serial_util.c.obj)
                0x000000000000e830                mcumgr_serial_tx_pkt
 .text.onoff_stop
                0x000000000000e984       0x30 zephyr/drivers/clock_control/libdrivers__clock_control.a(clock_control_nrf.c.obj)
 .text.onoff_start
                0x000000000000e9b4       0x44 zephyr/drivers/clock_control/libdrivers__clock_control.a(clock_control_nrf.c.obj)
 .text.generic_hfclk_stop
                0x000000000000e9f8       0x34 zephyr/drivers/clock_control/libdrivers__clock_control.a(clock_control_nrf.c.obj)
 .text.clk_init
                0x000000000000ea2c       0x58 zephyr/drivers/clock_control/libdrivers__clock_control.a(clock_control_nrf.c.obj)
 .text.api_blocking_start
                0x000000000000ea84       0x34 zephyr/drivers/clock_control/libdrivers__clock_control.a(clock_control_nrf.c.obj)
 .text.clkstarted_handle.constprop.0
                0x000000000000eab8       0x4c zephyr/drivers/clock_control/libdrivers__clock_control.a(clock_control_nrf.c.obj)
 .text.generic_hfclk_start
                0x000000000000eb04       0x78 zephyr/drivers/clock_control/libdrivers__clock_control.a(clock_control_nrf.c.obj)
 .text.clock_event_handler
                0x000000000000eb7c       0x1c zephyr/drivers/clock_control/libdrivers__clock_control.a(clock_control_nrf.c.obj)
 .text.z_nrf_clock_control_lf_on
                0x000000000000eb98       0xfc zephyr/drivers/clock_control/libdrivers__clock_control.a(clock_control_nrf.c.obj)
                0x000000000000eb98                z_nrf_clock_control_lf_on
 .text.uart_console_init
                0x000000000000ec94       0x28 zephyr/drivers/console/libdrivers__console.a(uart_console.c.obj)
 .text.console_out
                0x000000000000ecbc       0x28 zephyr/drivers/console/libdrivers__console.a(uart_console.c.obj)
 .text.uart_mcumgr_send_raw
                0x000000000000ece4       0x24 zephyr/drivers/console/libdrivers__console.a(uart_mcumgr.c.obj)
 .text.uart_mcumgr_free_rx_buf
                0x000000000000ed08        0xc zephyr/drivers/console/libdrivers__console.a(uart_mcumgr.c.obj)
                0x000000000000ed08                uart_mcumgr_free_rx_buf
 .text.uart_mcumgr_isr
                0x000000000000ed14       0xf8 zephyr/drivers/console/libdrivers__console.a(uart_mcumgr.c.obj)
 .text.uart_mcumgr_send
                0x000000000000ee0c        0xc zephyr/drivers/console/libdrivers__console.a(uart_mcumgr.c.obj)
                0x000000000000ee0c                uart_mcumgr_send
 .text.uart_mcumgr_register
                0x000000000000ee18       0x4c zephyr/drivers/console/libdrivers__console.a(uart_mcumgr.c.obj)
                0x000000000000ee18                uart_mcumgr_register
 .text.flash_nor_get_parameters
                0x000000000000ee64        0x8 zephyr/drivers/flash/libdrivers__flash.a(spi_nor.c.obj)
 .text.spi_nor_init
                0x000000000000ee6c      0x358 zephyr/drivers/flash/libdrivers__flash.a(spi_nor.c.obj)
 .text.flash_nrf_pages_layout
                0x000000000000f1c4       0x10 zephyr/drivers/flash/libdrivers__flash.a(soc_flash_nrf.c.obj)
 .text.flash_nrf_get_parameters
                0x000000000000f1d4        0x8 zephyr/drivers/flash/libdrivers__flash.a(soc_flash_nrf.c.obj)
 .text.nrf_flash_init
                0x000000000000f1dc       0x28 zephyr/drivers/flash/libdrivers__flash.a(soc_flash_nrf.c.obj)
 .text.flash_nrf_erase
                0x000000000000f204       0x64 zephyr/drivers/flash/libdrivers__flash.a(soc_flash_nrf.c.obj)
 .text.flash_nrf_write
                0x000000000000f268       0x64 zephyr/drivers/flash/libdrivers__flash.a(soc_flash_nrf.c.obj)
 .text.jesd216_bfp_decode_dw16
                0x000000000000f2cc       0x40 zephyr/drivers/flash/libdrivers__flash.a(jesd216.c.obj)
                0x000000000000f2cc                jesd216_bfp_decode_dw16
 .text.gpio_nrfx_pin_interrupt_configure
                0x000000000000f30c      0x100 zephyr/drivers/gpio/libdrivers__gpio.a(gpio_nrfx.c.obj)
 .text.gpio_nrfx_init
                0x000000000000f40c       0x48 zephyr/drivers/gpio/libdrivers__gpio.a(gpio_nrfx.c.obj)
 .text.nrfx_gpio_handler
                0x000000000000f454       0x4c zephyr/drivers/gpio/libdrivers__gpio.a(gpio_nrfx.c.obj)
 .text.gpio_nrfx_pin_configure
                0x000000000000f4a0      0x18c zephyr/drivers/gpio/libdrivers__gpio.a(gpio_nrfx.c.obj)
 .text.nrf_gpio_pin_port_decode
                0x000000000000f62c       0x20 zephyr/drivers/pinctrl/libdrivers__pinctrl.a(pinctrl_nrf.c.obj)
 .text.pinctrl_configure_pins
                0x000000000000f64c      0x170 zephyr/drivers/pinctrl/libdrivers__pinctrl.a(pinctrl_nrf.c.obj)
                0x000000000000f64c                pinctrl_configure_pins
 .text.uarte_nrfx_poll_out
                0x000000000000f7bc       0xb4 zephyr/drivers/serial/libdrivers__serial.a(uart_nrfx_uarte.c.obj)
 .text.uarte_0_init
                0x000000000000f870      0x10c zephyr/drivers/serial/libdrivers__serial.a(uart_nrfx_uarte.c.obj)
 .text.transfer_next_chunk
                0x000000000000f97c       0x70 zephyr/drivers/spi/libdrivers__spi.a(spi_nrfx_spi.c.obj)
 .text.spi_nrfx_transceive
                0x000000000000f9ec      0x368 zephyr/drivers/spi/libdrivers__spi.a(spi_nrfx_spi.c.obj)
 .text.nrf_gpio_cfg_input
                0x000000000000fd54       0x40 zephyr/drivers/spi/libdrivers__spi.a(spi_nrfx_common.c.obj)
 .text.spi_nrfx_wake_init
                0x000000000000fd94       0x60 zephyr/drivers/spi/libdrivers__spi.a(spi_nrfx_common.c.obj)
                0x000000000000fd94                spi_nrfx_wake_init
 .text.transfer_next_chunk
                0x000000000000fdf4       0xd0 zephyr/drivers/spi/libdrivers__spi.a(spi_nrfx_spim.c.obj)
 .text.spi_nrfx_transceive
                0x000000000000fec4      0x370 zephyr/drivers/spi/libdrivers__spi.a(spi_nrfx_spim.c.obj)
 .text.compare_int_lock
                0x0000000000010234       0x48 zephyr/drivers/timer/libdrivers__timer.a(nrf_rtc_timer.c.obj)
 .text.sys_clock_timeout_handler
                0x000000000001027c       0x48 zephyr/drivers/timer/libdrivers__timer.a(nrf_rtc_timer.c.obj)
 .text.compare_int_unlock
                0x00000000000102c4       0x5c zephyr/drivers/timer/libdrivers__timer.a(nrf_rtc_timer.c.obj)
 .text.z_nrf_rtc_timer_read
                0x0000000000010320       0x44 zephyr/drivers/timer/libdrivers__timer.a(nrf_rtc_timer.c.obj)
                0x0000000000010320                z_nrf_rtc_timer_read
 .text.compare_set
                0x0000000000010364      0x130 zephyr/drivers/timer/libdrivers__timer.a(nrf_rtc_timer.c.obj)
 .text.sys_clock_driver_init
                0x0000000000010494       0x90 zephyr/drivers/timer/libdrivers__timer.a(nrf_rtc_timer.c.obj)
 .text.rtc_nrf_isr
                0x0000000000010524       0xd4 zephyr/drivers/timer/libdrivers__timer.a(nrf_rtc_timer.c.obj)
                0x0000000000010524                rtc_nrf_isr
 .text.sys_clock_set_timeout
                0x00000000000105f8       0x5c zephyr/drivers/timer/libdrivers__timer.a(nrf_rtc_timer.c.obj)
                0x00000000000105f8                sys_clock_set_timeout
 .text.sys_clock_elapsed
                0x0000000000010654       0x14 zephyr/drivers/timer/libdrivers__timer.a(nrf_rtc_timer.c.obj)
                0x0000000000010654                sys_clock_elapsed
 .text.sys_clock_disable
                0x0000000000010668       0x30 zephyr/drivers/timer/libdrivers__timer.a(nrf_rtc_timer.c.obj)
                0x0000000000010668                sys_clock_disable
 .text.boot_write_magic
                0x0000000000010698       0x44 modules/mcuboot/boot/bootutil/zephyr/libmcuboot_util.a(bootutil_public.c.obj)
                0x0000000000010698                boot_write_magic
 .text.boot_read_swap_state
                0x00000000000106dc       0xac modules/mcuboot/boot/bootutil/zephyr/libmcuboot_util.a(bootutil_public.c.obj)
                0x00000000000106dc                boot_read_swap_state
 .text.boot_swap_type_multi
                0x0000000000010788       0xa4 modules/mcuboot/boot/bootutil/zephyr/libmcuboot_util.a(bootutil_public.c.obj)
                0x0000000000010788                boot_swap_type_multi
 .text.nvmc_wait
                0x000000000001082c       0x10 modules/hal_nordic/nrfx/libmodules__hal_nordic__nrfx.a(system_nrf52833.c.obj)
                0x000000000001082c                nvmc_wait
 .text.SystemInit
                0x000000000001083c      0x14c modules/hal_nordic/nrfx/libmodules__hal_nordic__nrfx.a(system_nrf52833.c.obj)
                0x000000000001083c                SystemInit
 .text.nrfx_flag32_alloc
                0x0000000000010988       0x48 modules/hal_nordic/nrfx/libmodules__hal_nordic__nrfx.a(nrfx_flag32_allocator.c.obj)
                0x0000000000010988                nrfx_flag32_alloc
 .text.nrfx_flag32_free
                0x00000000000109d0       0x40 modules/hal_nordic/nrfx/libmodules__hal_nordic__nrfx.a(nrfx_flag32_allocator.c.obj)
                0x00000000000109d0                nrfx_flag32_free
 .text.nrfx_gppi_channels_enable
                0x0000000000010a10        0xc modules/hal_nordic/nrfx/libmodules__hal_nordic__nrfx.a(nrfx_gppi_ppi.c.obj)
                0x0000000000010a10                nrfx_gppi_channels_enable
 .text.nrfx_clock_init
                0x0000000000010a1c       0x20 modules/hal_nordic/nrfx/libmodules__hal_nordic__nrfx.a(nrfx_clock.c.obj)
                0x0000000000010a1c                nrfx_clock_init
 .text.nrfx_clock_enable
                0x0000000000010a3c       0x24 modules/hal_nordic/nrfx/libmodules__hal_nordic__nrfx.a(nrfx_clock.c.obj)
                0x0000000000010a3c                nrfx_clock_enable
 .text.nrfx_clock_start
                0x0000000000010a60       0xa8 modules/hal_nordic/nrfx/libmodules__hal_nordic__nrfx.a(nrfx_clock.c.obj)
                0x0000000000010a60                nrfx_clock_start
 .text.nrfx_power_clock_irq_handler
                0x0000000000010b08       0x64 modules/hal_nordic/nrfx/libmodules__hal_nordic__nrfx.a(nrfx_clock.c.obj)
                0x0000000000010b08                nrfx_power_clock_irq_handler
 .text.nrf_gpio_pin_port_decode
                0x0000000000010b6c       0x20 modules/hal_nordic/nrfx/libmodules__hal_nordic__nrfx.a(nrfx_gpiote.c.obj)
 .text.get_pin_idx
                0x0000000000010b8c       0x14 modules/hal_nordic/nrfx/libmodules__hal_nordic__nrfx.a(nrfx_gpiote.c.obj)
 .text.call_handler.constprop.0
                0x0000000000010ba0       0x40 modules/hal_nordic/nrfx/libmodules__hal_nordic__nrfx.a(nrfx_gpiote.c.obj)
 .text.pin_te_get.constprop.0
                0x0000000000010be0       0x18 modules/hal_nordic/nrfx/libmodules__hal_nordic__nrfx.a(nrfx_gpiote.c.obj)
 .text.pin_is_output.constprop.0
                0x0000000000010bf8       0x18 modules/hal_nordic/nrfx/libmodules__hal_nordic__nrfx.a(nrfx_gpiote.c.obj)
 .text.pin_in_use_by_te.constprop.0
                0x0000000000010c10       0x18 modules/hal_nordic/nrfx/libmodules__hal_nordic__nrfx.a(nrfx_gpiote.c.obj)
 .text.latch_pending_read_and_check
                0x0000000000010c28       0x40 modules/hal_nordic/nrfx/libmodules__hal_nordic__nrfx.a(nrfx_gpiote.c.obj)
 .text.release_handler.isra.0
                0x0000000000010c68       0x58 modules/hal_nordic/nrfx/libmodules__hal_nordic__nrfx.a(nrfx_gpiote.c.obj)
 .text.__nrfy_internal_gpiote_events_process.constprop.0
                0x0000000000010cc0       0x5c modules/hal_nordic/nrfx/libmodules__hal_nordic__nrfx.a(nrfx_gpiote.c.obj)
 .text.pin_uninit
                0x0000000000010d1c       0x80 modules/hal_nordic/nrfx/libmodules__hal_nordic__nrfx.a(nrfx_gpiote.c.obj)
 .text.nrfx_gpiote_input_configure
                0x0000000000010d9c      0x174 modules/hal_nordic/nrfx/libmodules__hal_nordic__nrfx.a(nrfx_gpiote.c.obj)
                0x0000000000010d9c                nrfx_gpiote_input_configure
 .text.nrfx_gpiote_output_configure
                0x0000000000010f10       0xfc modules/hal_nordic/nrfx/libmodules__hal_nordic__nrfx.a(nrfx_gpiote.c.obj)
                0x0000000000010f10                nrfx_gpiote_output_configure
 .text.nrfx_gpiote_global_callback_set
                0x000000000001100c        0xc modules/hal_nordic/nrfx/libmodules__hal_nordic__nrfx.a(nrfx_gpiote.c.obj)
                0x000000000001100c                nrfx_gpiote_global_callback_set
 .text.nrfx_gpiote_channel_get
                0x0000000000011018       0x34 modules/hal_nordic/nrfx/libmodules__hal_nordic__nrfx.a(nrfx_gpiote.c.obj)
                0x0000000000011018                nrfx_gpiote_channel_get
 .text.nrfx_gpiote_init
                0x000000000001104c       0x68 modules/hal_nordic/nrfx/libmodules__hal_nordic__nrfx.a(nrfx_gpiote.c.obj)
                0x000000000001104c                nrfx_gpiote_init
 .text.nrfx_gpiote_init_check
                0x00000000000110b4       0x14 modules/hal_nordic/nrfx/libmodules__hal_nordic__nrfx.a(nrfx_gpiote.c.obj)
                0x00000000000110b4                nrfx_gpiote_init_check
 .text.nrfx_gpiote_channel_free
                0x00000000000110c8        0xc modules/hal_nordic/nrfx/libmodules__hal_nordic__nrfx.a(nrfx_gpiote.c.obj)
                0x00000000000110c8                nrfx_gpiote_channel_free
 .text.nrfx_gpiote_channel_alloc
                0x00000000000110d4        0xc modules/hal_nordic/nrfx/libmodules__hal_nordic__nrfx.a(nrfx_gpiote.c.obj)
                0x00000000000110d4                nrfx_gpiote_channel_alloc
 .text.nrfx_gpiote_trigger_enable
                0x00000000000110e0       0xb0 modules/hal_nordic/nrfx/libmodules__hal_nordic__nrfx.a(nrfx_gpiote.c.obj)
                0x00000000000110e0                nrfx_gpiote_trigger_enable
 .text.nrfx_gpiote_0_irq_handler
                0x0000000000011190      0x1bc modules/hal_nordic/nrfx/libmodules__hal_nordic__nrfx.a(nrfx_gpiote.c.obj)
                0x0000000000011190                nrfx_gpiote_0_irq_handler
 .text.nvmc_word_write
                0x000000000001134c       0x18 modules/hal_nordic/nrfx/libmodules__hal_nordic__nrfx.a(nrfx_nvmc.c.obj)
 .text.nrfx_nvmc_page_erase
                0x0000000000011364       0x40 modules/hal_nordic/nrfx/libmodules__hal_nordic__nrfx.a(nrfx_nvmc.c.obj)
                0x0000000000011364                nrfx_nvmc_page_erase
 .text.nrfx_nvmc_word_write
                0x00000000000113a4       0x1c modules/hal_nordic/nrfx/libmodules__hal_nordic__nrfx.a(nrfx_nvmc.c.obj)
                0x00000000000113a4                nrfx_nvmc_word_write
 .text.nrfx_ppi_channel_alloc
                0x00000000000113c0        0xc modules/hal_nordic/nrfx/libmodules__hal_nordic__nrfx.a(nrfx_ppi.c.obj)
                0x00000000000113c0                nrfx_ppi_channel_alloc
 .text.nrf_gpio_pin_port_decode
                0x00000000000113cc       0x20 modules/hal_nordic/nrfx/libmodules__hal_nordic__nrfx.a(nrfx_spi.c.obj)
 .text.nrf_gpio_cfg_output
                0x00000000000113ec       0x2c modules/hal_nordic/nrfx/libmodules__hal_nordic__nrfx.a(nrfx_spi.c.obj)
 .text.spi_configure
                0x0000000000011418      0x120 modules/hal_nordic/nrfx/libmodules__hal_nordic__nrfx.a(nrfx_spi.c.obj)
 .text.nrf_gpio_cfg_default
                0x0000000000011538       0x2c modules/hal_nordic/nrfx/libmodules__hal_nordic__nrfx.a(nrfx_spi.c.obj)
 .text.nrfx_spi_init
                0x0000000000011564       0x68 modules/hal_nordic/nrfx/libmodules__hal_nordic__nrfx.a(nrfx_spi.c.obj)
                0x0000000000011564                nrfx_spi_init
 .text.nrfx_spi_uninit
                0x00000000000115cc       0x70 modules/hal_nordic/nrfx/libmodules__hal_nordic__nrfx.a(nrfx_spi.c.obj)
                0x00000000000115cc                nrfx_spi_uninit
 .text.nrfx_spi_xfer
                0x000000000001163c       0xfc modules/hal_nordic/nrfx/libmodules__hal_nordic__nrfx.a(nrfx_spi.c.obj)
                0x000000000001163c                nrfx_spi_xfer
 .text.nrfx_spi_1_irq_handler
                0x0000000000011738       0x40 modules/hal_nordic/nrfx/libmodules__hal_nordic__nrfx.a(nrfx_spi.c.obj)
                0x0000000000011738                nrfx_spi_1_irq_handler
 .text.nrf_gpio_pin_port_decode
                0x0000000000011778       0x20 modules/hal_nordic/nrfx/libmodules__hal_nordic__nrfx.a(nrfx_spim.c.obj)
 .text.spim_frequency_valid_check.constprop.0
                0x0000000000011798       0x64 modules/hal_nordic/nrfx/libmodules__hal_nordic__nrfx.a(nrfx_spim.c.obj)
 .text.pin_init
                0x00000000000117fc       0x50 modules/hal_nordic/nrfx/libmodules__hal_nordic__nrfx.a(nrfx_spim.c.obj)
 .text.spim_configure
                0x000000000001184c      0x230 modules/hal_nordic/nrfx/libmodules__hal_nordic__nrfx.a(nrfx_spim.c.obj)
 .text.spim_pin_uninit
                0x0000000000011a7c       0x30 modules/hal_nordic/nrfx/libmodules__hal_nordic__nrfx.a(nrfx_spim.c.obj)
 .text.nrfx_spim_init
                0x0000000000011aac       0x68 modules/hal_nordic/nrfx/libmodules__hal_nordic__nrfx.a(nrfx_spim.c.obj)
                0x0000000000011aac                nrfx_spim_init
 .text.nrfx_spim_uninit
                0x0000000000011b14       0x8c modules/hal_nordic/nrfx/libmodules__hal_nordic__nrfx.a(nrfx_spim.c.obj)
                0x0000000000011b14                nrfx_spim_uninit
 .text.nrfx_spim_xfer
                0x0000000000011ba0      0x16c modules/hal_nordic/nrfx/libmodules__hal_nordic__nrfx.a(nrfx_spim.c.obj)
                0x0000000000011ba0                nrfx_spim_xfer
 .text.nrfx_spim_3_irq_handler
                0x0000000000011d0c       0x54 modules/hal_nordic/nrfx/libmodules__hal_nordic__nrfx.a(nrfx_spim.c.obj)
                0x0000000000011d0c                nrfx_spim_3_irq_handler
 .text._DoInit  0x0000000000011d60       0x68 modules/segger/libmodules__segger.a(SEGGER_RTT.c.obj)
 .text.value_encode_len
                0x0000000000011dc8       0x60 modules/zcbor/libmodules__zcbor.a(zcbor_encode.c.obj)
 .text.z_fatal_error
                0x0000000000011e28       0x30 zephyr/kernel/libkernel.a(fatal.c.obj)
                0x0000000000011e28                z_fatal_error
 .text.z_sys_init_run_level
                0x0000000000011e58       0x2c zephyr/kernel/libkernel.a(init.c.obj)
 .text.bg_thread_main
                0x0000000000011e84       0xc4 zephyr/kernel/libkernel.a(init.c.obj)
 .text.z_bss_zero
                0x0000000000011f48       0x18 zephyr/kernel/libkernel.a(init.c.obj)
                0x0000000000011f48                z_bss_zero
 .text.z_init_cpu
                0x0000000000011f60       0x70 zephyr/kernel/libkernel.a(init.c.obj)
                0x0000000000011f60                z_init_cpu
 .text.z_cstart
                0x0000000000011fd0       0xdc zephyr/kernel/libkernel.a(init.c.obj)
                0x0000000000011fd0                z_cstart
 .text.statics_init
                0x00000000000120ac       0x24 zephyr/kernel/libkernel.a(kheap.c.obj)
 .text.init_mem_slab_obj_core_list
                0x00000000000120d0       0x24 zephyr/kernel/libkernel.a(mem_slab.c.obj)
 .text.k_mem_slab_alloc
                0x00000000000120f4       0x5c zephyr/kernel/libkernel.a(mem_slab.c.obj)
                0x00000000000120f4                k_mem_slab_alloc
 .text.z_impl_k_queue_get
                0x0000000000012150       0x64 zephyr/kernel/libkernel.a(queue.c.obj)
                0x0000000000012150                z_impl_k_queue_get
 .text.z_impl_k_sem_give
                0x00000000000121b4       0x48 zephyr/kernel/libkernel.a(sem.c.obj)
                0x00000000000121b4                z_impl_k_sem_give
 .text.z_impl_k_sem_take
                0x00000000000121fc       0x4c zephyr/kernel/libkernel.a(sem.c.obj)
                0x00000000000121fc                z_impl_k_sem_take
 .text.z_impl_k_sem_reset
                0x0000000000012248       0x38 zephyr/kernel/libkernel.a(sem.c.obj)
                0x0000000000012248                z_impl_k_sem_reset
 .text.k_sys_work_q_init
                0x0000000000012280       0x34 zephyr/kernel/libkernel.a(system_work_q.c.obj)
 .text.work_queue_main
                0x00000000000122b4      0x144 zephyr/kernel/libkernel.a(work.c.obj)
 .text.submit_to_queue_locked
                0x00000000000123f8       0xb4 zephyr/kernel/libkernel.a(work.c.obj)
 .text.k_work_submit
                0x00000000000124ac        0xc zephyr/kernel/libkernel.a(work.c.obj)
                0x00000000000124ac                k_work_submit
 .text.k_work_queue_start
                0x00000000000124b8       0x7c zephyr/kernel/libkernel.a(work.c.obj)
                0x00000000000124b8                k_work_queue_start
 .text.k_work_schedule_for_queue
                0x0000000000012534       0x54 zephyr/kernel/libkernel.a(work.c.obj)
                0x0000000000012534                k_work_schedule_for_queue
 .text.k_work_schedule
                0x0000000000012588        0xc zephyr/kernel/libkernel.a(work.c.obj)
                0x0000000000012588                k_work_schedule
 .text.z_setup_new_thread
                0x0000000000012594       0x98 zephyr/kernel/libkernel.a(thread.c.obj)
                0x0000000000012594                z_setup_new_thread
 .text.z_impl_k_thread_create
                0x000000000001262c       0x58 zephyr/kernel/libkernel.a(thread.c.obj)
                0x000000000001262c                z_impl_k_thread_create
 .text.update_cache
                0x0000000000012684       0x3c zephyr/kernel/libkernel.a(sched.c.obj)
 .text.unready_thread
                0x00000000000126c0       0x30 zephyr/kernel/libkernel.a(sched.c.obj)
 .text.ready_thread
                0x00000000000126f0       0x68 zephyr/kernel/libkernel.a(sched.c.obj)
 .text.z_thread_halt
                0x0000000000012758       0xdc zephyr/kernel/libkernel.a(sched.c.obj)
 .text.move_thread_to_end_of_prio_q
                0x0000000000012834       0x74 zephyr/kernel/libkernel.a(sched.c.obj)
                0x0000000000012834                move_thread_to_end_of_prio_q
 .text.z_pend_curr
                0x00000000000128a8       0x58 zephyr/kernel/libkernel.a(sched.c.obj)
                0x00000000000128a8                z_pend_curr
 .text.z_reschedule
                0x0000000000012900       0x24 zephyr/kernel/libkernel.a(sched.c.obj)
                0x0000000000012900                z_reschedule
 .text.z_sched_start
                0x0000000000012924       0x3c zephyr/kernel/libkernel.a(sched.c.obj)
                0x0000000000012924                z_sched_start
 .text.z_reschedule_irqlock
                0x0000000000012960       0x28 zephyr/kernel/libkernel.a(sched.c.obj)
                0x0000000000012960                z_reschedule_irqlock
 .text.k_sched_lock
                0x0000000000012988       0x28 zephyr/kernel/libkernel.a(sched.c.obj)
                0x0000000000012988                k_sched_lock
 .text.k_sched_unlock
                0x00000000000129b0       0x40 zephyr/kernel/libkernel.a(sched.c.obj)
                0x00000000000129b0                k_sched_unlock
 .text.z_sched_init
                0x00000000000129f0       0x10 zephyr/kernel/libkernel.a(sched.c.obj)
                0x00000000000129f0                z_sched_init
 .text.z_impl_k_yield
                0x0000000000012a00       0x7c zephyr/kernel/libkernel.a(sched.c.obj)
                0x0000000000012a00                z_impl_k_yield
 .text.z_tick_sleep
                0x0000000000012a7c       0x88 zephyr/kernel/libkernel.a(sched.c.obj)
 .text.z_impl_k_sleep
                0x0000000000012b04       0x3c zephyr/kernel/libkernel.a(sched.c.obj)
                0x0000000000012b04                z_impl_k_sleep
 .text.z_impl_k_sched_current_thread_query
                0x0000000000012b40        0xc zephyr/kernel/libkernel.a(sched.c.obj)
                0x0000000000012b40                z_impl_k_sched_current_thread_query
 .text.z_sched_wait
                0x0000000000012b4c       0x24 zephyr/kernel/libkernel.a(sched.c.obj)
                0x0000000000012b4c                z_sched_wait
 .text.slice_timeout
                0x0000000000012b70       0x20 zephyr/kernel/libkernel.a(timeslicing.c.obj)
 .text.thread_is_sliceable
                0x0000000000012b90       0x3c zephyr/kernel/libkernel.a(timeslicing.c.obj)
                0x0000000000012b90                thread_is_sliceable
 .text.z_reset_time_slice
                0x0000000000012bcc       0x50 zephyr/kernel/libkernel.a(timeslicing.c.obj)
                0x0000000000012bcc                z_reset_time_slice
 .text.z_time_slice
                0x0000000000012c1c       0x60 zephyr/kernel/libkernel.a(timeslicing.c.obj)
                0x0000000000012c1c                z_time_slice
 .text.z_data_copy
                0x0000000000012c7c       0x34 zephyr/kernel/libkernel.a(xip.c.obj)
                0x0000000000012c7c                z_data_copy
 .text.elapsed  0x0000000000012cb0       0x14 zephyr/kernel/libkernel.a(timeout.c.obj)
 .text.remove_timeout
                0x0000000000012cc4       0x38 zephyr/kernel/libkernel.a(timeout.c.obj)
 .text.next_timeout
                0x0000000000012cfc       0x40 zephyr/kernel/libkernel.a(timeout.c.obj)
 .text.z_add_timeout
                0x0000000000012d3c       0xf4 zephyr/kernel/libkernel.a(timeout.c.obj)
                0x0000000000012d3c                z_add_timeout
 .text.sys_clock_announce
                0x0000000000012e30       0xd0 zephyr/kernel/libkernel.a(timeout.c.obj)
                0x0000000000012e30                sys_clock_announce
 .text.sys_clock_tick_get
                0x0000000000012f00       0x30 zephyr/kernel/libkernel.a(timeout.c.obj)
                0x0000000000012f00                sys_clock_tick_get
 .text.z_thread_aligned_alloc
                0x0000000000012f30       0x40 zephyr/kernel/libkernel.a(mempool.c.obj)
                0x0000000000012f30                z_thread_aligned_alloc
 .text.snprintf
                0x0000000000012f70       0x58 c:\ncs\toolchains\b620d30767\opt\zephyr-sdk\arm-zephyr-eabi\bin\../lib/gcc/../../picolibc/arm-zephyr-eabi/lib/thumb/v7e-m/nofp\libc.a(libc_tinystdio_snprintf.c.o)
                0x0000000000012f70                snprintf
 .text.__l_vfprintf
                0x0000000000012fc8      0x4b8 c:\ncs\toolchains\b620d30767\opt\zephyr-sdk\arm-zephyr-eabi\bin\../lib/gcc/../../picolibc/arm-zephyr-eabi/lib/thumb/v7e-m/nofp\libc.a(libc_tinystdio_vflprintf.c.o)
                0x0000000000012fc8                __l_vfprintf
 .text._OffsetAbsSyms
                0x0000000000013480        0x2 zephyr/CMakeFiles/offsets.dir/./arch/arm/core/offsets/offsets.c.obj
                0x0000000000013480                _OffsetAbsSyms
 .text.gpio_pin_configure_dt.constprop.0
                0x0000000000013482       0x34 app/libapp.a(main.c.obj)
 .text.gpio_pin_set_dt.isra.0
                0x00000000000134b6       0x28 app/libapp.a(main.c.obj)
 .text.k_msleep.isra.0
                0x00000000000134de       0x20 app/libapp.a(main.c.obj)
 .text.crc16_itu_t
                0x00000000000134fe       0x28 zephyr/libzephyr.a(crc16_sw.c.obj)
                0x00000000000134fe                crc16_itu_t
 .text.chunk_field
                0x0000000000013526       0x16 zephyr/libzephyr.a(heap.c.obj)
 .text.chunk_set
                0x000000000001353c       0x16 zephyr/libzephyr.a(heap.c.obj)
 .text.chunk_size
                0x0000000000013552        0xc zephyr/libzephyr.a(heap.c.obj)
 .text.set_chunk_used
                0x000000000001355e       0x30 zephyr/libzephyr.a(heap.c.obj)
 .text.set_chunk_size
                0x000000000001358e        0x8 zephyr/libzephyr.a(heap.c.obj)
 .text.mem_to_chunkid
                0x0000000000013596       0x14 zephyr/libzephyr.a(heap.c.obj)
 .text.bucket_idx.isra.0
                0x00000000000135aa       0x1c zephyr/libzephyr.a(heap.c.obj)
 .text.free_list_remove_bidx
                0x00000000000135c6       0x5c zephyr/libzephyr.a(heap.c.obj)
 .text.free_list_remove
                0x0000000000013622       0x2e zephyr/libzephyr.a(heap.c.obj)
 .text.alloc_chunk
                0x0000000000013650       0x74 zephyr/libzephyr.a(heap.c.obj)
 .text.split_chunks
                0x00000000000136c4       0x4e zephyr/libzephyr.a(heap.c.obj)
 .text.merge_chunks
                0x0000000000013712       0x3c zephyr/libzephyr.a(heap.c.obj)
 .text.free_list_add
                0x000000000001374e       0x84 zephyr/libzephyr.a(heap.c.obj)
 .text.free_chunk
                0x00000000000137d2       0x84 zephyr/libzephyr.a(heap.c.obj)
 .text.sys_heap_free
                0x0000000000013856       0x24 zephyr/libzephyr.a(heap.c.obj)
                0x0000000000013856                sys_heap_free
 .text.sys_heap_alloc
                0x000000000001387a       0x6e zephyr/libzephyr.a(heap.c.obj)
                0x000000000001387a                sys_heap_alloc
 .text.sys_heap_aligned_alloc
                0x00000000000138e8       0xe8 zephyr/libzephyr.a(heap.c.obj)
                0x00000000000138e8                sys_heap_aligned_alloc
 .text.sys_heap_init
                0x00000000000139d0       0xb0 zephyr/libzephyr.a(heap.c.obj)
                0x00000000000139d0                sys_heap_init
 .text.arch_printk_char_out
                0x0000000000013a80        0x4 zephyr/libzephyr.a(printk.c.obj)
                0x0000000000013a80                arch_printk_char_out
 .text.printk   0x0000000000013a84       0x1a zephyr/libzephyr.a(printk.c.obj)
                0x0000000000013a84                printk
 .text.process_recheck
                0x0000000000013a9e       0x38 zephyr/libzephyr.a(onoff.c.obj)
 .text.validate_args
                0x0000000000013ad6       0x20 zephyr/libzephyr.a(onoff.c.obj)
 .text.notify_one
                0x0000000000013af6       0x2c zephyr/libzephyr.a(onoff.c.obj)
 .text.transition_complete
                0x0000000000013b22       0x1a zephyr/libzephyr.a(onoff.c.obj)
 .text.onoff_manager_init
                0x0000000000013b3c       0x26 zephyr/libzephyr.a(onoff.c.obj)
                0x0000000000013b3c                onoff_manager_init
 .text.onoff_request
                0x0000000000013b62       0xae zephyr/libzephyr.a(onoff.c.obj)
                0x0000000000013b62                onoff_request
 .text.sys_notify_validate
                0x0000000000013c10       0x22 zephyr/libzephyr.a(notify.c.obj)
                0x0000000000013c10                sys_notify_validate
 .text.sys_notify_finalize
                0x0000000000013c32       0x1a zephyr/libzephyr.a(notify.c.obj)
                0x0000000000013c32                sys_notify_finalize
 .text._ConfigAbsSyms
                0x0000000000013c4c        0x2 zephyr/libzephyr.a(configs.c.obj)
                0x0000000000013c4c                _ConfigAbsSyms
 .text.flash_area_close
                0x0000000000013c4e        0x2 zephyr/libzephyr.a(flash_map.c.obj)
                0x0000000000013c4e                flash_area_close
 .text.flash_area_read
                0x0000000000013c50       0x2a zephyr/libzephyr.a(flash_map.c.obj)
                0x0000000000013c50                flash_area_read
 .text.flash_area_write
                0x0000000000013c7a       0x2a zephyr/libzephyr.a(flash_map.c.obj)
                0x0000000000013c7a                flash_area_write
 .text.flash_area_erase
                0x0000000000013ca4       0x30 zephyr/libzephyr.a(flash_map.c.obj)
                0x0000000000013ca4                flash_area_erase
 .text.flash_area_flatten
                0x0000000000013cd4       0x26 zephyr/libzephyr.a(flash_map.c.obj)
                0x0000000000013cd4                flash_area_flatten
 .text.flash_area_align
                0x0000000000013cfa        0xe zephyr/libzephyr.a(flash_map.c.obj)
                0x0000000000013cfa                flash_area_align
 .text.flash_area_get_device
                0x0000000000013d08        0x4 zephyr/libzephyr.a(flash_map.c.obj)
                0x0000000000013d08                flash_area_get_device
 .text.flash_area_erased_val
                0x0000000000013d0c        0xe zephyr/libzephyr.a(flash_map.c.obj)
                0x0000000000013d0c                flash_area_erased_val
 .text.find_flash_total_size
                0x0000000000013d1a       0x18 zephyr/libzephyr.a(stream_flash.c.obj)
 .text.flash_sync
                0x0000000000013d32       0x7e zephyr/libzephyr.a(stream_flash.c.obj)
 .text.stream_flash_buffered_write
                0x0000000000013db0       0x88 zephyr/libzephyr.a(stream_flash.c.obj)
                0x0000000000013db0                stream_flash_buffered_write
 .text.flash_img_buffered_write
                0x0000000000013e38       0x24 zephyr/libzephyr.a(flash_img.c.obj)
                0x0000000000013e38                flash_img_buffered_write
 .text.flash_img_init_id
                0x0000000000013e5c       0x42 zephyr/libzephyr.a(flash_img.c.obj)
                0x0000000000013e5c                flash_img_init_id
 .text.z_impl_flash_flatten
                0x0000000000013e9e       0x28 zephyr/libzephyr.a(flash_util.c.obj)
                0x0000000000013e9e                z_impl_flash_flatten
 .text.z_arm_fatal_error
                0x0000000000013ec6        0xc zephyr/arch/arch/arm/core/libarch__arm__core.a(fatal.c.obj)
                0x0000000000013ec6                z_arm_fatal_error
 .text.z_do_kernel_oops
                0x0000000000013ed2        0x8 zephyr/arch/arch/arm/core/libarch__arm__core.a(fatal.c.obj)
                0x0000000000013ed2                z_do_kernel_oops
 .text.z_arm_nmi
                0x0000000000013eda        0xe zephyr/arch/arch/arm/core/libarch__arm__core.a(nmi.c.obj)
                0x0000000000013eda                z_arm_nmi
 .text.z_irq_spurious
                0x0000000000013ee8        0x8 zephyr/arch/arch/arm/core/cortex_m/libarch__arm__core__cortex_m.a(irq_manage.c.obj)
                0x0000000000013ee8                z_irq_spurious
 .text.arch_irq_unlock_outlined
                0x0000000000013ef0        0xe zephyr/arch/arch/arm/core/cortex_m/libarch__arm__core__cortex_m.a(thread.c.obj)
                0x0000000000013ef0                arch_irq_unlock_outlined
 .text.arch_cpu_idle
                0x0000000000013efe       0x1a zephyr/arch/arch/arm/core/cortex_m/libarch__arm__core__cortex_m.a(cpu_idle.c.obj)
                0x0000000000013efe                arch_cpu_idle
 .text.arch_cpu_atomic_idle
                0x0000000000013f18       0x1e zephyr/arch/arch/arm/core/cortex_m/libarch__arm__core__cortex_m.a(cpu_idle.c.obj)
                0x0000000000013f18                arch_cpu_atomic_idle
 .text.size_to_mpu_rasr_size
                0x0000000000013f36       0x20 zephyr/arch/arch/arm/core/mpu/libarch__arm__core__mpu.a(arm_mpu.c.obj)
 .text.picolibc_put
                0x0000000000013f56        0xa zephyr/lib/libc/picolibc/liblib__libc__picolibc.a(libc-hooks.c.obj)
 .text.fixed_data_unref
                0x0000000000013f60        0x2 zephyr/lib/net_buf/liblib__net_buf.a(buf.c.obj)
 .text.net_buf_reset
                0x0000000000013f62        0xa zephyr/lib/net_buf/liblib__net_buf.a(buf.c.obj)
                0x0000000000013f62                net_buf_reset
 .text.net_buf_alloc_fixed
                0x0000000000013f6c        0x8 zephyr/lib/net_buf/liblib__net_buf.a(buf.c.obj)
                0x0000000000013f6c                net_buf_alloc_fixed
 .text.net_buf_simple_pull
                0x0000000000013f74       0x10 zephyr/lib/net_buf/liblib__net_buf.a(buf_simple.c.obj)
                0x0000000000013f74                net_buf_simple_pull
 .text.net_buf_simple_pull_be16
                0x0000000000013f84       0x14 zephyr/lib/net_buf/liblib__net_buf.a(buf_simple.c.obj)
                0x0000000000013f84                net_buf_simple_pull_be16
 .text.net_buf_simple_tailroom
                0x0000000000013f98       0x10 zephyr/lib/net_buf/liblib__net_buf.a(buf_simple.c.obj)
                0x0000000000013f98                net_buf_simple_tailroom
 .text.mgmt_get_handler
                0x0000000000013fa8       0x20 zephyr/subsys/mgmt/mcumgr/mgmt/libsubsys__mgmt__mcumgr__mgmt.a(mgmt.c.obj)
                0x0000000000013fa8                mgmt_get_handler
 .text.smp_make_rsp_hdr
                0x0000000000013fc8       0x3e zephyr/subsys/mgmt/mcumgr/smp/libsubsys__mgmt__mcumgr__smp.a(smp.c.obj)
 .text.cbor_nb_writer_init
                0x0000000000014006       0x34 zephyr/subsys/mgmt/mcumgr/smp/libsubsys__mgmt__mcumgr__smp.a(smp.c.obj)
 .text.zcbor_map_decode_bulk
                0x000000000001403a       0xae zephyr/subsys/mgmt/mcumgr/util/libsubsys__mgmt__mcumgr__util.a(zcbor_bulk.c.obj)
                0x000000000001403a                zcbor_map_decode_bulk
 .text.img_mgmt_flash_check_empty_inner
                0x00000000000140e8       0x62 zephyr/subsys/mgmt/mcumgr/grp/img_mgmt/libsubsys__mgmt__mcumgr__grp__img_mgmt.a(zephyr_img_mgmt.c.obj)
 .text.img_mgmt_flash_area_id
                0x000000000001414a       0x10 zephyr/subsys/mgmt/mcumgr/grp/img_mgmt/libsubsys__mgmt__mcumgr__grp__img_mgmt.a(zephyr_img_mgmt.c.obj)
                0x000000000001414a                img_mgmt_flash_area_id
 .text.img_mgmt_vercmp
                0x000000000001415a       0x2e zephyr/subsys/mgmt/mcumgr/grp/img_mgmt/libsubsys__mgmt__mcumgr__grp__img_mgmt.a(zephyr_img_mgmt.c.obj)
                0x000000000001415a                img_mgmt_vercmp
 .text.img_mgmt_erase_slot
                0x0000000000014188       0x4c zephyr/subsys/mgmt/mcumgr/grp/img_mgmt/libsubsys__mgmt__mcumgr__grp__img_mgmt.a(zephyr_img_mgmt.c.obj)
                0x0000000000014188                img_mgmt_erase_slot
 .text.img_mgmt_read
                0x00000000000141d4       0x42 zephyr/subsys/mgmt/mcumgr/grp/img_mgmt/libsubsys__mgmt__mcumgr__grp__img_mgmt.a(zephyr_img_mgmt.c.obj)
                0x00000000000141d4                img_mgmt_read
 .text.img_mgmt_erased_val
                0x0000000000014216       0x34 zephyr/subsys/mgmt/mcumgr/grp/img_mgmt/libsubsys__mgmt__mcumgr__grp__img_mgmt.a(zephyr_img_mgmt.c.obj)
                0x0000000000014216                img_mgmt_erased_val
 .text.img_mgmt_get_next_boot_slot
                0x000000000001424a       0x3e zephyr/subsys/mgmt/mcumgr/grp/img_mgmt/libsubsys__mgmt__mcumgr__grp__img_mgmt.a(img_mgmt_state.c.obj)
                0x000000000001424a                img_mgmt_get_next_boot_slot
 .text.img_mgmt_slot_in_use
                0x0000000000014288       0x44 zephyr/subsys/mgmt/mcumgr/grp/img_mgmt/libsubsys__mgmt__mcumgr__grp__img_mgmt.a(img_mgmt_state.c.obj)
                0x0000000000014288                img_mgmt_slot_in_use
 .text.img_mgmt_take_lock
                0x00000000000142cc        0x2 zephyr/subsys/mgmt/mcumgr/grp/img_mgmt/libsubsys__mgmt__mcumgr__grp__img_mgmt.a(img_mgmt.c.obj)
                0x00000000000142cc                img_mgmt_take_lock
 .text.img_mgmt_release_lock
                0x00000000000142ce        0x2 zephyr/subsys/mgmt/mcumgr/grp/img_mgmt/libsubsys__mgmt__mcumgr__grp__img_mgmt.a(img_mgmt.c.obj)
                0x00000000000142ce                img_mgmt_release_lock
 .text.img_mgmt_active_slot
                0x00000000000142d0        0x4 zephyr/subsys/mgmt/mcumgr/grp/img_mgmt/libsubsys__mgmt__mcumgr__grp__img_mgmt.a(img_mgmt.c.obj)
                0x00000000000142d0                img_mgmt_active_slot
 .text.img_mgmt_active_image
                0x00000000000142d4        0x4 zephyr/subsys/mgmt/mcumgr/grp/img_mgmt/libsubsys__mgmt__mcumgr__grp__img_mgmt.a(img_mgmt.c.obj)
                0x00000000000142d4                img_mgmt_active_image
 .text.img_mgmt_find_by_hash
                0x00000000000142d8       0x34 zephyr/subsys/mgmt/mcumgr/grp/img_mgmt/libsubsys__mgmt__mcumgr__grp__img_mgmt.a(img_mgmt.c.obj)
                0x00000000000142d8                img_mgmt_find_by_hash
 .text.img_mgmt_my_version
                0x000000000001430c        0xc zephyr/subsys/mgmt/mcumgr/grp/img_mgmt/libsubsys__mgmt__mcumgr__grp__img_mgmt.a(img_mgmt.c.obj)
                0x000000000001430c                img_mgmt_my_version
 .text.os_mgmt_translate_error_code
                0x0000000000014318       0x14 zephyr/subsys/mgmt/mcumgr/grp/os_mgmt/libsubsys__mgmt__mcumgr__grp__os_mgmt.a(os_mgmt.c.obj)
 .text.os_mgmt_reset_work_handler
                0x000000000001432c        0x8 zephyr/subsys/mgmt/mcumgr/grp/os_mgmt/libsubsys__mgmt__mcumgr__grp__os_mgmt.a(os_mgmt.c.obj)
 .text.smp_handle_reqs
                0x0000000000014334       0x2e zephyr/subsys/mgmt/mcumgr/transport/libsubsys__mgmt__mcumgr__transport.a(smp.c.obj)
 .text.smp_packet_free
                0x0000000000014362        0x4 zephyr/subsys/mgmt/mcumgr/transport/libsubsys__mgmt__mcumgr__transport.a(smp.c.obj)
                0x0000000000014362                smp_packet_free
 .text.smp_alloc_rsp
                0x0000000000014366       0x28 zephyr/subsys/mgmt/mcumgr/transport/libsubsys__mgmt__mcumgr__transport.a(smp.c.obj)
                0x0000000000014366                smp_alloc_rsp
 .text.smp_free_buf
                0x000000000001438e       0x1a zephyr/subsys/mgmt/mcumgr/transport/libsubsys__mgmt__mcumgr__transport.a(smp.c.obj)
                0x000000000001438e                smp_free_buf
 .text.smp_uart_get_mtu
                0x00000000000143a8        0x6 zephyr/subsys/mgmt/mcumgr/transport/libsubsys__mgmt__mcumgr__transport.a(smp_uart.c.obj)
 .text.smp_uart_tx_pkt
                0x00000000000143ae       0x18 zephyr/subsys/mgmt/mcumgr/transport/libsubsys__mgmt__mcumgr__transport.a(smp_uart.c.obj)
 .text.mcumgr_serial_free_rx_ctxt
                0x00000000000143c6       0x12 zephyr/subsys/mgmt/mcumgr/transport/libsubsys__mgmt__mcumgr__transport.a(serial_util.c.obj)
 .text.mcumgr_serial_tx_small
                0x00000000000143d8       0x1e zephyr/subsys/mgmt/mcumgr/transport/libsubsys__mgmt__mcumgr__transport.a(serial_util.c.obj)
 .text.mcumgr_serial_process_frag
                0x00000000000143f6       0xb8 zephyr/subsys/mgmt/mcumgr/transport/libsubsys__mgmt__mcumgr__transport.a(serial_util.c.obj)
                0x00000000000143f6                mcumgr_serial_process_frag
 .text.mcuboot_swap_type_multi
                0x00000000000144ae        0x4 zephyr/subsys/dfu/boot/libsubsys__dfu__boot.a(mcuboot.c.obj)
                0x00000000000144ae                mcuboot_swap_type_multi
 .text.boot_get_trailer_status_offset
                0x00000000000144b2        0x4 zephyr/subsys/dfu/boot/libsubsys__dfu__boot.a(mcuboot.c.obj)
                0x00000000000144b2                boot_get_trailer_status_offset
 .text.get_status
                0x00000000000144b6       0x12 zephyr/drivers/clock_control/libdrivers__clock_control.a(clock_control_nrf.c.obj)
 .text.stop     0x00000000000144c8       0x52 zephyr/drivers/clock_control/libdrivers__clock_control.a(clock_control_nrf.c.obj)
 .text.api_stop
                0x000000000001451a        0x6 zephyr/drivers/clock_control/libdrivers__clock_control.a(clock_control_nrf.c.obj)
 .text.async_start
                0x0000000000014520       0x5c zephyr/drivers/clock_control/libdrivers__clock_control.a(clock_control_nrf.c.obj)
 .text.api_start
                0x000000000001457c        0xe zephyr/drivers/clock_control/libdrivers__clock_control.a(clock_control_nrf.c.obj)
 .text.onoff_started_callback
                0x000000000001458a       0x12 zephyr/drivers/clock_control/libdrivers__clock_control.a(clock_control_nrf.c.obj)
 .text.lfclk_start
                0x000000000001459c        0x6 zephyr/drivers/clock_control/libdrivers__clock_control.a(clock_control_nrf.c.obj)
 .text.lfclk_stop
                0x00000000000145a2        0x6 zephyr/drivers/clock_control/libdrivers__clock_control.a(clock_control_nrf.c.obj)
 .text.blocking_start_callback
                0x00000000000145a8        0x6 zephyr/drivers/clock_control/libdrivers__clock_control.a(clock_control_nrf.c.obj)
 .text.spi_nor_pages_layout
                0x00000000000145ae        0xc zephyr/drivers/flash/libdrivers__flash.a(spi_nor.c.obj)
 .text.release_device.isra.0
                0x00000000000145ba        0x4 zephyr/drivers/flash/libdrivers__flash.a(spi_nor.c.obj)
 .text.acquire_device.isra.0
                0x00000000000145be        0xc zephyr/drivers/flash/libdrivers__flash.a(spi_nor.c.obj)
 .text.spi_nor_access
                0x00000000000145ca       0x8a zephyr/drivers/flash/libdrivers__flash.a(spi_nor.c.obj)
 .text.spi_nor_write_protection_set
                0x0000000000014654       0x3a zephyr/drivers/flash/libdrivers__flash.a(spi_nor.c.obj)
 .text.spi_nor_rdsr
                0x000000000001468e       0x22 zephyr/drivers/flash/libdrivers__flash.a(spi_nor.c.obj)
 .text.spi_nor_wait_until_ready
                0x00000000000146b0       0x3a zephyr/drivers/flash/libdrivers__flash.a(spi_nor.c.obj)
 .text.spi_nor_erase
                0x00000000000146ea      0x114 zephyr/drivers/flash/libdrivers__flash.a(spi_nor.c.obj)
 .text.spi_nor_write
                0x00000000000147fe       0xba zephyr/drivers/flash/libdrivers__flash.a(spi_nor.c.obj)
 .text.spi_nor_read
                0x00000000000148b8       0x3e zephyr/drivers/flash/libdrivers__flash.a(spi_nor.c.obj)
 .text.is_regular_addr_valid
                0x00000000000148f6       0x22 zephyr/drivers/flash/libdrivers__flash.a(soc_flash_nrf.c.obj)
 .text.flash_nrf_read
                0x0000000000014918       0x28 zephyr/drivers/flash/libdrivers__flash.a(soc_flash_nrf.c.obj)
 .text.flash_get_page_info
                0x0000000000014940       0x62 zephyr/drivers/flash/libdrivers__flash.a(flash_page_layout.c.obj)
 .text.z_impl_flash_get_page_info_by_offs
                0x00000000000149a2        0x8 zephyr/drivers/flash/libdrivers__flash.a(flash_page_layout.c.obj)
                0x00000000000149a2                z_impl_flash_get_page_info_by_offs
 .text.flash_page_foreach
                0x00000000000149aa       0x58 zephyr/drivers/flash/libdrivers__flash.a(flash_page_layout.c.obj)
                0x00000000000149aa                flash_page_foreach
 .text.jesd216_bfp_erase
                0x0000000000014a02       0x26 zephyr/drivers/flash/libdrivers__flash.a(jesd216.c.obj)
                0x0000000000014a02                jesd216_bfp_erase
 .text.gpio_nrfx_port_get_raw
                0x0000000000014a28        0xe zephyr/drivers/gpio/libdrivers__gpio.a(gpio_nrfx.c.obj)
 .text.gpio_nrfx_port_set_masked_raw
                0x0000000000014a36       0x18 zephyr/drivers/gpio/libdrivers__gpio.a(gpio_nrfx.c.obj)
 .text.gpio_nrfx_port_set_bits_raw
                0x0000000000014a4e        0xc zephyr/drivers/gpio/libdrivers__gpio.a(gpio_nrfx.c.obj)
 .text.gpio_nrfx_port_clear_bits_raw
                0x0000000000014a5a        0xc zephyr/drivers/gpio/libdrivers__gpio.a(gpio_nrfx.c.obj)
 .text.gpio_nrfx_port_toggle_bits
                0x0000000000014a66       0x1a zephyr/drivers/gpio/libdrivers__gpio.a(gpio_nrfx.c.obj)
 .text.gpio_nrfx_manage_callback
                0x0000000000014a80       0x52 zephyr/drivers/gpio/libdrivers__gpio.a(gpio_nrfx.c.obj)
 .text.pinctrl_lookup_state
                0x0000000000014ad2       0x26 zephyr/drivers/pinctrl/libdrivers__pinctrl.a(common.c.obj)
                0x0000000000014ad2                pinctrl_lookup_state
 .text.uarte_nrfx_err_check
                0x0000000000014af8        0xe zephyr/drivers/serial/libdrivers__serial.a(uart_nrfx_uarte.c.obj)
 .text.uarte_nrfx_poll_in
                0x0000000000014b06       0x26 zephyr/drivers/serial/libdrivers__serial.a(uart_nrfx_uarte.c.obj)
 .text.uarte_nrfx_fifo_read
                0x0000000000014b2c       0x28 zephyr/drivers/serial/libdrivers__serial.a(uart_nrfx_uarte.c.obj)
 .text.uarte_nrfx_irq_tx_enable
                0x0000000000014b54       0x34 zephyr/drivers/serial/libdrivers__serial.a(uart_nrfx_uarte.c.obj)
 .text.uarte_nrfx_irq_tx_disable
                0x0000000000014b88       0x10 zephyr/drivers/serial/libdrivers__serial.a(uart_nrfx_uarte.c.obj)
 .text.uarte_nrfx_irq_tx_ready_complete
                0x0000000000014b98       0x1e zephyr/drivers/serial/libdrivers__serial.a(uart_nrfx_uarte.c.obj)
 .text.uarte_nrfx_irq_rx_ready
                0x0000000000014bb6       0x10 zephyr/drivers/serial/libdrivers__serial.a(uart_nrfx_uarte.c.obj)
 .text.uarte_nrfx_irq_rx_enable
                0x0000000000014bc6        0xc zephyr/drivers/serial/libdrivers__serial.a(uart_nrfx_uarte.c.obj)
 .text.uarte_nrfx_irq_rx_disable
                0x0000000000014bd2        0xc zephyr/drivers/serial/libdrivers__serial.a(uart_nrfx_uarte.c.obj)
 .text.uarte_nrfx_irq_err_enable
                0x0000000000014bde        0xe zephyr/drivers/serial/libdrivers__serial.a(uart_nrfx_uarte.c.obj)
 .text.uarte_nrfx_irq_err_disable
                0x0000000000014bec        0xe zephyr/drivers/serial/libdrivers__serial.a(uart_nrfx_uarte.c.obj)
 .text.uarte_nrfx_irq_is_pending
                0x0000000000014bfa       0x36 zephyr/drivers/serial/libdrivers__serial.a(uart_nrfx_uarte.c.obj)
 .text.uarte_nrfx_irq_update
                0x0000000000014c30        0x4 zephyr/drivers/serial/libdrivers__serial.a(uart_nrfx_uarte.c.obj)
 .text.uarte_nrfx_irq_callback_set
                0x0000000000014c34        0xc zephyr/drivers/serial/libdrivers__serial.a(uart_nrfx_uarte.c.obj)
 .text.is_tx_ready.isra.0
                0x0000000000014c40       0x20 zephyr/drivers/serial/libdrivers__serial.a(uart_nrfx_uarte.c.obj)
 .text.uarte_nrfx_isr_int
                0x0000000000014c60       0x82 zephyr/drivers/serial/libdrivers__serial.a(uart_nrfx_uarte.c.obj)
 .text.uarte_nrfx_fifo_fill
                0x0000000000014ce2       0x92 zephyr/drivers/serial/libdrivers__serial.a(uart_nrfx_uarte.c.obj)
 .text.irq_connect1
                0x0000000000014d74        0xa zephyr/drivers/spi/libdrivers__spi.a(spi_nrfx_spi.c.obj)
 .text.spi_context_get_next_buf.constprop.0
                0x0000000000014d7e       0x26 zephyr/drivers/spi/libdrivers__spi.a(spi_nrfx_spi.c.obj)
 .text.gpio_pin_set_dt.isra.0
                0x0000000000014da4       0x28 zephyr/drivers/spi/libdrivers__spi.a(spi_nrfx_spi.c.obj)
 .text.spi_context_unlock_unconditionally
                0x0000000000014dcc       0x30 zephyr/drivers/spi/libdrivers__spi.a(spi_nrfx_spi.c.obj)
 .text.spi_nrfx_release
                0x0000000000014dfc       0x24 zephyr/drivers/spi/libdrivers__spi.a(spi_nrfx_spi.c.obj)
 .text.spi_nrfx_init
                0x0000000000014e20       0xc6 zephyr/drivers/spi/libdrivers__spi.a(spi_nrfx_spi.c.obj)
 .text.event_handler
                0x0000000000014ee6       0x9c zephyr/drivers/spi/libdrivers__spi.a(spi_nrfx_spi.c.obj)
 .text.spi_nrfx_wake_request
                0x0000000000014f82       0x50 zephyr/drivers/spi/libdrivers__spi.a(spi_nrfx_common.c.obj)
                0x0000000000014f82                spi_nrfx_wake_request
 .text.irq_connect3
                0x0000000000014fd2        0xa zephyr/drivers/spi/libdrivers__spi.a(spi_nrfx_spim.c.obj)
 .text.spi_context_get_next_buf.constprop.0
                0x0000000000014fdc       0x26 zephyr/drivers/spi/libdrivers__spi.a(spi_nrfx_spim.c.obj)
 .text.pinctrl_apply_state
                0x0000000000015002       0x1e zephyr/drivers/spi/libdrivers__spi.a(spi_nrfx_spim.c.obj)
 .text.gpio_pin_set_dt.isra.0
                0x0000000000015020       0x28 zephyr/drivers/spi/libdrivers__spi.a(spi_nrfx_spim.c.obj)
 .text._spi_context_cs_control
                0x0000000000015048       0x40 zephyr/drivers/spi/libdrivers__spi.a(spi_nrfx_spim.c.obj)
 .text.spi_context_unlock_unconditionally
                0x0000000000015088       0x20 zephyr/drivers/spi/libdrivers__spi.a(spi_nrfx_spim.c.obj)
 .text.spi_nrfx_release
                0x00000000000150a8       0x24 zephyr/drivers/spi/libdrivers__spi.a(spi_nrfx_spim.c.obj)
 .text.spi_nrfx_init
                0x00000000000150cc       0xbe zephyr/drivers/spi/libdrivers__spi.a(spi_nrfx_spim.c.obj)
 .text.finish_transaction
                0x000000000001518a       0x22 zephyr/drivers/spi/libdrivers__spi.a(spi_nrfx_spim.c.obj)
 .text.event_handler
                0x00000000000151ac       0xb2 zephyr/drivers/spi/libdrivers__spi.a(spi_nrfx_spim.c.obj)
 .text.event_clear
                0x000000000001525e       0x18 zephyr/drivers/timer/libdrivers__timer.a(nrf_rtc_timer.c.obj)
 .text.sys_clock_cycle_get_32
                0x0000000000015276        0x8 zephyr/drivers/timer/libdrivers__timer.a(nrf_rtc_timer.c.obj)
                0x0000000000015276                sys_clock_cycle_get_32
 .text.boot_swap_info_off
                0x000000000001527e        0xc modules/mcuboot/boot/bootutil/zephyr/libmcuboot_util.a(bootutil_public.c.obj)
                0x000000000001527e                boot_swap_info_off
 .text.boot_magic_compatible_check
                0x000000000001528a       0x1c modules/mcuboot/boot/bootutil/zephyr/libmcuboot_util.a(bootutil_public.c.obj)
                0x000000000001528a                boot_magic_compatible_check
 .text.bootutil_buffer_is_erased
                0x00000000000152a6       0x26 modules/mcuboot/boot/bootutil/zephyr/libmcuboot_util.a(bootutil_public.c.obj)
                0x00000000000152a6                bootutil_buffer_is_erased
 .text.boot_read_flag
                0x00000000000152cc       0x38 modules/mcuboot/boot/bootutil/zephyr/libmcuboot_util.a(bootutil_public.c.obj)
 .text.boot_write_trailer
                0x0000000000015304       0x58 modules/mcuboot/boot/bootutil/zephyr/libmcuboot_util.a(bootutil_public.c.obj)
                0x0000000000015304                boot_write_trailer
 .text.boot_write_trailer_flag
                0x000000000001535c       0x14 modules/mcuboot/boot/bootutil/zephyr/libmcuboot_util.a(bootutil_public.c.obj)
                0x000000000001535c                boot_write_trailer_flag
 .text.boot_write_image_ok
                0x0000000000015370        0xe modules/mcuboot/boot/bootutil/zephyr/libmcuboot_util.a(bootutil_public.c.obj)
                0x0000000000015370                boot_write_image_ok
 .text.boot_read_image_ok
                0x000000000001537e        0xc modules/mcuboot/boot/bootutil/zephyr/libmcuboot_util.a(bootutil_public.c.obj)
                0x000000000001537e                boot_read_image_ok
 .text.boot_read_swap_state_by_id
                0x000000000001538a       0x28 modules/mcuboot/boot/bootutil/zephyr/libmcuboot_util.a(bootutil_public.c.obj)
                0x000000000001538a                boot_read_swap_state_by_id
 .text.boot_write_swap_info
                0x00000000000153b2       0x22 modules/mcuboot/boot/bootutil/zephyr/libmcuboot_util.a(bootutil_public.c.obj)
                0x00000000000153b2                boot_write_swap_info
 .text.boot_set_next
                0x00000000000153d4       0x76 modules/mcuboot/boot/bootutil/zephyr/libmcuboot_util.a(bootutil_public.c.obj)
                0x00000000000153d4                boot_set_next
 .text.nrfx_isr
                0x000000000001544a        0x2 modules/hal_nordic/nrfx/libmodules__hal_nordic__nrfx.a(nrfx_glue.c.obj)
                0x000000000001544a                nrfx_isr
 .text.nrfx_busy_wait
                0x000000000001544c        0x4 modules/hal_nordic/nrfx/libmodules__hal_nordic__nrfx.a(nrfx_glue.c.obj)
                0x000000000001544c                nrfx_busy_wait
 .text.nrfx_gppi_channel_endpoints_setup
                0x0000000000015450       0x14 modules/hal_nordic/nrfx/libmodules__hal_nordic__nrfx.a(nrfx_gppi_ppi.c.obj)
                0x0000000000015450                nrfx_gppi_channel_endpoints_setup
 .text.nrfx_gppi_channel_alloc
                0x0000000000015464        0x4 modules/hal_nordic/nrfx/libmodules__hal_nordic__nrfx.a(nrfx_gppi_ppi.c.obj)
                0x0000000000015464                nrfx_gppi_channel_alloc
 .text.clock_stop
                0x0000000000015468       0xb4 modules/hal_nordic/nrfx/libmodules__hal_nordic__nrfx.a(nrfx_clock.c.obj)
 .text.nrfx_clock_stop
                0x000000000001551c        0x4 modules/hal_nordic/nrfx/libmodules__hal_nordic__nrfx.a(nrfx_clock.c.obj)
                0x000000000001551c                nrfx_clock_stop
 .text.nrf_gpio_reconfigure
                0x0000000000015520       0x92 modules/hal_nordic/nrfx/libmodules__hal_nordic__nrfx.a(nrfx_gpiote.c.obj)
 .text.nrf_gpio_cfg_sense_set
                0x00000000000155b2       0x1e modules/hal_nordic/nrfx/libmodules__hal_nordic__nrfx.a(nrfx_gpiote.c.obj)
 .text.pin_in_event_get.isra.0
                0x00000000000155d0       0x22 modules/hal_nordic/nrfx/libmodules__hal_nordic__nrfx.a(nrfx_gpiote.c.obj)
 .text.pin_trigger_disable
                0x00000000000155f2       0x48 modules/hal_nordic/nrfx/libmodules__hal_nordic__nrfx.a(nrfx_gpiote.c.obj)
 .text.nrfx_gpiote_pin_uninit
                0x000000000001563a        0x4 modules/hal_nordic/nrfx/libmodules__hal_nordic__nrfx.a(nrfx_gpiote.c.obj)
                0x000000000001563a                nrfx_gpiote_pin_uninit
 .text.nrfx_gpiote_trigger_disable
                0x000000000001563e        0x4 modules/hal_nordic/nrfx/libmodules__hal_nordic__nrfx.a(nrfx_gpiote.c.obj)
                0x000000000001563e                nrfx_gpiote_trigger_disable
 .text.nrfx_gpiote_in_event_get
                0x0000000000015642        0x6 modules/hal_nordic/nrfx/libmodules__hal_nordic__nrfx.a(nrfx_gpiote.c.obj)
                0x0000000000015642                nrfx_gpiote_in_event_get
 .text.nrfx_nvmc_flash_size_get
                0x0000000000015648        0xc modules/hal_nordic/nrfx/libmodules__hal_nordic__nrfx.a(nrfx_nvmc.c.obj)
                0x0000000000015648                nrfx_nvmc_flash_size_get
 .text.nrfx_nvmc_flash_page_size_get
                0x0000000000015654        0x8 modules/hal_nordic/nrfx/libmodules__hal_nordic__nrfx.a(nrfx_nvmc.c.obj)
                0x0000000000015654                nrfx_nvmc_flash_page_size_get
 .text.nrfx_nvmc_flash_page_count_get
                0x000000000001565c        0x8 modules/hal_nordic/nrfx/libmodules__hal_nordic__nrfx.a(nrfx_nvmc.c.obj)
                0x000000000001565c                nrfx_nvmc_flash_page_count_get
 .text.nrf_gpio_pin_set
                0x0000000000015664       0x1a modules/hal_nordic/nrfx/libmodules__hal_nordic__nrfx.a(nrfx_spi.c.obj)
 .text.nrf_gpio_pin_clear
                0x000000000001567e       0x1a modules/hal_nordic/nrfx/libmodules__hal_nordic__nrfx.a(nrfx_spi.c.obj)
 .text.transfer_byte
                0x0000000000015698       0x66 modules/hal_nordic/nrfx/libmodules__hal_nordic__nrfx.a(nrfx_spi.c.obj)
 .text.__nrfy_internal_spim_event_handle
                0x00000000000156fe       0x2a modules/hal_nordic/nrfx/libmodules__hal_nordic__nrfx.a(nrfx_spim.c.obj)
 .text.__nrfy_internal_spim_events_process
                0x0000000000015728       0x7c modules/hal_nordic/nrfx/libmodules__hal_nordic__nrfx.a(nrfx_spim.c.obj)
 .text.nrf_gpio_pin_set
                0x00000000000157a4       0x1a modules/hal_nordic/nrfx/libmodules__hal_nordic__nrfx.a(nrfx_spim.c.obj)
 .text.nrf_gpio_pin_clear
                0x00000000000157be       0x1a modules/hal_nordic/nrfx/libmodules__hal_nordic__nrfx.a(nrfx_spim.c.obj)
 .text.spim_abort
                0x00000000000157d8       0x2c modules/hal_nordic/nrfx/libmodules__hal_nordic__nrfx.a(nrfx_spim.c.obj)
 .text.SEGGER_RTT_Init
                0x0000000000015804        0x4 modules/segger/libmodules__segger.a(SEGGER_RTT.c.obj)
                0x0000000000015804                SEGGER_RTT_Init
 .text.rtt_init
                0x0000000000015808        0xa modules/segger/libmodules__segger.a(SEGGER_RTT_zephyr.c.obj)
 .text.zcbor_new_backup
                0x0000000000015812       0x44 modules/zcbor/libmodules__zcbor.a(zcbor_common.c.obj)
                0x0000000000015812                zcbor_new_backup
 .text.zcbor_process_backup
                0x0000000000015856       0x94 modules/zcbor/libmodules__zcbor.a(zcbor_common.c.obj)
                0x0000000000015856                zcbor_process_backup
 .text.zcbor_new_state
                0x00000000000158ea       0x4c modules/zcbor/libmodules__zcbor.a(zcbor_common.c.obj)
                0x00000000000158ea                zcbor_new_state
 .text.zcbor_header_len
                0x0000000000015936       0x32 modules/zcbor/libmodules__zcbor.a(zcbor_common.c.obj)
                0x0000000000015936                zcbor_header_len
 .text.zcbor_header_len_ptr
                0x0000000000015968       0x30 modules/zcbor/libmodules__zcbor.a(zcbor_common.c.obj)
                0x0000000000015968                zcbor_header_len_ptr
 .text.strnlen  0x0000000000015998       0x14 modules/zcbor/libmodules__zcbor.a(zcbor_common.c.obj)
                0x0000000000015998                strnlen
 .text.zcbor_error.isra.0
                0x00000000000159ac        0x6 modules/zcbor/libmodules__zcbor.a(zcbor_decode.c.obj)
 .text.err_restore
                0x00000000000159b2       0x10 modules/zcbor/libmodules__zcbor.a(zcbor_decode.c.obj)
 .text.initial_checks
                0x00000000000159c2       0x1a modules/zcbor/libmodules__zcbor.a(zcbor_decode.c.obj)
 .text.type_check
                0x00000000000159dc       0x22 modules/zcbor/libmodules__zcbor.a(zcbor_decode.c.obj)
 .text.array_end_expect
                0x00000000000159fe       0x24 modules/zcbor/libmodules__zcbor.a(zcbor_decode.c.obj)
 .text.list_map_end_decode
                0x0000000000015a22       0x24 modules/zcbor/libmodules__zcbor.a(zcbor_decode.c.obj)
 .text.value_extract
                0x0000000000015a46       0xda modules/zcbor/libmodules__zcbor.a(zcbor_decode.c.obj)
 .text.str_start_decode
                0x0000000000015b20       0x28 modules/zcbor/libmodules__zcbor.a(zcbor_decode.c.obj)
 .text.list_map_start_decode
                0x0000000000015b48       0x4c modules/zcbor/libmodules__zcbor.a(zcbor_decode.c.obj)
 .text.str_start_decode_with_overflow_check
                0x0000000000015b94       0x24 modules/zcbor/libmodules__zcbor.a(zcbor_decode.c.obj)
 .text.str_decode
                0x0000000000015bb8       0x16 modules/zcbor/libmodules__zcbor.a(zcbor_decode.c.obj)
 .text.zcbor_uint_decode
                0x0000000000015bce       0x22 modules/zcbor/libmodules__zcbor.a(zcbor_decode.c.obj)
                0x0000000000015bce                zcbor_uint_decode
 .text.zcbor_uint32_decode
                0x0000000000015bf0        0x6 modules/zcbor/libmodules__zcbor.a(zcbor_decode.c.obj)
                0x0000000000015bf0                zcbor_uint32_decode
 .text.zcbor_size_decode
                0x0000000000015bf6        0x4 modules/zcbor/libmodules__zcbor.a(zcbor_decode.c.obj)
                0x0000000000015bf6                zcbor_size_decode
 .text.zcbor_bstr_decode
                0x0000000000015bfa        0x6 modules/zcbor/libmodules__zcbor.a(zcbor_decode.c.obj)
                0x0000000000015bfa                zcbor_bstr_decode
 .text.zcbor_tstr_decode
                0x0000000000015c00        0x6 modules/zcbor/libmodules__zcbor.a(zcbor_decode.c.obj)
                0x0000000000015c00                zcbor_tstr_decode
 .text.zcbor_map_start_decode
                0x0000000000015c06       0x2c modules/zcbor/libmodules__zcbor.a(zcbor_decode.c.obj)
                0x0000000000015c06                zcbor_map_start_decode
 .text.zcbor_array_at_end
                0x0000000000015c32       0x26 modules/zcbor/libmodules__zcbor.a(zcbor_decode.c.obj)
                0x0000000000015c32                zcbor_array_at_end
 .text.zcbor_map_end_decode
                0x0000000000015c58        0x4 modules/zcbor/libmodules__zcbor.a(zcbor_decode.c.obj)
                0x0000000000015c58                zcbor_map_end_decode
 .text.zcbor_simple_decode
                0x0000000000015c5c       0x4a modules/zcbor/libmodules__zcbor.a(zcbor_decode.c.obj)
                0x0000000000015c5c                zcbor_simple_decode
 .text.zcbor_bool_decode
                0x0000000000015ca6       0x36 modules/zcbor/libmodules__zcbor.a(zcbor_decode.c.obj)
                0x0000000000015ca6                zcbor_bool_decode
 .text.zcbor_tag_decode
                0x0000000000015cdc       0x2a modules/zcbor/libmodules__zcbor.a(zcbor_decode.c.obj)
                0x0000000000015cdc                zcbor_tag_decode
 .text.zcbor_any_skip
                0x0000000000015d06      0x118 modules/zcbor/libmodules__zcbor.a(zcbor_decode.c.obj)
                0x0000000000015d06                zcbor_any_skip
 .text.zcbor_new_decode_state
                0x0000000000015e1e        0x4 modules/zcbor/libmodules__zcbor.a(zcbor_decode.c.obj)
                0x0000000000015e1e                zcbor_new_decode_state
 .text.zcbor_error.isra.0
                0x0000000000015e22        0x6 modules/zcbor/libmodules__zcbor.a(zcbor_encode.c.obj)
 .text.encode_header_byte
                0x0000000000015e28       0x2a modules/zcbor/libmodules__zcbor.a(zcbor_encode.c.obj)
 .text.value_encode
                0x0000000000015e52       0x20 modules/zcbor/libmodules__zcbor.a(zcbor_encode.c.obj)
 .text.str_encode
                0x0000000000015e72       0x6e modules/zcbor/libmodules__zcbor.a(zcbor_encode.c.obj)
 .text.zcbor_int_encode
                0x0000000000015ee0       0x46 modules/zcbor/libmodules__zcbor.a(zcbor_encode.c.obj)
                0x0000000000015ee0                zcbor_int_encode
 .text.zcbor_uint_encode
                0x0000000000015f26        0xa modules/zcbor/libmodules__zcbor.a(zcbor_encode.c.obj)
                0x0000000000015f26                zcbor_uint_encode
 .text.zcbor_int32_put
                0x0000000000015f30       0x14 modules/zcbor/libmodules__zcbor.a(zcbor_encode.c.obj)
                0x0000000000015f30                zcbor_int32_put
 .text.zcbor_uint32_put
                0x0000000000015f44       0x14 modules/zcbor/libmodules__zcbor.a(zcbor_encode.c.obj)
                0x0000000000015f44                zcbor_uint32_put
 .text.zcbor_size_put
                0x0000000000015f58        0x4 modules/zcbor/libmodules__zcbor.a(zcbor_encode.c.obj)
                0x0000000000015f58                zcbor_size_put
 .text.zcbor_bstr_encode
                0x0000000000015f5c        0x6 modules/zcbor/libmodules__zcbor.a(zcbor_encode.c.obj)
                0x0000000000015f5c                zcbor_bstr_encode
 .text.zcbor_tstr_encode
                0x0000000000015f62        0x6 modules/zcbor/libmodules__zcbor.a(zcbor_encode.c.obj)
                0x0000000000015f62                zcbor_tstr_encode
 .text.zcbor_tstr_encode_ptr
                0x0000000000015f68       0x12 modules/zcbor/libmodules__zcbor.a(zcbor_encode.c.obj)
                0x0000000000015f68                zcbor_tstr_encode_ptr
 .text.zcbor_tstr_put_term
                0x0000000000015f7a       0x1c modules/zcbor/libmodules__zcbor.a(zcbor_encode.c.obj)
                0x0000000000015f7a                zcbor_tstr_put_term
 .text.zcbor_list_start_encode
                0x0000000000015f96        0x8 modules/zcbor/libmodules__zcbor.a(zcbor_encode.c.obj)
                0x0000000000015f96                zcbor_list_start_encode
 .text.zcbor_map_start_encode
                0x0000000000015f9e        0x8 modules/zcbor/libmodules__zcbor.a(zcbor_encode.c.obj)
                0x0000000000015f9e                zcbor_map_start_encode
 .text.zcbor_list_end_encode
                0x0000000000015fa6        0x8 modules/zcbor/libmodules__zcbor.a(zcbor_encode.c.obj)
                0x0000000000015fa6                zcbor_list_end_encode
 .text.zcbor_map_end_encode
                0x0000000000015fae        0x4 modules/zcbor/libmodules__zcbor.a(zcbor_encode.c.obj)
                0x0000000000015fae                zcbor_map_end_encode
 .text.zcbor_simple_encode
                0x0000000000015fb2       0x24 modules/zcbor/libmodules__zcbor.a(zcbor_encode.c.obj)
                0x0000000000015fb2                zcbor_simple_encode
 .text.zcbor_bool_put
                0x0000000000015fd6       0x16 modules/zcbor/libmodules__zcbor.a(zcbor_encode.c.obj)
                0x0000000000015fd6                zcbor_bool_put
 .text.zcbor_new_encode_state
                0x0000000000015fec       0x14 modules/zcbor/libmodules__zcbor.a(zcbor_encode.c.obj)
                0x0000000000015fec                zcbor_new_encode_state
 .text.z_impl_k_busy_wait
                0x0000000000016000        0x8 zephyr/kernel/libkernel.a(busy_wait.c.obj)
                0x0000000000016000                z_impl_k_busy_wait
 .text.z_device_state_init
                0x0000000000016008        0x2 zephyr/kernel/libkernel.a(device.c.obj)
                0x0000000000016008                z_device_state_init
 .text.z_impl_device_is_ready
                0x000000000001600a       0x16 zephyr/kernel/libkernel.a(device.c.obj)
                0x000000000001600a                z_impl_device_is_ready
 .text.arch_system_halt
                0x0000000000016020       0x10 zephyr/kernel/libkernel.a(fatal.c.obj)
                0x0000000000016020                arch_system_halt
 .text.k_sys_fatal_error_handler
                0x0000000000016030        0x6 zephyr/kernel/libkernel.a(fatal.c.obj)
                0x0000000000016030                k_sys_fatal_error_handler
 .text.do_device_init
                0x0000000000016036       0x30 zephyr/kernel/libkernel.a(init.c.obj)
 .text.z_early_memset
                0x0000000000016066        0x4 zephyr/kernel/libkernel.a(init.c.obj)
                0x0000000000016066                z_early_memset
 .text.z_early_memcpy
                0x000000000001606a        0x4 zephyr/kernel/libkernel.a(init.c.obj)
                0x000000000001606a                z_early_memcpy
 .text.z_init_static
                0x000000000001606e        0x2 zephyr/kernel/libkernel.a(init_static.c.obj)
                0x000000000001606e                z_init_static
 .text.k_heap_init
                0x0000000000016070       0x10 zephyr/kernel/libkernel.a(kheap.c.obj)
                0x0000000000016070                k_heap_init
 .text.k_heap_aligned_alloc
                0x0000000000016080       0x82 zephyr/kernel/libkernel.a(kheap.c.obj)
                0x0000000000016080                k_heap_aligned_alloc
 .text.k_heap_free
                0x0000000000016102       0x38 zephyr/kernel/libkernel.a(kheap.c.obj)
                0x0000000000016102                k_heap_free
 .text.create_free_list
                0x000000000001613a       0x34 zephyr/kernel/libkernel.a(mem_slab.c.obj)
 .text.k_mem_slab_free
                0x000000000001616e       0x4a zephyr/kernel/libkernel.a(mem_slab.c.obj)
                0x000000000001616e                k_mem_slab_free
 .text.idle     0x00000000000161b8       0x16 zephyr/kernel/libkernel.a(idle.c.obj)
                0x00000000000161b8                idle
 .text.queue_insert
                0x00000000000161ce       0xc2 zephyr/kernel/libkernel.a(queue.c.obj)